<html>
<body>
<pre>
<h1>礦ision Build Log</h1>
<h2>Tool Versions:</h2>
IDE-Version: μVision V5.16a
Copyright (C) 2015 ARM Ltd and ARM Germany GmbH. All rights reserved.
License Information: x j, BMI, LIC=2TTCX-H6H31-EY6VT-RXUYM-B8KH5-G7FTD
 
Tool Versions:
Toolchain:       MDK-ARM Professional  Version: 5.16a
Toolchain Path:  D:\Keil_v5\ARM\ARMCC\Bin
C Compiler:      Armcc.exe V5.06 (build 20)
Assembler:       Armasm.exe V5.06 (build 20)
Linker/Locator:  ArmLink.exe V5.06 (build 20)
Library Manager: ArmAr.exe V5.06 (build 20)
Hex Converter:   FromElf.exe V5.06 (build 20)
CPU DLL:         SARMCM3.DLL V5.16a
Dialog DLL:      DARMCM1.DLL V1.12.0.0
Target DLL:      Segger\JL2CM3.dll V2.99.15.2
Dialog DLL:      TARMCM1.DLL V1.9.0.0
 
<h2>Project:</h2>
D:\BMI-XJ\资料\WT-智能穿戴学习开发套件\DA14580_581_SDK_3.0.8.0原版\DA14580_581_SDK_3.0.8.0\dk_apps\keil_projects\template\template\template.uvproj
Project File Date:  12/10/2015

<h2>Output:</h2>
*** Using Compiler 'V5.06 (build 20)', folder: 'D:\Keil_v5\ARM\ARMCC\Bin'
Rebuild target 'template'
assembling boot_vectors.s...
compiling system_ARMCM0.c...
compiling hardfault_handler.c...
compiling arch_sleep.c...
compiling arch_main.c...
..\..\..\src\plf\refip\src\arch\main\ble\arch_main.c(116): warning:  #1215-D: #warning directive: "==============================================================> DEVELOPMENT_DEBUG is set!"
      #warning "==============================================================> DEVELOPMENT_DEBUG is set!"
..\..\..\src\plf\refip\src\arch\main\ble\arch_main.c: 1 warning, 0 errors
compiling nmi_handler.c...
compiling jump_table.c...
compiling periph_setup.c...
compiling syscntl.c...
compiling arch_patch.c...
compiling arch_system.c...
compiling gpio.c...
..\..\..\src\plf\refip\src\driver\gpio\gpio.c(59): warning:  #1215-D: #warning directive: "GPIO assignment checking is active! Deactivate before burning OTP..."
          #warning "GPIO assignment checking is active! Deactivate before burning OTP..."
..\..\..\src\plf\refip\src\driver\gpio\gpio.c: 1 warning, 0 errors
compiling uart2.c...
compiling rf_580.c...
compiling adc.c...
compiling trng.c...
compiling nvds.c...
compiling gapm.c...
compiling accel.c...
compiling rwip.c...
compiling rwble.c...
compiling accel_task.c...
compiling basc.c...
compiling basc_task.c...
compiling bass.c...
compiling bass_task.c...
compiling blpc.c...
compiling blpc_task.c...
compiling blps.c...
compiling blps_task.c...
compiling disc.c...
compiling disc_task.c...
compiling diss.c...
compiling diss_task.c...
compiling findt.c...
compiling hogpbh.c...
compiling hogpbh_task.c...
compiling findt_task.c...
compiling hogpd.c...
compiling hogpd_task.c...
compiling hogprh.c...
compiling hogprh_task.c...
compiling hrpc.c...
compiling hrpc_task.c...
compiling htpc.c...
compiling hrps.c...
compiling hrps_task.c...
compiling htpt_task.c...
compiling htpc_task.c...
compiling htpt.c...
compiling proxm.c...
compiling proxm_task.c...
compiling proxr.c...
compiling proxr_task.c...
compiling scppc.c...
compiling scppc_task.c...
compiling scpps.c...
compiling scpps_task.c...
compiling prf_utils.c...
compiling anps.c...
compiling anpc_task.c...
compiling anpc.c...
compiling anps_task.c...
compiling cscpc.c...
compiling cscpc_task.c...
compiling glpc.c...
compiling cscps_task.c...
compiling cscps.c...
compiling glps_task.c...
compiling glps.c...
compiling glpc_task.c...
compiling paspc.c...
compiling pasps.c...
compiling paspc_task.c...
compiling pasps_task.c...
compiling rscpc_task.c...
compiling rscpc.c...
compiling rscps.c...
compiling rscps_task.c...
compiling tipc.c...
compiling tips.c...
compiling tipc_task.c...
compiling tips_task.c...
compiling findl.c...
compiling findl_task.c...
compiling cppc.c...
compiling cppc_task.c...
compiling cpps.c...
compiling cpps_task.c...
compiling lanc.c...
compiling lanc_task.c...
compiling lans.c...
compiling lans_task.c...
compiling app_sec.c...
compiling app.c...
compiling app_sec_task.c...
compiling app_task.c...
compiling app_console.c...
compiling app_template_proj.c...
linking...
Program Size: Code=12178 RO-data=1518 RW-data=4 ZI-data=7144  
FromELF: creating hex file...
".\out\template.axf" - 0 Error(s), 2 Warning(s).
Build Time Elapsed:  00:00:16
</pre>
</body>
</html>
