Component: ARM Compiler 5.06 (build 20) Tool: armlink [4d35a3]

==============================================================================

Section Cross References

    boot_vectors.o(RESET) refers to boot_vectors.o(STACK) for __initial_sp
    boot_vectors.o(RESET) refers to boot_vectors.o(.text) for Reset_Handler
    boot_vectors.o(RESET) refers to rwble.o(.text) for BLE_WAKEUP_LP_Handler
    boot_vectors.o(RESET) refers to uart2.o(.text) for UART2_Handler
    boot_vectors.o(RESET) refers to gpio.o(.text) for GPIO0_Handler
    boot_vectors.o(.text) refers to system_armcm0.o(.text) for SystemInit
    boot_vectors.o(.text) refers to entry.o(.ARM.Collect$$$$00000000) for __main
    boot_vectors.o(.text) refers to nmi_handler.o(.text) for NMI_HandlerC
    boot_vectors.o(.text) refers to hardfault_handler.o(.text) for HardFault_HandlerC
    boot_vectors.o(.text) refers to arch_patch.o(.text) for SVC_Handler_c
    arch_main.o(.text) refers to arch_system.o(.text) for set_sleep_delay
    arch_main.o(.text) refers to gpio.o(.text) for GPIO_init
    arch_main.o(.text) refers to periph_setup.o(.text) for periph_init
    arch_main.o(.text) refers to nvds.o(.text) for nvds_read_bdaddr_from_otp
    arch_main.o(.text) refers to rf_580.o(.text) for iq_trim_from_otp
    arch_main.o(.text) refers to llc.obj(.text) for patch_llc_task
    arch_main.o(.text) refers to arch_sleep.o(.text) for app_set_extended_sleep
    arch_main.o(.text) refers to app.o(.text) for app_init
    arch_main.o(.text) refers to rwip.o(.text) for rwip_sleep
    arch_main.o(.text) refers to arch_main.o(retention_mem_area0) for retention_mem_area0
    arch_main.o(.text) refers to arch_main.o(BLE_exchange_memory) for BLE_exchange_memory
    arch_main.o(.text) refers to jump_table.o(jump_table_mem_area) for jump_table_base
    arch_main.o(.text) refers to rwble.o(retention_mem_area0) for fine_hit
    jump_table.o(jump_table_mem_area) refers to arch_main.o(.text) for main_func
    jump_table.o(jump_table_mem_area) refers to rf_580.o(.text) for rf_init_func
    jump_table.o(jump_table_mem_area) refers to jump_table.o(.text) for dummyf
    jump_table.o(jump_table_mem_area) refers to arch_system.o(.text) for uart_flow_off_func
    jump_table.o(jump_table_mem_area) refers to rwble.o(.text) for lld_sleep_compensate_func_patched
    jump_table.o(jump_table_mem_area) refers to jump_table.o(heap_mem_area_not_ret) for rwip_heap_non_ret
    jump_table.o(jump_table_mem_area) refers to jump_table.o(heap_env_area) for rwip_heap_env_ret
    jump_table.o(jump_table_mem_area) refers to jump_table.o(heap_db_area) for rwip_heap_db_ret
    jump_table.o(jump_table_mem_area) refers to jump_table.o(heap_msg_area) for rwip_heap_msg_ret
    jump_table.o(jump_table_mem_area) refers to ke_task.obj(.text) for ke_task_init_func
    jump_table.o(jump_table_mem_area) refers to nvds.o(.text) for custom_nvds_get_func
    jump_table.o(jump_table_mem_area) refers to jump_table.o(.constdata) for LUT_CFG
    arch_sleep.o(.text) refers to arch_sleep.o(retention_mem_area0) for retention_mem_area0
    arch_sleep.o(.text) refers to rwble.o(retention_mem_area0) for rwble_last_event
    periph_setup.o(.text) refers to arch_patch.o(.text) for patch_func
    arch_system.o(.text) refers to trng.o(.text) for trng_acquire
    arch_system.o(.text) refers to arch_system.o(retention_mem_area0) for retention_mem_area0
    arch_system.o(.text) refers to arch_main.o(retention_mem_area0) for sys_startup_flag
    arch_system.o(.text) refers to arch_system.o(.data) for .data
    arch_patch.o(.text) refers to arch_patch.o(.constdata) for .constdata
    arch_patch.o(.constdata) refers to arch_patch.o(.text) for cmp_abs_time
    arch_patch.o(.constdata) refers to atts_task.obj(.text) for l2cc_pdu_recv_ind_handler
    arch_patch.o(.constdata) refers to smpc.obj(.text) for smpc_send_pairing_req_ind
    arch_patch.o(.constdata) refers to smpc_task.obj(.text) for smpc_pairing_cfm_handler
    arch_patch.o(.constdata) refers to ch_map.obj(.text) for my_llc_con_update_req_ind
    arch_patch.o(.constdata) refers to gapm_util.obj(.text) for patched_gapm_adv_op_sanity
    smpc_task.obj(.text) refers to smpc.obj(.text) for smpc_send_pairing_req_ind
    llc.obj(.text) refers to llc.obj(retention_mem_area0) for retention_mem_area0
    llc.obj(.text) refers to llc.obj(.constdata) for .constdata
    llc.obj(.constdata) refers to llc.obj(.text) for my_llc_le_con_update_cmd_handler
    llc.obj(.constdata) refers to llc.obj(.text) for my_lld_stop_ind_handler
    llc.obj(.constdata) refers to llc.obj(.constdata) for my_llc_stopping
    llc.obj(.constdata) refers to llc.obj(.constdata) for my_llc_default_state
    llc.obj(.constdata) refers to llc.obj(.constdata) for my_llc_state_handler
    llc.obj(.constdata) refers to llc.obj(.constdata) for my_llc_default_handler
    rf_580.o(.text) refers to rf_580.o(retention_mem_area0) for retention_mem_area0
[...]
    attmdb_att_set_value                     0x00029b6d   Thumb Code     0  rom_symdef.txt ABSOLUTE
    attmdb_att_partial_value_update          0x00029b73   Thumb Code     0  rom_symdef.txt ABSOLUTE
    attmdb_att_get_value                     0x00029ba5   Thumb Code     0  rom_symdef.txt ABSOLUTE
    attmdb_att_get_uuid                      0x00029bc5   Thumb Code     0  rom_symdef.txt ABSOLUTE
    attmdb_att_set_permission                0x00029c29   Thumb Code     0  rom_symdef.txt ABSOLUTE
    attmdb_att_get_permission                0x00029c41   Thumb Code     0  rom_symdef.txt ABSOLUTE
    attmdb_att_update_perm                   0x00029c5b   Thumb Code     0  rom_symdef.txt ABSOLUTE
    attmdb_svc_set_permission                0x00029c7b   Thumb Code     0  rom_symdef.txt ABSOLUTE
    attmdb_svc_get_permission                0x00029c99   Thumb Code     0  rom_symdef.txt ABSOLUTE
    attmdb_init                              0x00029cb3   Thumb Code     0  rom_symdef.txt ABSOLUTE
    attm_svc_create_db                       0x00029f45   Thumb Code     0  rom_symdef.txt ABSOLUTE
    atts_clear_prep_data                     0x0002a03d   Thumb Code     0  rom_symdef.txt ABSOLUTE
    atts_cleanup                             0x0002a05b   Thumb Code     0  rom_symdef.txt ABSOLUTE
    atts_init                                0x0002a08f   Thumb Code     0  rom_symdef.txt ABSOLUTE
    atts_create                              0x0002a0cb   Thumb Code     0  rom_symdef.txt ABSOLUTE
    atts_con_enable                          0x0002a0ed   Thumb Code     0  rom_symdef.txt ABSOLUTE
    atts_update_elmt                         0x0002a0fb   Thumb Code     0  rom_symdef.txt ABSOLUTE
    atts_store_prep_data                     0x0002a149   Thumb Code     0  rom_symdef.txt ABSOLUTE
    atts_find_uuid                           0x0002a451   Thumb Code     0  rom_symdef.txt ABSOLUTE
    atts_send_pdu                            0x0002a575   Thumb Code     0  rom_symdef.txt ABSOLUTE
    atts_allocate_pdu                        0x0002a57f   Thumb Code     0  rom_symdef.txt ABSOLUTE
    atts_mtu_exc_resp                        0x0002a5a1   Thumb Code     0  rom_symdef.txt ABSOLUTE
    atts_send_error                          0x0002a5d7   Thumb Code     0  rom_symdef.txt ABSOLUTE
    atts_find_info_resp                      0x0002a5e3   Thumb Code     0  rom_symdef.txt ABSOLUTE
    atts_get_att_chk_perm                    0x0002a719   Thumb Code     0  rom_symdef.txt ABSOLUTE
    atts_find_by_type_resp                   0x0002a887   Thumb Code     0  rom_symdef.txt ABSOLUTE
    atts_read_by_type_resp                   0x0002a9a7   Thumb Code     0  rom_symdef.txt ABSOLUTE
    atts_read_by_grp_type_resp               0x0002aa93   Thumb Code     0  rom_symdef.txt ABSOLUTE
    atts_read_resp                           0x0002ab95   Thumb Code     0  rom_symdef.txt ABSOLUTE
    atts_read_blob_resp                      0x0002abf9   Thumb Code     0  rom_symdef.txt ABSOLUTE
    atts_read_mult_resp                      0x0002ac69   Thumb Code     0  rom_symdef.txt ABSOLUTE
    atts_write_no_resp                       0x0002ad17   Thumb Code     0  rom_symdef.txt ABSOLUTE
    atts_write_resp                          0x0002ad77   Thumb Code     0  rom_symdef.txt ABSOLUTE
    atts_signed_write_resp                   0x0002adf1   Thumb Code     0  rom_symdef.txt ABSOLUTE
    atts_prepare_write_resp                  0x0002ae85   Thumb Code     0  rom_symdef.txt ABSOLUTE
    atts_execute_write_resp                  0x0002af11   Thumb Code     0  rom_symdef.txt ABSOLUTE
    atts_send_cmd_cmp                        0x0002afd5   Thumb Code     0  rom_symdef.txt ABSOLUTE
    atts_write_rsp_send                      0x0002aff3   Thumb Code     0  rom_symdef.txt ABSOLUTE
    gattc_cleanup                            0x0002b0a3   Thumb Code     0  rom_symdef.txt ABSOLUTE
    gattc_init                               0x0002b0cd   Thumb Code     0  rom_symdef.txt ABSOLUTE
    gattc_create                             0x0002b109   Thumb Code     0  rom_symdef.txt ABSOLUTE
    gattc_send_att_req                       0x0002b13b   Thumb Code     0  rom_symdef.txt ABSOLUTE
    gattc_allocate_att_req                   0x0002b145   Thumb Code     0  rom_symdef.txt ABSOLUTE
    gattc_send_execute                       0x0002b165   Thumb Code     0  rom_symdef.txt ABSOLUTE
    gattc_get_event_dest                     0x0002b179   Thumb Code     0  rom_symdef.txt ABSOLUTE
    gattc_init_operation                     0x0002b1b7   Thumb Code     0  rom_symdef.txt ABSOLUTE
    gattc_get_operation                      0x0002b1d1   Thumb Code     0  rom_symdef.txt ABSOLUTE
    gattc_send_complete_evt                  0x0002b1e5   Thumb Code     0  rom_symdef.txt ABSOLUTE
    gattc_get_mtu                            0x0002b2d3   Thumb Code     0  rom_symdef.txt ABSOLUTE
    gattc_set_mtu                            0x0002b2dd   Thumb Code     0  rom_symdef.txt ABSOLUTE
    gattm_svc_get_start_hdl                  0x0002c2e9   Thumb Code     0  rom_symdef.txt ABSOLUTE
    gattm_init                               0x0002c2ef   Thumb Code     0  rom_symdef.txt ABSOLUTE
    gattm_create                             0x0002c317   Thumb Code     0  rom_symdef.txt ABSOLUTE
    gattm_cleanup                            0x0002c31f   Thumb Code     0  rom_symdef.txt ABSOLUTE
    gattm_get_max_mtu                        0x0002c327   Thumb Code     0  rom_symdef.txt ABSOLUTE
    gattm_set_max_mtu                        0x0002c32d   Thumb Code     0  rom_symdef.txt ABSOLUTE
    l2cc_cleanup                             0x0002c479   Thumb Code     0  rom_symdef.txt ABSOLUTE
    l2cc_init                                0x0002c4a9   Thumb Code     0  rom_symdef.txt ABSOLUTE
    l2cc_create                              0x0002c4e5   Thumb Code     0  rom_symdef.txt ABSOLUTE
    l2cc_update_state                        0x0002c515   Thumb Code     0  rom_symdef.txt ABSOLUTE
    l2cm_init                                0x0002c759   Thumb Code     0  rom_symdef.txt ABSOLUTE
    l2cm_create                              0x0002c781   Thumb Code     0  rom_symdef.txt ABSOLUTE
    l2cm_cleanup                             0x0002c789   Thumb Code     0  rom_symdef.txt ABSOLUTE
    l2cm_set_link_layer_buff_size            0x0002c7a9   Thumb Code     0  rom_symdef.txt ABSOLUTE
    smpc_regs_push                           0x0002c7b9   Thumb Code     0  rom_symdef.txt ABSOLUTE
    smpc_regs_pop                            0x0002c7bb   Thumb Code     0  rom_symdef.txt ABSOLUTE
    smpc_clear_timeout_timer                 0x0002c7bd   Thumb Code     0  rom_symdef.txt ABSOLUTE
    smpc_cleanup                             0x0002c7e1   Thumb Code     0  rom_symdef.txt ABSOLUTE
    smpc_init                                0x0002c841   Thumb Code     0  rom_symdef.txt ABSOLUTE
    smpc_create                              0x0002c87d   Thumb Code     0  rom_symdef.txt ABSOLUTE
    smpc_init_operation                      0x0002c8ab   Thumb Code     0  rom_symdef.txt ABSOLUTE
    smpc_send_cmp_evt                        0x0002c8c1   Thumb Code     0  rom_symdef.txt ABSOLUTE
    smpc_send_use_enc_block_cmd              0x0002c935   Thumb Code     0  rom_symdef.txt ABSOLUTE
    smpc_send_start_enc_cmd                  0x0002c96d   Thumb Code     0  rom_symdef.txt ABSOLUTE
    smpc_send_ltk_req_rsp                    0x0002c9cb   Thumb Code     0  rom_symdef.txt ABSOLUTE
    smpc_send_pairing_ind                    0x0002cadb   Thumb Code     0  rom_symdef.txt ABSOLUTE
    smpc_launch_rep_att_timer                0x0002cb6f   Thumb Code     0  rom_symdef.txt ABSOLUTE
    smpc_check_repeated_attempts             0x0002cbbd   Thumb Code     0  rom_symdef.txt ABSOLUTE
    smpc_check_max_key_size                  0x0002cc01   Thumb Code     0  rom_symdef.txt ABSOLUTE
    smpc_check_key_distrib                   0x0002cc29   Thumb Code     0  rom_symdef.txt ABSOLUTE
    smpc_xor                                 0x0002cc7d   Thumb Code     0  rom_symdef.txt ABSOLUTE
    smpc_generate_l                          0x0002cc93   Thumb Code     0  rom_symdef.txt ABSOLUTE
    smpc_generate_ci                         0x0002ccdf   Thumb Code     0  rom_symdef.txt ABSOLUTE
    smpc_generate_rand                       0x0002cd4b   Thumb Code     0  rom_symdef.txt ABSOLUTE
    smpc_generate_e1                         0x0002cd6f   Thumb Code     0  rom_symdef.txt ABSOLUTE
    smpc_generate_cfm                        0x0002ce25   Thumb Code     0  rom_symdef.txt ABSOLUTE
    smpc_generate_stk                        0x0002cead   Thumb Code     0  rom_symdef.txt ABSOLUTE
    smpc_calc_subkeys                        0x0002cf01   Thumb Code     0  rom_symdef.txt ABSOLUTE
    smpc_pairing_end                         0x0002cf77   Thumb Code     0  rom_symdef.txt ABSOLUTE
    smpc_tkdp_rcp_continue                   0x0002d00b   Thumb Code     0  rom_symdef.txt ABSOLUTE
    smpc_tkdp_rcp_start                      0x0002d069   Thumb Code     0  rom_symdef.txt ABSOLUTE
    smpc_pdu_send                            0x0002d0ab   Thumb Code     0  rom_symdef.txt ABSOLUTE
    smpc_tkdp_send_start                     0x0002d11b   Thumb Code     0  rom_symdef.txt ABSOLUTE
    smpc_tkdp_send_continue                  0x0002d199   Thumb Code     0  rom_symdef.txt ABSOLUTE
    smpc_get_key_sec_prop                    0x0002d215   Thumb Code     0  rom_symdef.txt ABSOLUTE
    smpc_is_sec_mode_reached                 0x0002d28d   Thumb Code     0  rom_symdef.txt ABSOLUTE
    smpc_handle_enc_change_evt               0x0002d2b7   Thumb Code     0  rom_symdef.txt ABSOLUTE
    smpc_pdu_recv                            0x0002d35d   Thumb Code     0  rom_symdef.txt ABSOLUTE
    smpm_init                                0x0002de21   Thumb Code     0  rom_symdef.txt ABSOLUTE
    smpm_create                              0x0002de5b   Thumb Code     0  rom_symdef.txt ABSOLUTE
    smpm_cleanup                             0x0002de63   Thumb Code     0  rom_symdef.txt ABSOLUTE
    smpm_send_cmp_evt                        0x0002de6b   Thumb Code     0  rom_symdef.txt ABSOLUTE
    smpm_send_encrypt_req                    0x0002dea3   Thumb Code     0  rom_symdef.txt ABSOLUTE
    smpm_send_gen_rand_nb_req                0x0002ded1   Thumb Code     0  rom_symdef.txt ABSOLUTE
    smpm_check_addr_type                     0x0002dedf   Thumb Code     0  rom_symdef.txt ABSOLUTE
    gapc_init                                0x0002e269   Thumb Code     0  rom_symdef.txt ABSOLUTE
    gapc_con_create                          0x0002e2a5   Thumb Code     0  rom_symdef.txt ABSOLUTE
    gapc_con_cleanup                         0x0002e385   Thumb Code     0  rom_symdef.txt ABSOLUTE
    gapc_send_disconect_ind                  0x0002e395   Thumb Code     0  rom_symdef.txt ABSOLUTE
    gapc_get_conidx                          0x0002e3b7   Thumb Code     0  rom_symdef.txt ABSOLUTE
    gapc_get_conhdl                          0x0002e3e3   Thumb Code     0  rom_symdef.txt ABSOLUTE
    gapc_get_role                            0x0002e3f9   Thumb Code     0  rom_symdef.txt ABSOLUTE
    gapc_get_bdaddr                          0x0002e415   Thumb Code     0  rom_symdef.txt ABSOLUTE
    gapc_get_csrk                            0x0002e435   Thumb Code     0  rom_symdef.txt ABSOLUTE
    gapc_get_sign_counter                    0x0002e453   Thumb Code     0  rom_symdef.txt ABSOLUTE
    gapc_send_complete_evt                   0x0002e471   Thumb Code     0  rom_symdef.txt ABSOLUTE
    gapc_send_error_evt                      0x0002e4bd   Thumb Code     0  rom_symdef.txt ABSOLUTE
    gapc_is_sec_set                          0x0002e4df   Thumb Code     0  rom_symdef.txt ABSOLUTE
    gapc_get_enc_keysize                     0x0002e549   Thumb Code     0  rom_symdef.txt ABSOLUTE
    gapc_set_enc_keysize                     0x0002e561   Thumb Code     0  rom_symdef.txt ABSOLUTE
    gapc_link_encrypted                      0x0002e575   Thumb Code     0  rom_symdef.txt ABSOLUTE
    gapc_auth_set                            0x0002e58f   Thumb Code     0  rom_symdef.txt ABSOLUTE
    gapc_param_updata_sanity                 0x0002e67b   Thumb Code     0  rom_symdef.txt ABSOLUTE
    gapm_init                                0x0002f4f3   Thumb Code     0  rom_symdef.txt ABSOLUTE
    gapm_host_init                           0x0002f547   Thumb Code     0  rom_symdef.txt ABSOLUTE
    gapm_get_operation                       0x0002f56d   Thumb Code     0  rom_symdef.txt ABSOLUTE
    gapm_send_complete_evt                   0x0002f57f   Thumb Code     0  rom_symdef.txt ABSOLUTE
    gapm_send_error_evt                      0x0002f5b5   Thumb Code     0  rom_symdef.txt ABSOLUTE
    gapm_con_create                          0x0002f5d3   Thumb Code     0  rom_symdef.txt ABSOLUTE
    gapm_con_enable                          0x0002f631   Thumb Code     0  rom_symdef.txt ABSOLUTE
    gapm_con_cleanup                         0x0002f63d   Thumb Code     0  rom_symdef.txt ABSOLUTE
    gapm_get_privacy_flag                    0x00030c7f   Thumb Code     0  rom_symdef.txt ABSOLUTE
    gapm_set_recon_addr                      0x00030cab   Thumb Code     0  rom_symdef.txt ABSOLUTE
    gapm_adv_op_sanity                       0x00030cef   Thumb Code     0  rom_symdef.txt ABSOLUTE
    gapm_set_adv_mode                        0x00030e75   Thumb Code     0  rom_symdef.txt ABSOLUTE
    gapm_execute_adv_op                      0x00030e8d   Thumb Code     0  rom_symdef.txt ABSOLUTE
    gapm_scan_op_sanity                      0x00030fdd   Thumb Code     0  rom_symdef.txt ABSOLUTE
    gapm_set_scan_mode                       0x000310b5   Thumb Code     0  rom_symdef.txt ABSOLUTE
    gapm_execute_scan_op                     0x000310d1   Thumb Code     0  rom_symdef.txt ABSOLUTE
    gapm_connect_op_sanity                   0x00031175   Thumb Code     0  rom_symdef.txt ABSOLUTE
    gapm_execute_connect_op                  0x000312b9   Thumb Code     0  rom_symdef.txt ABSOLUTE
    gapm_get_role                            0x0003142d   Thumb Code     0  rom_symdef.txt ABSOLUTE
    gapm_get_recon_addr                      0x00031433   Thumb Code     0  rom_symdef.txt ABSOLUTE
    gapm_set_privacy_flag                    0x00031473   Thumb Code     0  rom_symdef.txt ABSOLUTE
    gapm_get_ad_type_flag                    0x0003149f   Thumb Code     0  rom_symdef.txt ABSOLUTE
    gapm_add_to_filter                       0x000314c5   Thumb Code     0  rom_symdef.txt ABSOLUTE
    gapm_is_filtered                         0x00031529   Thumb Code     0  rom_symdef.txt ABSOLUTE
    gapm_update_air_op_state                 0x0003157f   Thumb Code     0  rom_symdef.txt ABSOLUTE
    gapm_get_irk                             0x00031635   Thumb Code     0  rom_symdef.txt ABSOLUTE
    gapm_get_bdaddr                          0x0003163b   Thumb Code     0  rom_symdef.txt ABSOLUTE
    l2cc_pdu_pack                            0x0003164d   Thumb Code     0  rom_symdef.txt ABSOLUTE
    l2cc_pdu_unpack                          0x000318f3   Thumb Code     0  rom_symdef.txt ABSOLUTE
    l2cc_detect_dest                         0x00031b2d   Thumb Code     0  rom_symdef.txt ABSOLUTE
    smpc_check_param                         0x00031b95   Thumb Code     0  rom_symdef.txt ABSOLUTE
    ke_init                                  0x0003200d   Thumb Code     0  rom_symdef.txt ABSOLUTE
    ke_flush                                 0x00032039   Thumb Code     0  rom_symdef.txt ABSOLUTE
    ke_sleep_check                           0x00032079   Thumb Code     0  rom_symdef.txt ABSOLUTE
    ke_event_init                            0x00032091   Thumb Code     0  rom_symdef.txt ABSOLUTE
    ke_event_callback_set                    0x0003209d   Thumb Code     0  rom_symdef.txt ABSOLUTE
    ke_event_set                             0x000320b1   Thumb Code     0  rom_symdef.txt ABSOLUTE
    ke_event_clear                           0x000320dd   Thumb Code     0  rom_symdef.txt ABSOLUTE
    ke_event_get                             0x00032109   Thumb Code     0  rom_symdef.txt ABSOLUTE
    ke_event_get_all                         0x0003212f   Thumb Code     0  rom_symdef.txt ABSOLUTE
    ke_event_flush                           0x00032135   Thumb Code     0  rom_symdef.txt ABSOLUTE
    ke_event_schedule                        0x0003213d   Thumb Code     0  rom_symdef.txt ABSOLUTE
    ke_mem_init                              0x0003218d   Thumb Code     0  rom_symdef.txt ABSOLUTE
    ke_mem_is_empty                          0x000321d7   Thumb Code     0  rom_symdef.txt ABSOLUTE
    ke_malloc                                0x00032215   Thumb Code     0  rom_symdef.txt ABSOLUTE
    ke_free                                  0x000322d7   Thumb Code     0  rom_symdef.txt ABSOLUTE
    ke_msg_alloc                             0x000323b1   Thumb Code     0  rom_symdef.txt ABSOLUTE
    ke_msg_send                              0x000323e1   Thumb Code     0  rom_symdef.txt ABSOLUTE
    ke_msg_send_basic                        0x0003240d   Thumb Code     0  rom_symdef.txt ABSOLUTE
    ke_msg_forward                           0x0003241b   Thumb Code     0  rom_symdef.txt ABSOLUTE
    ke_msg_forward_new_id                    0x00032425   Thumb Code     0  rom_symdef.txt ABSOLUTE
    ke_msg_free                              0x00032435   Thumb Code     0  rom_symdef.txt ABSOLUTE
    ke_queue_extract                         0x00032441   Thumb Code     0  rom_symdef.txt ABSOLUTE
    ke_queue_insert                          0x0003247f   Thumb Code     0  rom_symdef.txt ABSOLUTE
    ke_task_init                             0x0003256d   Thumb Code     0  rom_symdef.txt ABSOLUTE
    ke_task_create                           0x00032587   Thumb Code     0  rom_symdef.txt ABSOLUTE
    ke_task_delete                           0x000325e1   Thumb Code     0  rom_symdef.txt ABSOLUTE
    ke_state_set                             0x00032631   Thumb Code     0  rom_symdef.txt ABSOLUTE
    ke_state_get                             0x000326b3   Thumb Code     0  rom_symdef.txt ABSOLUTE
    ke_msg_discard                           0x000326e3   Thumb Code     0  rom_symdef.txt ABSOLUTE
    ke_msg_save                              0x000326e7   Thumb Code     0  rom_symdef.txt ABSOLUTE
    ke_task_handler_get                      0x000326eb   Thumb Code     0  rom_symdef.txt ABSOLUTE
    ke_timer_init                            0x00032813   Thumb Code     0  rom_symdef.txt ABSOLUTE
    ke_timer_init_func                       0x00032819   Thumb Code     0  rom_symdef.txt ABSOLUTE
    ke_timer_set                             0x00032825   Thumb Code     0  rom_symdef.txt ABSOLUTE
    ke_timer_clear                           0x000328a5   Thumb Code     0  rom_symdef.txt ABSOLUTE
    ke_timer_active                          0x000328fb   Thumb Code     0  rom_symdef.txt ABSOLUTE
    ke_timer_sleep_check                     0x00032921   Thumb Code     0  rom_symdef.txt ABSOLUTE
    ke_time                                  0x0003297d   Thumb Code     0  rom_symdef.txt ABSOLUTE
    nvds_get                                 0x000329d1   Thumb Code     0  rom_symdef.txt ABSOLUTE
    nvds_get_func                            0x000329d7   Thumb Code     0  rom_symdef.txt ABSOLUTE
    nvds_init                                0x00032bcf   Thumb Code     0  rom_symdef.txt ABSOLUTE
    rwble_hl_init                            0x00032be5   Thumb Code     0  rom_symdef.txt ABSOLUTE
    rwble_hl_send_message                    0x00032c0b   Thumb Code     0  rom_symdef.txt ABSOLUTE
    ble_regs_push                            0x00032c0d   Thumb Code     0  rom_symdef.txt ABSOLUTE
    ble_regs_pop                             0x00032c65   Thumb Code     0  rom_symdef.txt ABSOLUTE
    rf_init                                  0x00032cbd   Thumb Code     0  rom_symdef.txt ABSOLUTE
    rf_reinit                                0x00032cc3   Thumb Code     0  rom_symdef.txt ABSOLUTE
    rwip_init                                0x00032ccb   Thumb Code     0  rom_symdef.txt ABSOLUTE
    rwip_reset                               0x00032d8d   Thumb Code     0  rom_symdef.txt ABSOLUTE
    rwip_version                             0x00032db9   Thumb Code     0  rom_symdef.txt ABSOLUTE
    rwip_prevent_sleep_get                   0x00032dc1   Thumb Code     0  rom_symdef.txt ABSOLUTE
    rwip_schedule                            0x00032dc9   Thumb Code     0  rom_symdef.txt ABSOLUTE
    rwip_prevent_sleep_set                   0x00032eb7   Thumb Code     0  rom_symdef.txt ABSOLUTE
    rwip_wakeup                              0x00032edb   Thumb Code     0  rom_symdef.txt ABSOLUTE
    rwip_prevent_sleep_clear                 0x00032eed   Thumb Code     0  rom_symdef.txt ABSOLUTE
    rwip_wakeup_end                          0x00032f11   Thumb Code     0  rom_symdef.txt ABSOLUTE
    rwip_wakeup_delay_set                    0x00032f2f   Thumb Code     0  rom_symdef.txt ABSOLUTE
    rwip_sleep_enable                        0x00032f3f   Thumb Code     0  rom_symdef.txt ABSOLUTE
    rwip_ext_wakeup_enable                   0x00032f47   Thumb Code     0  rom_symdef.txt ABSOLUTE
    rwble_init                               0x00032f71   Thumb Code     0  rom_symdef.txt ABSOLUTE
    rwble_reset                              0x00032fd5   Thumb Code     0  rom_symdef.txt ABSOLUTE
    rwble_version                            0x00033003   Thumb Code     0  rom_symdef.txt ABSOLUTE
    rwble_get_clock                          0x0003302d   Thumb Code     0  rom_symdef.txt ABSOLUTE
    $Super$$BLE_FINETGTIM_Handler            0x00033105   Thumb Code     0  rom_symdef.txt ABSOLUTE
    BLE_GROSSTGTIM_Handler                   0x0003310d   Thumb Code     0  rom_symdef.txt ABSOLUTE
    $Super$$BLE_CSCNT_Handler                0x00033115   Thumb Code     0  rom_symdef.txt ABSOLUTE
    BLE_ERROR_Handler                        0x0003318d   Thumb Code     0  rom_symdef.txt ABSOLUTE
    BLE_CRYPT_Handler                        0x000331ad   Thumb Code     0  rom_symdef.txt ABSOLUTE
    func_check_mem                           0x000331eb   Thumb Code     0  rom_symdef.txt ABSOLUTE
    test_rxdone                              0x0003323d   Thumb Code     0  rom_symdef.txt ABSOLUTE
    prf_create                               0x000339fd   Thumb Code     0  rom_symdef.txt ABSOLUTE
    prf_init                                 0x00033a23   Thumb Code     0  rom_symdef.txt ABSOLUTE
    prf_cleanup                              0x00033a2b   Thumb Code     0  rom_symdef.txt ABSOLUTE
    __aeabi_uidiv                            0x00033aa7   Thumb Code     0  rom_symdef.txt ABSOLUTE
    __aeabi_uidivmod                         0x00033aa7   Thumb Code     0  rom_symdef.txt ABSOLUTE
    __aeabi_idiv                             0x00033ad3   Thumb Code     0  rom_symdef.txt ABSOLUTE
    __aeabi_idivmod                          0x00033ad3   Thumb Code     0  rom_symdef.txt ABSOLUTE
    rand                                     0x00033afd   Thumb Code     0  rom_symdef.txt ABSOLUTE
    srand                                    0x00033b0f   Thumb Code     0  rom_symdef.txt ABSOLUTE
    __aeabi_memcpy                           0x00033b21   Thumb Code     0  rom_symdef.txt ABSOLUTE
    __aeabi_memcpy4                          0x00033b21   Thumb Code     0  rom_symdef.txt ABSOLUTE
    __aeabi_memcpy8                          0x00033b21   Thumb Code     0  rom_symdef.txt ABSOLUTE
    __aeabi_memset                           0x00033b45   Thumb Code     0  rom_symdef.txt ABSOLUTE
    __aeabi_memset4                          0x00033b45   Thumb Code     0  rom_symdef.txt ABSOLUTE
    __aeabi_memset8                          0x00033b45   Thumb Code     0  rom_symdef.txt ABSOLUTE
    __aeabi_memclr                           0x00033b53   Thumb Code     0  rom_symdef.txt ABSOLUTE
    __aeabi_memclr4                          0x00033b53   Thumb Code     0  rom_symdef.txt ABSOLUTE
    __aeabi_memclr8                          0x00033b53   Thumb Code     0  rom_symdef.txt ABSOLUTE
    _memset$wrapper                          0x00033b57   Thumb Code     0  rom_symdef.txt ABSOLUTE
    strlen                                   0x00033b69   Thumb Code     0  rom_symdef.txt ABSOLUTE
    memcmp                                   0x00033b77   Thumb Code     0  rom_symdef.txt ABSOLUTE
    __aeabi_dmul                             0x00033b91   Thumb Code     0  rom_symdef.txt ABSOLUTE
    __aeabi_i2d                              0x00033c61   Thumb Code     0  rom_symdef.txt ABSOLUTE
    __aeabi_ui2d                             0x00033c89   Thumb Code     0  rom_symdef.txt ABSOLUTE
    __aeabi_cdcmpeq                          0x00033ca5   Thumb Code     0  rom_symdef.txt ABSOLUTE
    __aeabi_cdcmple                          0x00033ca5   Thumb Code     0  rom_symdef.txt ABSOLUTE
    __I$use$fp                               0x00033ccd   Thumb Code     0  rom_symdef.txt ABSOLUTE
    _double_round                            0x00033ccd   Thumb Code     0  rom_symdef.txt ABSOLUTE
    _double_epilogue                         0x00033ce7   Thumb Code     0  rom_symdef.txt ABSOLUTE
    __aeabi_llsl                             0x00033d8d   Thumb Code     0  rom_symdef.txt ABSOLUTE
    _ll_shift_l                              0x00033d8d   Thumb Code     0  rom_symdef.txt ABSOLUTE
    __aeabi_llsr                             0x00033dad   Thumb Code     0  rom_symdef.txt ABSOLUTE
    _ll_ushift_r                             0x00033dad   Thumb Code     0  rom_symdef.txt ABSOLUTE
    __ARM_clz                                0x00033dcf   Thumb Code     0  rom_symdef.txt ABSOLUTE
    __ARM_common_switch8                     0x00033dfd   Thumb Code     0  rom_symdef.txt ABSOLUTE
    uart_api                                 0x00033e18   Data           0  rom_symdef.txt ABSOLUTE
    co_sca2ppm                               0x00033e28   Data           0  rom_symdef.txt ABSOLUTE
    co_null_bdaddr                           0x00033e38   Data           0  rom_symdef.txt ABSOLUTE
    co_default_bdaddr                        0x00033e3e   Data           0  rom_symdef.txt ABSOLUTE
    dbg_default_handler                      0x00033f14   Data           0  rom_symdef.txt ABSOLUTE
    llc_default_state                        0x00033fac   Data           0  rom_symdef.txt ABSOLUTE
    llc_state_handler                        0x000340dc   Data           0  rom_symdef.txt ABSOLUTE
    llc_default_handler                      0x0003418c   Data           0  rom_symdef.txt ABSOLUTE
    llm_local_cmds                           0x000341bc   Data           0  rom_symdef.txt ABSOLUTE
    llm_local_le_feats                       0x000341fc   Data           0  rom_symdef.txt ABSOLUTE
    llm_local_le_states                      0x00034204   Data           0  rom_symdef.txt ABSOLUTE
    llm_state_handler                        0x00034354   Data           0  rom_symdef.txt ABSOLUTE
    llm_default_handler                      0x00034384   Data           0  rom_symdef.txt ABSOLUTE
    LLM_AA_CT1                               0x0003438c   Data           0  rom_symdef.txt ABSOLUTE
    LLM_AA_CT2                               0x0003438f   Data           0  rom_symdef.txt ABSOLUTE
    gtl_default_state                        0x000343a4   Data           0  rom_symdef.txt ABSOLUTE
    gtl_default_handler                      0x000343bc   Data           0  rom_symdef.txt ABSOLUTE
    attc_default_state                       0x000343d8   Data           0  rom_symdef.txt ABSOLUTE
    attc_state_handler                       0x000343f8   Data           0  rom_symdef.txt ABSOLUTE
    attc_default_handler                     0x00034410   Data           0  rom_symdef.txt ABSOLUTE
    attm_default_state                       0x00034428   Data           0  rom_symdef.txt ABSOLUTE
    attm_state_handler                       0x00034480   Data           0  rom_symdef.txt ABSOLUTE
    attm_default_handler                     0x00034488   Data           0  rom_symdef.txt ABSOLUTE
    atts_default_state                       0x000344a0   Data           0  rom_symdef.txt ABSOLUTE
    atts_state_handler                       0x000344d0   Data           0  rom_symdef.txt ABSOLUTE
    atts_default_handler                     0x000344f8   Data           0  rom_symdef.txt ABSOLUTE
    gattc_default_state                      0x00034510   Data           0  rom_symdef.txt ABSOLUTE
    gattc_state_handler                      0x00034598   Data           0  rom_symdef.txt ABSOLUTE
    gattc_default_handler                    0x000345b0   Data           0  rom_symdef.txt ABSOLUTE
    gattm_default_state                      0x00034604   Data           0  rom_symdef.txt ABSOLUTE
    gattm_state_handler                      0x00034614   Data           0  rom_symdef.txt ABSOLUTE
    gattm_default_handler                    0x00034624   Data           0  rom_symdef.txt ABSOLUTE
    l2cc_default_state                       0x0003463c   Data           0  rom_symdef.txt ABSOLUTE
    l2cc_state_handler                       0x00034654   Data           0  rom_symdef.txt ABSOLUTE
    l2cc_default_handler                     0x0003466c   Data           0  rom_symdef.txt ABSOLUTE
    l2cm_default_state                       0x00034684   Data           0  rom_symdef.txt ABSOLUTE
    l2cm_state_handler                       0x0003468c   Data           0  rom_symdef.txt ABSOLUTE
    l2cm_default_handler                     0x00034694   Data           0  rom_symdef.txt ABSOLUTE
    smpc_default_state                       0x000346c8   Data           0  rom_symdef.txt ABSOLUTE
    smpc_state_handler                       0x00034760   Data           0  rom_symdef.txt ABSOLUTE
    smpc_default_handler                     0x00034780   Data           0  rom_symdef.txt ABSOLUTE
    smpm_default_state                       0x00034798   Data           0  rom_symdef.txt ABSOLUTE
    smpm_state_handler                       0x000347d0   Data           0  rom_symdef.txt ABSOLUTE
    smpm_default_handler                     0x000347e0   Data           0  rom_symdef.txt ABSOLUTE
    gapc_default_state                       0x000347f8   Data           0  rom_symdef.txt ABSOLUTE
    gapc_state_handler                       0x00034910   Data           0  rom_symdef.txt ABSOLUTE
    gapc_default_handler                     0x00034928   Data           0  rom_symdef.txt ABSOLUTE
    gapm_default_state                       0x000349ec   Data           0  rom_symdef.txt ABSOLUTE
    gapm_state_handler                       0x00034b94   Data           0  rom_symdef.txt ABSOLUTE
    gapm_default_handler                     0x00034bbc   Data           0  rom_symdef.txt ABSOLUTE
    smpc_construct_pdu                       0x00034ce8   Data           0  rom_symdef.txt ABSOLUTE
    smpc_recv_pdu                            0x00034d18   Data           0  rom_symdef.txt ABSOLUTE
    dummy                                    0x00080000   Data           0  rom_symdef.txt ABSOLUTE
    sleep_env                                0x00080254   Data           0  rom_symdef.txt ABSOLUTE
    iq_trim_bias_ctrl1_reg                   0x00080256   Data           0  rom_symdef.txt ABSOLUTE
    co_buf_env                               0x00080258   Data           0  rom_symdef.txt ABSOLUTE
    dbg_state                                0x00080348   Data           0  rom_symdef.txt ABSOLUTE
    iq_trim_rf_mixer_ctrl1_reg               0x0008034a   Data           0  rom_symdef.txt ABSOLUTE
    llc_env                                  0x0008034c   Data           0  rom_symdef.txt ABSOLUTE
    llc_state                                0x00080364   Data           0  rom_symdef.txt ABSOLUTE
    ret_winsize_var                          0x0008036a   Data           0  rom_symdef.txt ABSOLUTE
    lld_evt_env                              0x0008036c   Data           0  rom_symdef.txt ABSOLUTE
    lld_sleep_env                            0x0008038c   Data           0  rom_symdef.txt ABSOLUTE
    llm_le_env                               0x00080390   Data           0  rom_symdef.txt ABSOLUTE
    llm_le_env_lpus                          0x000803e4   Data           0  rom_symdef.txt ABSOLUTE
    llm_bt_env                               0x0008042a   Data           0  rom_symdef.txt ABSOLUTE
    llm_state                                0x00080432   Data           0  rom_symdef.txt ABSOLUTE
    uart_env                                 0x00080434   Data           0  rom_symdef.txt ABSOLUTE
    vcocal_ctrl_reg_val                      0x00080452   Data           0  rom_symdef.txt ABSOLUTE
    last_temp_count                          0x00080478   Data           0  rom_symdef.txt ABSOLUTE
    last_temp_time                           0x0008047c   Data           0  rom_symdef.txt ABSOLUTE
    gtl_env                                  0x00080480   Data           0  rom_symdef.txt ABSOLUTE
    gtl_state                                0x000804a4   Data           0  rom_symdef.txt ABSOLUTE
    attc_state                               0x000804a5   Data           0  rom_symdef.txt ABSOLUTE
    attm_env                                 0x000804ac   Data           0  rom_symdef.txt ABSOLUTE
    attm_state                               0x000804b4   Data           0  rom_symdef.txt ABSOLUTE
    atts_env                                 0x000804b8   Data           0  rom_symdef.txt ABSOLUTE
    atts_state                               0x000804d0   Data           0  rom_symdef.txt ABSOLUTE
    gattc_env                                0x000804d8   Data           0  rom_symdef.txt ABSOLUTE
    gattc_state                              0x000804f0   Data           0  rom_symdef.txt ABSOLUTE
    gattm_env                                0x000804f6   Data           0  rom_symdef.txt ABSOLUTE
    gattm_state                              0x000804fc   Data           0  rom_symdef.txt ABSOLUTE
    l2cc_env                                 0x00080500   Data           0  rom_symdef.txt ABSOLUTE
    l2cc_state                               0x00080518   Data           0  rom_symdef.txt ABSOLUTE
    l2cm_env                                 0x0008051e   Data           0  rom_symdef.txt ABSOLUTE
    l2cm_state                               0x00080524   Data           0  rom_symdef.txt ABSOLUTE
    smpc_env                                 0x00080528   Data           0  rom_symdef.txt ABSOLUTE
    smpc_state                               0x00080540   Data           0  rom_symdef.txt ABSOLUTE
    smpm_env                                 0x00080548   Data           0  rom_symdef.txt ABSOLUTE
    smpm_state                               0x00080550   Data           0  rom_symdef.txt ABSOLUTE
    gapc_env                                 0x00080554   Data           0  rom_symdef.txt ABSOLUTE
    gapc_state                               0x0008056c   Data           0  rom_symdef.txt ABSOLUTE
    gap_cfg_table                            0x00080574   Data           0  rom_symdef.txt ABSOLUTE
    gapm_env                                 0x00080578   Data           0  rom_symdef.txt ABSOLUTE
    gapm_state                               0x000805a4   Data           0  rom_symdef.txt ABSOLUTE
    ke_env                                   0x000805a8   Data           0  rom_symdef.txt ABSOLUTE
    ke_task_env                              0x00080604   Data           0  rom_symdef.txt ABSOLUTE
    nvds_data_ptr                            0x000806c0   Data           0  rom_symdef.txt ABSOLUTE
    func_check_mem_flag                      0x000806c4   Data           0  rom_symdef.txt ABSOLUTE
    ke_mem_heaps_used                        0x000806c5   Data           0  rom_symdef.txt ABSOLUTE
    rwip_env                                 0x000806c6   Data           0  rom_symdef.txt ABSOLUTE
    ble_reg_save                             0x000806cc   Data           0  rom_symdef.txt ABSOLUTE
    rwip_rf                                  0x0008071c   Data           0  rom_symdef.txt ABSOLUTE
    rwip_heap_db_ret                         0x00080768   Data        1036  jump_table.o(heap_db_area)
    rwip_heap_env_ret                        0x00080b74   Data         340  jump_table.o(heap_env_area)
    rwip_heap_msg_ret                        0x00080cc8   Data        1324  jump_table.o(heap_msg_area)
    descript                                 0x00082a20   Data        1502  arch_main.o(BLE_exchange_memory)
    __Vectors                                0x20000000   Data           4  boot_vectors.o(RESET)
    __Vectors_End                            0x200000a0   Data           0  boot_vectors.o(RESET)
    jump_table_base                          0x20000160   Data         352  jump_table.o(jump_table_mem_area)
    gap_timeout_table                        0x200002c0   Data         100  gapm.o(timeout_table_area)
    nvds_data_storage                        0x20000340   Data         164  nvds.o(nvds_data_storage_area)
    __main                                   0x20000441   Thumb Code     0  entry.o(.ARM.Collect$$$$00000000)
    _main_stk                                0x20000441   Thumb Code     0  entry2.o(.ARM.Collect$$$$00000001)
    _main_scatterload                        0x20000445   Thumb Code     0  entry5.o(.ARM.Collect$$$$00000004)
    __main_after_scatterload                 0x20000449   Thumb Code     0  entry5.o(.ARM.Collect$$$$00000004)
    _main_clock                              0x20000449   Thumb Code     0  entry7b.o(.ARM.Collect$$$$00000008)
    _main_cpp_init                           0x20000449   Thumb Code     0  entry8b.o(.ARM.Collect$$$$0000000A)
    _main_init                               0x20000449   Thumb Code     0  entry9a.o(.ARM.Collect$$$$0000000B)
    __rt_final_cpp                           0x20000451   Thumb Code     0  entry10a.o(.ARM.Collect$$$$0000000D)
    __rt_final_exit                          0x20000451   Thumb Code     0  entry11a.o(.ARM.Collect$$$$0000000F)
    SystemInit                               0x20000455   Thumb Code    62  system_armcm0.o(.text)
    Reset_Handler                            0x200004a5   Thumb Code     8  boot_vectors.o(.text)
    PendSV_Handler                           0x200004f5   Thumb Code     2  boot_vectors.o(.text)
    SysTick_Handler                          0x200004f7   Thumb Code     2  boot_vectors.o(.text)
    ADC_Handler                              0x200004f9   Thumb Code     0  boot_vectors.o(.text)
    I2C_Handler                              0x200004f9   Thumb Code     0  boot_vectors.o(.text)
    KEYBRD_Handler                           0x200004f9   Thumb Code     0  boot_vectors.o(.text)
    RFCAL_Handler                            0x200004f9   Thumb Code     0  boot_vectors.o(.text)
    SPI_Handler                              0x200004f9   Thumb Code     0  boot_vectors.o(.text)
    SWTIM_Handler                            0x200004f9   Thumb Code     0  boot_vectors.o(.text)
    WKUP_QUADEC_Handler                      0x200004f9   Thumb Code     0  boot_vectors.o(.text)
    HardFault_HandlerC                       0x20000511   Thumb Code    86  hardfault_handler.o(.text)
    lld_sleep_init_func                      0x20000571   Thumb Code    26  arch_main.o(.text)
    main_func                                0x2000058b   Thumb Code   552  arch_main.o(.text)
    dummyf                                   0x200007fd   Thumb Code     2  jump_table.o(.text)
    app_disable_sleep                        0x20000801   Thumb Code    26  arch_sleep.o(.text)
    app_set_extended_sleep                   0x2000081b   Thumb Code    26  arch_sleep.o(.text)
    app_set_deep_sleep                       0x20000835   Thumb Code    28  arch_sleep.o(.text)
    app_restore_sleep_mode                   0x20000851   Thumb Code    68  arch_sleep.o(.text)
    app_force_active_mode                    0x20000895   Thumb Code    30  arch_sleep.o(.text)
    app_ble_ext_wakeup_on                    0x200008b3   Thumb Code     8  arch_sleep.o(.text)
    app_ble_ext_wakeup_off                   0x200008bb   Thumb Code     8  arch_sleep.o(.text)
    app_ble_ext_wakeup_get                   0x200008c3   Thumb Code     6  arch_sleep.o(.text)
    app_ble_force_wakeup                     0x200008c9   Thumb Code    46  arch_sleep.o(.text)
    app_last_rwble_evt_get                   0x200008f7   Thumb Code     6  arch_sleep.o(.text)
    NMI_HandlerC                             0x20000911   Thumb Code   126  nmi_handler.o(.text)
    GPIO_reservations                        0x200009a1   Thumb Code     2  periph_setup.o(.text)
    set_pad_functions                        0x200009a3   Thumb Code     2  periph_setup.o(.text)
    periph_init                              0x200009a5   Thumb Code    46  periph_setup.o(.text)
    select_lp_clk                            0x200009d9   Thumb Code     8  arch_system.o(.text)
    init_pwr_and_clk_ble                     0x200009e1   Thumb Code   196  arch_system.o(.text)
    set_pxact_gpio                           0x20000aa5   Thumb Code    24  arch_system.o(.text)
    calibrate_rcx20                          0x20000abd   Thumb Code     2  arch_system.o(.text)
    read_rcx_freq                            0x20000abf   Thumb Code     2  arch_system.o(.text)
    set_sleep_delay                          0x20000ac1   Thumb Code    10  arch_system.o(.text)
    get_rc16m_count_func                     0x20000acb   Thumb Code    28  arch_system.o(.text)
    conditionally_run_radio_cals             0x20000ae7   Thumb Code    82  arch_system.o(.text)
    lld_sleep_us_2_lpcycles_rcx_func         0x20000b39   Thumb Code     6  arch_system.o(.text)
    lld_sleep_lpcycles_2_us_rcx_func         0x20000b3f   Thumb Code     6  arch_system.o(.text)
    lld_sleep_us_2_lpcycles_sel_func         0x20000b45   Thumb Code    10  arch_system.o(.text)
    lld_sleep_lpcycles_2_us_sel_func         0x20000b4f   Thumb Code    10  arch_system.o(.text)
    uart_flow_off_func                       0x20000b59   Thumb Code    58  arch_system.o(.text)
    calculate_arch_adv_time                  0x20000b93   Thumb Code    12  arch_system.o(.text)
    init_rand_seed_from_trng                 0x20000b9f   Thumb Code    16  arch_system.o(.text)
    check_sys_startup_period                 0x20000baf   Thumb Code    90  arch_system.o(.text)
    app_use_lower_clocks_check               0x20000c09   Thumb Code     4  arch_system.o(.text)
    set_xtal16m_trim_value                   0x20000c0d   Thumb Code    82  arch_system.o(.text)
    SVC_Handler_c                            0x20000cab   Thumb Code    22  arch_patch.o(.text)
    patch_func                               0x20000cc1   Thumb Code    98  arch_patch.o(.text)
    l2cc_pdu_recv_ind_handler                0x20000d75   Thumb Code   232  atts_task.obj(.text)
    my_llc_con_update_req_ind                0x20000e61   Thumb Code   100  ch_map.obj(.text)
    my_llc_ch_map_req_ind                    0x20000ec5   Thumb Code    84  ch_map.obj(.text)
    patched_gapm_adv_op_sanity               0x20000f25   Thumb Code   208  gapm_util.obj(.text)
    ke_task_init_func                        0x20001137   Thumb Code    20  ke_task.obj(.text)
    smpc_send_pairing_req_ind                0x2000115d   Thumb Code   190  smpc.obj(.text)
    smpc_check_pairing_feat                  0x2000121b   Thumb Code    38  smpc.obj(.text)
    smpc_pairing_cfm_handler                 0x20001249   Thumb Code   528  smpc_task.obj(.text)
    my_llcp_con_up_req_handler               0x20001477   Thumb Code    26  llc.obj(.text)
    patch_llc_task                           0x200014e5   Thumb Code    36  llc.obj(.text)
    syscntl_set_dcdc_vbat3v_level            0x2000151d   Thumb Code    18  syscntl.o(.text)
    syscntl_use_lowest_amba_clocks           0x2000152f   Thumb Code    22  syscntl.o(.text)
    syscntl_use_highest_amba_clocks          0x20001545   Thumb Code    22  syscntl.o(.text)
    iq_trim_from_otp                         0x20001561   Thumb Code    54  rf_580.o(.text)
    rf_reg_rd                                0x20001597   Thumb Code     4  rf_580.o(.text)
    rf_reg_wr                                0x2000159b   Thumb Code     2  rf_580.o(.text)
    rf_reset                                 0x2000159d   Thumb Code     2  rf_580.o(.text)
    rf_force_agc_enable                      0x2000159f   Thumb Code     2  rf_580.o(.text)
    rf_txpwr_dbm_get                         0x200015a1   Thumb Code     4  rf_580.o(.text)
    rf_regs                                  0x200015b5   Thumb Code   226  rf_580.o(.text)
    rf_init_func                             0x2000169b   Thumb Code   138  rf_580.o(.text)
    rf_reinit_func                           0x20001725   Thumb Code   120  rf_580.o(.text)
    rf_nfm_is_enabled                        0x2000179d   Thumb Code     6  rf_580.o(.text)
    rf_nfm_enable                            0x200017a3   Thumb Code    14  rf_580.o(.text)
    rf_nfm_disable                           0x200017b1   Thumb Code    12  rf_580.o(.text)
    GPIO_init                                0x2000186d   Thumb Code   140  gpio.o(.text)
    GPIO_SetPinFunction                      0x200018f9   Thumb Code    66  gpio.o(.text)
    GPIO_SetInactive                         0x2000193b   Thumb Code    60  gpio.o(.text)
    GPIO_SetActive                           0x20001977   Thumb Code    60  gpio.o(.text)
    GPIO_ConfigurePin                        0x200019b3   Thumb Code    80  gpio.o(.text)
    GPIO_ConfigurePinPower                   0x20001a03   Thumb Code    84  gpio.o(.text)
    GPIO_GetPinStatus                        0x20001a57   Thumb Code    66  gpio.o(.text)
    GPIO_EnableIRQ                           0x20001a99   Thumb Code   604  gpio.o(.text)
    GPIO_GetIRQInputLevel                    0x20001cf5   Thumb Code   142  gpio.o(.text)
    GPIO_SetIRQInputLevel                    0x20001d83   Thumb Code   146  gpio.o(.text)
    GPIO_ResetIRQ                            0x20001e15   Thumb Code   148  gpio.o(.text)
    GPIO_RegisterCallback                    0x20001ea9   Thumb Code    12  gpio.o(.text)
    GPIOn_Handler                            0x20001eb5   Thumb Code    40  gpio.o(.text)
    GPIO0_Handler                            0x20001edd   Thumb Code     4  gpio.o(.text)
    GPIO1_Handler                            0x20001ee1   Thumb Code     4  gpio.o(.text)
    GPIO2_Handler                            0x20001ee5   Thumb Code     4  gpio.o(.text)
    GPIO3_Handler                            0x20001ee9   Thumb Code     4  gpio.o(.text)
    GPIO4_Handler                            0x20001eed   Thumb Code     4  gpio.o(.text)
    uart2_init_func                          0x20001f4f   Thumb Code    86  uart2.o(.text)
    uart2_init                               0x20001fa5   Thumb Code     2  uart2.o(.text)
    uart2_flow_on_func                       0x20001fa7   Thumb Code     8  uart2.o(.text)
    uart2_flow_on                            0x20001faf   Thumb Code     8  uart2.o(.text)
    uart2_flow_off_func                      0x20001fb7   Thumb Code    58  uart2.o(.text)
    uart2_flow_off                           0x20001ff1   Thumb Code     2  uart2.o(.text)
    uart2_finish_transfers_func              0x20001ff3   Thumb Code    24  uart2.o(.text)
    uart2_finish_transfers                   0x2000200b   Thumb Code     2  uart2.o(.text)
    uart2_read_func                          0x2000200d   Thumb Code    22  uart2.o(.text)
    uart2_read                               0x20002023   Thumb Code     2  uart2.o(.text)
    uart2_write_func                         0x20002025   Thumb Code    34  uart2.o(.text)
    uart2_write                              0x20002047   Thumb Code     2  uart2.o(.text)
    UART2_Handler_func                       0x20002049   Thumb Code    82  uart2.o(.text)
    UART2_Handler                            0x2000209b   Thumb Code     2  uart2.o(.text)
    adc_init                                 0x200020ed   Thumb Code    28  adc.o(.text)
    adc_enable_channel                       0x20002109   Thumb Code    20  adc.o(.text)
    adc_disable                              0x2000211d   Thumb Code     8  adc.o(.text)
    adc_get_sample                           0x20002125   Thumb Code    30  adc.o(.text)
    adc_usDelay                              0x20002143   Thumb Code    30  adc.o(.text)
    adc_get_vbat_sample                      0x20002161   Thumb Code    86  adc.o(.text)
    adc_calibrate                            0x200021b7   Thumb Code    76  adc.o(.text)
    rfpt_init                                0x20002215   Thumb Code    76  trng.o(.text)
    trng_init                                0x20002261   Thumb Code    96  trng.o(.text)
    trng_get_raw_data                        0x200022c1   Thumb Code    18  trng.o(.text)
    trng_acquire                             0x200022d3   Thumb Code   214  trng.o(.text)
    custom_nvds_get_func                     0x200023c9   Thumb Code    56  nvds.o(.text)
    nvds_read_bdaddr_from_otp                0x20002401   Thumb Code    50  nvds.o(.text)
    rwip_sleep                               0x2000244d   Thumb Code   336  rwip.o(.text)
    lld_sleep_compensate_func_patched        0x200025c1   Thumb Code    66  rwble.o(.text)
    power_up                                 0x20002603   Thumb Code    76  rwble.o(.text)
    BLE_WAKEUP_LP_Handler                    0x2000264f   Thumb Code   104  rwble.o(.text)
    BLE_SLP_Handler                          0x200026b7   Thumb Code   116  rwble.o(.text)
    BLE_CSCNT_Handler                        0x2000272b   Thumb Code    18  rwble.o(.text)
    BLE_FINETGTIM_Handler                    0x2000273d   Thumb Code    18  rwble.o(.text)
    BLE_RX_Handler                           0x2000274f   Thumb Code     8  rwble.o(.text)
    BLE_EVENT_Handler                        0x20002757   Thumb Code    24  rwble.o(.text)
    BLE_RF_DIAG_Handler                      0x2000276f   Thumb Code    82  rwble.o(.text)
    app_init                                 0x20002809   Thumb Code    62  app.o(.text)
    app_db_init                              0x20002847   Thumb Code     8  app.o(.text)
    app_disconnect                           0x2000284f   Thumb Code    34  app.o(.text)
    app_connect_confirm                      0x20002871   Thumb Code    42  app.o(.text)
    app_adv_start                            0x2000289b   Thumb Code    36  app.o(.text)
    app_adv_stop                             0x200028bf   Thumb Code    26  app.o(.text)
    app_param_update_start                   0x200028d9   Thumb Code     8  app.o(.text)
    app_timer_set                            0x200028e1   Thumb Code    24  app.o(.text)
    app_connect                              0x200028f9   Thumb Code    62  app.o(.text)
    app_sec_gen_tk                           0x2000294d   Thumb Code    18  app_sec.o(.text)
    app_sec_gen_ltk                          0x2000295f   Thumb Code    74  app_sec.o(.text)
    app_sec_init                             0x200029a9   Thumb Code    16  app_sec.o(.text)
    app_security_start                       0x200029b9   Thumb Code    46  app_sec.o(.text)
    gapc_bond_req_ind_handler                0x200029fd   Thumb Code    82  app_sec_task.o(.text)
    gapc_bond_ind_handler                    0x20002a4f   Thumb Code    66  app_sec_task.o(.text)
    gapc_encrypt_req_ind_handler             0x20002a91   Thumb Code   120  app_sec_task.o(.text)
    gapc_encrypt_ind_handler                 0x20002b09   Thumb Code    10  app_sec_task.o(.text)
    gapm_device_ready_ind_handler            0x20002b21   Thumb Code    36  app_task.o(.text)
    gapm_cmp_evt_handler                     0x20002b45   Thumb Code   130  app_task.o(.text)
    gapc_connection_req_ind_handler          0x20002bc7   Thumb Code    32  app_task.o(.text)
    gapc_cmp_evt_handler                     0x20002be7   Thumb Code    50  app_task.o(.text)
    gapc_disconnect_ind_handler              0x20002c19   Thumb Code    12  app_task.o(.text)
    app_module_init_cmp_evt_handler          0x20002c25   Thumb Code    36  app_task.o(.text)
    gapm_adv_report_ind_handler              0x20002c49   Thumb Code    12  app_task.o(.text)
    app_init_func                            0x20002c5d   Thumb Code     2  app_template_proj.o(.text)
    app_sec_init_func                        0x20002c5f   Thumb Code     2  app_template_proj.o(.text)
    app_connection_func                      0x20002c61   Thumb Code    56  app_template_proj.o(.text)
    app_adv_func                             0x20002c99   Thumb Code   212  app_template_proj.o(.text)
    app_disconnect_func                      0x20002d6d   Thumb Code    24  app_template_proj.o(.text)
    app_db_init_func                         0x20002d85   Thumb Code    24  app_template_proj.o(.text)
    app_param_update_func                    0x20002d9d   Thumb Code     2  app_template_proj.o(.text)
    app_configuration_func                   0x20002d9f   Thumb Code    40  app_template_proj.o(.text)
    app_set_dev_config_complete_func         0x20002dc7   Thumb Code    24  app_template_proj.o(.text)
    app_update_params_rejected_func          0x20002ddf   Thumb Code     2  app_template_proj.o(.text)
    app_update_params_complete_func          0x20002de1   Thumb Code     2  app_template_proj.o(.text)
    app_adv_undirect_complete                0x20002de3   Thumb Code     2  app_template_proj.o(.text)
    app_adv_direct_complete                  0x20002de5   Thumb Code     2  app_template_proj.o(.text)
    app_db_init_complete_func                0x20002de7   Thumb Code     8  app_template_proj.o(.text)
    app_scanning_completed_func              0x20002def   Thumb Code     2  app_template_proj.o(.text)
    app_connect_func                         0x20002df1   Thumb Code     2  app_template_proj.o(.text)
    app_adv_report_ind_func                  0x20002df3   Thumb Code     2  app_template_proj.o(.text)
    app_connect_failed_func                  0x20002df5   Thumb Code     2  app_template_proj.o(.text)
    app_send_pairing_rsp_func                0x20002df7   Thumb Code    52  app_template_proj.o(.text)
    app_send_tk_exch_func                    0x20002e2b   Thumb Code    60  app_template_proj.o(.text)
    app_send_irk_exch_func                   0x20002e67   Thumb Code     2  app_template_proj.o(.text)
    app_send_csrk_exch_func                  0x20002e69   Thumb Code     2  app_template_proj.o(.text)
    app_send_ltk_exch_func                   0x20002e6b   Thumb Code    76  app_template_proj.o(.text)
    app_paired_func                          0x20002eb7   Thumb Code     2  app_template_proj.o(.text)
    app_validate_encrypt_req_func            0x20002eb9   Thumb Code     4  app_template_proj.o(.text)
    app_sec_encrypt_ind_func                 0x20002ebd   Thumb Code     2  app_template_proj.o(.text)
    app_sec_encrypt_complete_func            0x20002ebf   Thumb Code     2  app_template_proj.o(.text)
    app_mitm_passcode_entry_func             0x20002ec1   Thumb Code     2  app_template_proj.o(.text)
    __scatterload                            0x20002f05   Thumb Code    28  init.o(.text)
    __scatterload_rt2                        0x20002f05   Thumb Code     0  init.o(.text)
    Long Thumb to Thumb Veneer to set_system_clocks 0x20002f29   Thumb Code    12  anon$$obj.o(Veneer$$Code)
    Long Thumb to Thumb Veneer to srand      0x20002f35   Thumb Code    12  anon$$obj.o(Veneer$$Code)
    Long Thumb to Thumb Veneer to nvds_init  0x20002f41   Thumb Code    12  anon$$obj.o(Veneer$$Code)
    Long Thumb to Thumb Veneer to rwip_init  0x20002f4d   Thumb Code    12  anon$$obj.o(Veneer$$Code)
    Long Thumb to Thumb Veneer to enable_rf_diag_irq 0x20002f59   Thumb Code    12  anon$$obj.o(Veneer$$Code)
    Long Thumb to Thumb Veneer to rwip_prevent_sleep_get 0x20002f65   Thumb Code    12  anon$$obj.o(Veneer$$Code)
    Long Thumb to Thumb Veneer to ke_event_get 0x20002f71   Thumb Code    12  anon$$obj.o(Veneer$$Code)
    Long Thumb to Thumb Veneer to rwip_schedule 0x20002f7d   Thumb Code    12  anon$$obj.o(Veneer$$Code)
    Long Thumb to Thumb Veneer to lld_sleep_check 0x20002f89   Thumb Code    12  anon$$obj.o(Veneer$$Code)
    Long Thumb to Thumb Veneer to func_check_mem 0x20002f95   Thumb Code    12  anon$$obj.o(Veneer$$Code)
    Long Thumb to Thumb Veneer to test_rxdone 0x20002fa1   Thumb Code    12  anon$$obj.o(Veneer$$Code)
    Long Thumb to Thumb Veneer to ke_mem_is_empty 0x20002fad   Thumb Code    12  anon$$obj.o(Veneer$$Code)
    Long Thumb to Thumb Veneer to app_get_sleep_mode 0x20002fb9   Thumb Code    12  anon$$obj.o(Veneer$$Code)
    Long Thumb to Thumb Veneer to rwip_wakeup_delay_set 0x20002fc5   Thumb Code    12  anon$$obj.o(Veneer$$Code)
    Long Thumb to Thumb Veneer to $Super$$get_rc16m_count_func 0x20002fd1   Thumb Code    12  anon$$obj.o(Veneer$$Code)
    Long Thumb to Thumb Veneer to get_rc16m_count 0x20002fdd   Thumb Code    12  anon$$obj.o(Veneer$$Code)
    Long Thumb to Thumb Veneer to pll_vcocal_LUT_InitUpdate 0x20002fe9   Thumb Code    12  anon$$obj.o(Veneer$$Code)
    Long Thumb to Thumb Veneer to rf_calibration 0x20002ff5   Thumb Code    12  anon$$obj.o(Veneer$$Code)
    Long Thumb to Thumb Veneer to lld_sleep_us_2_lpcycles_func 0x20003001   Thumb Code    12  anon$$obj.o(Veneer$$Code)
    Long Thumb to Thumb Veneer to lld_sleep_lpcycles_2_us_func 0x2000300d   Thumb Code    12  anon$$obj.o(Veneer$$Code)
    Long Thumb to Thumb Veneer to uart_flow_on 0x20003019   Thumb Code    12  anon$$obj.o(Veneer$$Code)
    Long Thumb to Thumb Veneer to ke_state_get 0x20003025   Thumb Code    12  anon$$obj.o(Veneer$$Code)
    Long Thumb to Thumb Veneer to __ARM_common_switch8 0x20003031   Thumb Code    12  anon$$obj.o(Veneer$$Code)
    Long Thumb to Thumb Veneer to ke_timer_clear 0x2000303d   Thumb Code    12  anon$$obj.o(Veneer$$Code)
    Long Thumb to Thumb Veneer to atts_send_cmd_cmp 0x20003049   Thumb Code    12  anon$$obj.o(Veneer$$Code)
    Long Thumb to Thumb Veneer to ke_state_set 0x20003055   Thumb Code    12  anon$$obj.o(Veneer$$Code)
    Long Thumb to Thumb Veneer to atts_mtu_exc_resp 0x20003061   Thumb Code    12  anon$$obj.o(Veneer$$Code)
    Long Thumb to Thumb Veneer to atts_find_info_resp 0x2000306d   Thumb Code    12  anon$$obj.o(Veneer$$Code)
    Long Thumb to Thumb Veneer to atts_find_by_type_resp 0x20003079   Thumb Code    12  anon$$obj.o(Veneer$$Code)
    Long Thumb to Thumb Veneer to atts_read_by_type_resp 0x20003085   Thumb Code    12  anon$$obj.o(Veneer$$Code)
    Long Thumb to Thumb Veneer to atts_read_by_grp_type_resp 0x20003091   Thumb Code    12  anon$$obj.o(Veneer$$Code)
    Long Thumb to Thumb Veneer to atts_read_resp 0x2000309d   Thumb Code    12  anon$$obj.o(Veneer$$Code)
    Long Thumb to Thumb Veneer to atts_read_blob_resp 0x200030a9   Thumb Code    12  anon$$obj.o(Veneer$$Code)
    Long Thumb to Thumb Veneer to atts_read_mult_resp 0x200030b5   Thumb Code    12  anon$$obj.o(Veneer$$Code)
    Long Thumb to Thumb Veneer to atts_write_no_resp 0x200030c1   Thumb Code    12  anon$$obj.o(Veneer$$Code)
    Long Thumb to Thumb Veneer to atts_write_resp 0x200030cd   Thumb Code    12  anon$$obj.o(Veneer$$Code)
    Long Thumb to Thumb Veneer to atts_signed_write_resp 0x200030d9   Thumb Code    12  anon$$obj.o(Veneer$$Code)
    Long Thumb to Thumb Veneer to atts_prepare_write_resp 0x200030e5   Thumb Code    12  anon$$obj.o(Veneer$$Code)
    Long Thumb to Thumb Veneer to atts_execute_write_resp 0x200030f1   Thumb Code    12  anon$$obj.o(Veneer$$Code)
    Long Thumb to Thumb Veneer to lld_con_update_ind 0x200030fd   Thumb Code    12  anon$$obj.o(Veneer$$Code)
    Long Thumb to Thumb Veneer to __aeabi_uidivmod 0x20003109   Thumb Code    12  anon$$obj.o(Veneer$$Code)
    Long Thumb to Thumb Veneer to llc_util_dicon_procedure 0x20003115   Thumb Code    12  anon$$obj.o(Veneer$$Code)
    Long Thumb to Thumb Veneer to lld_ch_map_ind 0x20003121   Thumb Code    12  anon$$obj.o(Veneer$$Code)
    Long Thumb to Thumb Veneer to __aeabi_memcpy 0x2000312d   Thumb Code    12  anon$$obj.o(Veneer$$Code)
    Long Thumb to Thumb Veneer to gapm_get_privacy_flag 0x20003139   Thumb Code    12  anon$$obj.o(Veneer$$Code)
    Long Thumb to Thumb Veneer to gapm_set_recon_addr 0x20003145   Thumb Code    12  anon$$obj.o(Veneer$$Code)
    Long Thumb to Thumb Veneer to co_list_pop_front 0x20003151   Thumb Code    12  anon$$obj.o(Veneer$$Code)
    Long Thumb to Thumb Veneer to ke_task_handler_get 0x2000315d   Thumb Code    12  anon$$obj.o(Veneer$$Code)
    Long Thumb to Thumb Veneer to ke_msg_free 0x20003169   Thumb Code    12  anon$$obj.o(Veneer$$Code)
    Long Thumb to Thumb Veneer to co_list_push_back 0x20003175   Thumb Code    12  anon$$obj.o(Veneer$$Code)
    Long Thumb to Thumb Veneer to ke_event_clear 0x20003181   Thumb Code    12  anon$$obj.o(Veneer$$Code)
    Long Thumb to Thumb Veneer to __aeabi_memclr4 0x2000318d   Thumb Code    12  anon$$obj.o(Veneer$$Code)
    Long Thumb to Thumb Veneer to ke_event_callback_set 0x20003199   Thumb Code    12  anon$$obj.o(Veneer$$Code)
    Long Thumb to Thumb Veneer to ke_msg_alloc 0x200031a5   Thumb Code    12  anon$$obj.o(Veneer$$Code)
    Long Thumb to Thumb Veneer to gapc_get_enc_keysize 0x200031b1   Thumb Code    12  anon$$obj.o(Veneer$$Code)
    Long Thumb to Thumb Veneer to gapc_get_role 0x200031bd   Thumb Code    12  anon$$obj.o(Veneer$$Code)
    Long Thumb to Thumb Veneer to ke_msg_send 0x200031c9   Thumb Code    12  anon$$obj.o(Veneer$$Code)
    Long Thumb to Thumb Veneer to smpc_generate_rand 0x200031d5   Thumb Code    12  anon$$obj.o(Veneer$$Code)
    Long Thumb to Thumb Veneer to smpc_tkdp_send_continue 0x200031e1   Thumb Code    12  anon$$obj.o(Veneer$$Code)
    Long Thumb to Thumb Veneer to smpc_pdu_send 0x200031ed   Thumb Code    12  anon$$obj.o(Veneer$$Code)
    Long Thumb to Thumb Veneer to smpc_tkdp_rcp_start 0x200031f9   Thumb Code    12  anon$$obj.o(Veneer$$Code)
    Long Thumb to Thumb Veneer to smpc_pairing_end 0x20003205   Thumb Code    12  anon$$obj.o(Veneer$$Code)
    Long Thumb to Thumb Veneer to smpc_check_max_key_size 0x20003211   Thumb Code    12  anon$$obj.o(Veneer$$Code)
    Long Thumb to Thumb Veneer to smpc_check_key_distrib 0x2000321d   Thumb Code    12  anon$$obj.o(Veneer$$Code)
    Long Thumb to Thumb Veneer to smpc_get_key_sec_prop 0x20003229   Thumb Code    12  anon$$obj.o(Veneer$$Code)
    Long Thumb to Thumb Veneer to smpc_is_sec_mode_reached 0x20003235   Thumb Code    12  anon$$obj.o(Veneer$$Code)
    Long Thumb to Thumb Veneer to llc_le_con_update_cmd_handler 0x20003241   Thumb Code    12  anon$$obj.o(Veneer$$Code)
    Long Thumb to Thumb Veneer to llcp_con_up_req_handler 0x2000324d   Thumb Code    12  anon$$obj.o(Veneer$$Code)
    Long Thumb to Thumb Veneer to lld_evt_int_extract 0x20003259   Thumb Code    12  anon$$obj.o(Veneer$$Code)
    Long Thumb to Thumb Veneer to ke_free    0x20003265   Thumb Code    12  anon$$obj.o(Veneer$$Code)
    Long Thumb to Thumb Veneer to lld_stop_ind_handler 0x20003271   Thumb Code    12  anon$$obj.o(Veneer$$Code)
    Long Thumb to Thumb Veneer to __aeabi_llsl 0x2000327d   Thumb Code    12  anon$$obj.o(Veneer$$Code)
    Long Thumb to Thumb Veneer to IffCalibration 0x20003289   Thumb Code    12  anon$$obj.o(Veneer$$Code)
    Long Thumb to Thumb Veneer to DCoffsetCalibration 0x20003295   Thumb Code    12  anon$$obj.o(Veneer$$Code)
    Long Thumb to Thumb Veneer to memcmp     0x200032a1   Thumb Code    12  anon$$obj.o(Veneer$$Code)
    Long Thumb to Thumb Veneer to nvds_get_func 0x200032ad   Thumb Code    12  anon$$obj.o(Veneer$$Code)
    Long Thumb to Thumb Veneer to ke_sleep_check 0x200032b9   Thumb Code    12  anon$$obj.o(Veneer$$Code)
    Long Thumb to Thumb Veneer to ke_timer_sleep_check 0x200032c5   Thumb Code    12  anon$$obj.o(Veneer$$Code)
    Long Thumb to Thumb Veneer to lld_sleep_enter 0x200032d1   Thumb Code    12  anon$$obj.o(Veneer$$Code)
    Long Thumb to Thumb Veneer to ble_regs_push 0x200032dd   Thumb Code    12  anon$$obj.o(Veneer$$Code)
    Long Thumb to Thumb Veneer to ble_regs_pop 0x200032e9   Thumb Code    12  anon$$obj.o(Veneer$$Code)
    Long Thumb to Thumb Veneer to rwip_wakeup 0x200032f5   Thumb Code    12  anon$$obj.o(Veneer$$Code)
    Long Thumb to Thumb Veneer to rf_workaround_init 0x20003301   Thumb Code    12  anon$$obj.o(Veneer$$Code)
    Long Thumb to Thumb Veneer to rf_reinit  0x2000330d   Thumb Code    12  anon$$obj.o(Veneer$$Code)
    Long Thumb to Thumb Veneer to $Super$$BLE_CSCNT_Handler 0x20003319   Thumb Code    12  anon$$obj.o(Veneer$$Code)
    Long Thumb to Thumb Veneer to lld_evt_rx_isr 0x20003325   Thumb Code    12  anon$$obj.o(Veneer$$Code)
    Long Thumb to Thumb Veneer to lld_evt_end_isr 0x20003331   Thumb Code    12  anon$$obj.o(Veneer$$Code)
    Long Thumb to Thumb Veneer to set_rf_cal_cap 0x2000333d   Thumb Code    12  anon$$obj.o(Veneer$$Code)
    Long Thumb to Thumb Veneer to set_gauss_modgain 0x20003349   Thumb Code    12  anon$$obj.o(Veneer$$Code)
    Long Thumb to Thumb Veneer to lld_evt_start_isr 0x20003355   Thumb Code    12  anon$$obj.o(Veneer$$Code)
    Long Thumb to Thumb Veneer to __aeabi_memclr 0x20003361   Thumb Code    12  anon$$obj.o(Veneer$$Code)
    Long Thumb to Thumb Veneer to nvds_get   0x2000336d   Thumb Code    12  anon$$obj.o(Veneer$$Code)
    Long Thumb to Thumb Veneer to ke_task_create 0x20003379   Thumb Code    12  anon$$obj.o(Veneer$$Code)
    Long Thumb to Thumb Veneer to ke_timer_set 0x20003385   Thumb Code    12  anon$$obj.o(Veneer$$Code)
    Long Thumb to Thumb Veneer to rand       0x20003391   Thumb Code    12  anon$$obj.o(Veneer$$Code)
    Long Thumb to Thumb Veneer to __aeabi_idivmod 0x2000339d   Thumb Code    12  anon$$obj.o(Veneer$$Code)
    Long Thumb to Thumb Veneer to __aeabi_memcpy4 0x200033a9   Thumb Code    12  anon$$obj.o(Veneer$$Code)
    __scatterload_copy                       0x200033b5   Thumb Code    14  handlers.o(i.__scatterload_copy)
    __scatterload_null                       0x200033c3   Thumb Code     2  handlers.o(i.__scatterload_null)
    __scatterload_zeroinit                   0x200033c5   Thumb Code    14  handlers.o(i.__scatterload_zeroinit)
    LUT_CFG                                  0x200033d2   Data          22  jump_table.o(.constdata)
    my_llc_state_handler                     0x20003548   Data         176  llc.obj(.constdata)
    my_llc_default_handler                   0x200035f8   Data           8  llc.obj(.constdata)
    TASK_DESC_LLC                            0x20003600   Data          16  llc.obj(.constdata)
    app_default_state                        0x20003628   Data          88  app_task.o(.constdata)
    app_default_handler                      0x20003680   Data           8  app_task.o(.constdata)
    Region$$Table$$Base                      0x20003688   Number         0  anon$$obj.o(Region$$Table)
    Region$$Table$$Limit                     0x200036b8   Number         0  anon$$obj.o(Region$$Table)
    startup_sleep_delay                      0x200036b8   Data           4  arch_system.o(.data)
    sys_startup_flag                         0x20008000   Data           1  arch_main.o(retention_mem_area0)
    sleep_md                                 0x20008001   Data           1  arch_sleep.o(retention_mem_area0)
    sleep_pend                               0x20008002   Data           1  arch_sleep.o(retention_mem_area0)
    sleep_cnt                                0x20008003   Data           1  arch_sleep.o(retention_mem_area0)
    sleep_ext_force                          0x20008004   Data           1  arch_sleep.o(retention_mem_area0)
    cal_enable                               0x20008008   Data           1  arch_system.o(retention_mem_area0)
    lp_clk_sel                               0x2000800c   Data           4  arch_system.o(retention_mem_area0)
    rcx_freq                                 0x20008010   Data           4  arch_system.o(retention_mem_area0)
    rcx_period                               0x20008014   Data           4  arch_system.o(retention_mem_area0)
    rcx_slot_duration                        0x20008018   Data           4  arch_system.o(retention_mem_area0)
    alt_evts                                 0x2000801c   Data           4  llc.obj(retention_mem_area0)
    dev_bdaddr                               0x20008040   Data           6  nvds.o(retention_mem_area0)
    sleep_lp_cycles                          0x20008048   Data           4  rwip.o(retention_mem_area0)
    slp_period_retained                      0x2000804c   Data           4  rwip.o(retention_mem_area0)
    rwble_last_event                         0x20008050   Data           1  rwble.o(retention_mem_area0)
    set_boost_low_vbat1v_overhead            0x20008051   Data           1  rwble.o(retention_mem_area0)
    fine_hit                                 0x20008052   Data           1  rwble.o(retention_mem_area0)
    clk_freq_trim_reg_value                  0x20008054   Data           2  rwble.o(retention_mem_area0)
    wakeup_lp_comp                           0x20008056   Data           2  rwble.o(retention_mem_area0)
    app_env                                  0x20008058   Data          12  app.o(retention_mem_area0)
    app_sec_env                              0x20008064   Data          36  app_sec.o(retention_mem_area0)
    app_state                                0x20008088   Data           1  app_task.o(retention_mem_area0)
    rwip_heap_non_ret                        0x20008bf4   Data        1036  jump_table.o(heap_mem_area_not_ret)
    SystemCoreClock                          0x20009000   Data           0  rom_symdef.txt ABSOLUTE
    error                                    0x20009004   Data           0  rom_symdef.txt ABSOLUTE
    GPIO_status                              0x20009020   Data           8  gpio.o(.bss)
    GPIO                                     0x20009028   Data         160  gpio.o(.bss)
    GPIOHandlerFunction                      0x200090c8   Data          20  gpio.o(.bss)
    dbg                                      0x200090dc   Data           1  app_template_proj.o(.bss)
    p_cfm                                    0x200090e0   Data           4  app_template_proj.o(.bss)
    __initial_sp                             0x20009800   Data           0  boot_vectors.o(STACK)



==============================================================================

Memory Map of the image

  Image Entry point : 0x20000441

  Load Region LR_IROM1 (Base: 0x20000000, Size: 0x000000a0, Max: 0x00000160, ABSOLUTE)

    Execution Region ER_IROM1 (Base: 0x20000000, Size: 0x000000a0, Max: 0x00000160, ABSOLUTE)

    Base Addr    Size         Type   Attr      Idx    E Section Name        Object

    0x20000000   0x000000a0   Data   RO           52    RESET               boot_vectors.o



  Load Region LR_IROM2 (Base: 0x20000160, Size: 0x00000160, Max: 0x00000160, ABSOLUTE)

    Execution Region ER_IROM2 (Base: 0x20000160, Size: 0x00000160, Max: 0x00000160, ABSOLUTE)

    Base Addr    Size         Type   Attr      Idx    E Section Name        Object

    0x20000160   0x00000160   Data   RO          286    jump_table_mem_area  jump_table.o



  Load Region LR_IROM3 (Base: 0x200002c0, Size: 0x00000064, Max: 0x00000080, ABSOLUTE)

    Execution Region ER_IROM3 (Base: 0x200002c0, Size: 0x00000064, Max: 0x00000080, ABSOLUTE)

    Base Addr    Size         Type   Attr      Idx    E Section Name        Object

    0x200002c0   0x00000064   Data   RO          735    timeout_table_area  gapm.o



  Load Region LR_IROM4 (Base: 0x20000340, Size: 0x000000a4, Max: 0x00000100, ABSOLUTE)

    Execution Region ER_IROM4 (Base: 0x20000340, Size: 0x000000a4, Max: 0x00000100, ABSOLUTE)

    Base Addr    Size         Type   Attr      Idx    E Section Name        Object

    0x20000340   0x000000a4   Data   RO          782    nvds_data_storage_area  nvds.o



  Load Region LR_IROM5 (Base: 0x20000440, Size: 0x0000327c, Max: 0x000093c0, ABSOLUTE)

    Execution Region ER_IROM5 (Base: 0x20000440, Size: 0x0000327c, Max: 0x00007ac0, ABSOLUTE)

    Base Addr    Size         Type   Attr      Idx    E Section Name        Object

    0x20000440   0x00000000   Code   RO         1478  * .ARM.Collect$$$$00000000  mc_p.l(entry.o)
    0x20000440   0x00000004   Code   RO         1479    .ARM.Collect$$$$00000001  mc_p.l(entry2.o)
    0x20000444   0x00000004   Code   RO         1482    .ARM.Collect$$$$00000004  mc_p.l(entry5.o)
    0x20000448   0x00000000   Code   RO         1484    .ARM.Collect$$$$00000008  mc_p.l(entry7b.o)
    0x20000448   0x00000000   Code   RO         1486    .ARM.Collect$$$$0000000A  mc_p.l(entry8b.o)
    0x20000448   0x00000008   Code   RO         1487    .ARM.Collect$$$$0000000B  mc_p.l(entry9a.o)
    0x20000450   0x00000000   Code   RO         1489    .ARM.Collect$$$$0000000D  mc_p.l(entry10a.o)
    0x20000450   0x00000000   Code   RO         1491    .ARM.Collect$$$$0000000F  mc_p.l(entry11a.o)
    0x20000450   0x00000004   Code   RO         1480    .ARM.Collect$$$$00002712  mc_p.l(entry2.o)
    0x20000454   0x00000050   Code   RO            2    .text               system_armcm0.o
    0x200004a4   0x0000006c   Code   RO           53    .text               boot_vectors.o
    0x20000510   0x00000060   Code   RO           58    .text               hardfault_handler.o
    0x20000570   0x0000028c   Code   RO          114    .text               arch_main.o
    0x200007fc   0x00000002   Code   RO          280    .text               jump_table.o
    0x200007fe   0x00000002   PAD
    0x20000800   0x00000110   Code   RO          440    .text               arch_sleep.o
    0x20000910   0x00000090   Code   RO          459    .text               nmi_handler.o
    0x200009a0   0x00000038   Code   RO          475    .text               periph_setup.o
    0x200009d8   0x000002bc   Code   RO          491    .text               arch_system.o
    0x20000c94   0x000000e0   Code   RO          551    .text               arch_patch.o
    0x20000d74   0x000000ec   Code   RO          586    .text               atts_task.obj
    0x20000e60   0x000000c4   Code   RO          590    .text               ch_map.obj
    0x20000f24   0x00000180   Code   RO          592    .text               gapm_util.obj
    0x200010a4   0x000000b8   Code   RO          594    .text               ke_task.obj
    0x2000115c   0x000000ec   Code   RO          596    .text               smpc.obj
    0x20001248   0x00000214   Code   RO          598    .text               smpc_task.obj
    0x2000145c   0x000000c0   Code   RO          600    .text               llc.obj
    0x2000151c   0x00000044   Code   RO          608    .text               syscntl.o
    0x20001560   0x0000030c   Code   RO          623    .text               rf_580.o
    0x2000186c   0x0000069c   Code   RO          650    .text               gpio.o
    0x20001f08   0x000001e4   Code   RO          673    .text               uart2.o
    0x200020ec   0x00000128   Code   RO          706    .text               adc.o
    0x20002214   0x000001b4   Code   RO          722    .text               trng.o
    0x200023c8   0x00000084   Code   RO          781    .text               nvds.o
    0x2000244c   0x00000174   Code   RO          798    .text               rwip.o
    0x200025c0   0x00000248   Code   RO          832    .text               rwble.o
    0x20002808   0x00000144   Code   RO         1349    .text               app.o
    0x2000294c   0x000000b0   Code   RO         1386    .text               app_sec.o
    0x200029fc   0x00000124   Code   RO         1407    .text               app_sec_task.o
    0x20002b20   0x0000013c   Code   RO         1419    .text               app_task.o
    0x20002c5c   0x000002a8   Code   RO         1442    .text               app_template_proj.o
    0x20002f04   0x00000024   Code   RO         1493    .text               mc_p.l(init.o)
    0x20002f28   0x0000000c   Ven    RO         1503    Veneer$$Code        anon$$obj.o
    0x20002f34   0x0000000c   Ven    RO         1504    Veneer$$Code        anon$$obj.o
    0x20002f40   0x0000000c   Ven    RO         1505    Veneer$$Code        anon$$obj.o
    0x20002f4c   0x0000000c   Ven    RO         1506    Veneer$$Code        anon$$obj.o
    0x20002f58   0x0000000c   Ven    RO         1507    Veneer$$Code        anon$$obj.o
    0x20002f64   0x0000000c   Ven    RO         1508    Veneer$$Code        anon$$obj.o
    0x20002f70   0x0000000c   Ven    RO         1509    Veneer$$Code        anon$$obj.o
    0x20002f7c   0x0000000c   Ven    RO         1510    Veneer$$Code        anon$$obj.o
    0x20002f88   0x0000000c   Ven    RO         1511    Veneer$$Code        anon$$obj.o
    0x20002f94   0x0000000c   Ven    RO         1512    Veneer$$Code        anon$$obj.o
    0x20002fa0   0x0000000c   Ven    RO         1513    Veneer$$Code        anon$$obj.o
    0x20002fac   0x0000000c   Ven    RO         1514    Veneer$$Code        anon$$obj.o
    0x20002fb8   0x0000000c   Ven    RO         1515    Veneer$$Code        anon$$obj.o
    0x20002fc4   0x0000000c   Ven    RO         1516    Veneer$$Code        anon$$obj.o
    0x20002fd0   0x0000000c   Ven    RO         1517    Veneer$$Code        anon$$obj.o
    0x20002fdc   0x0000000c   Ven    RO         1518    Veneer$$Code        anon$$obj.o
    0x20002fe8   0x0000000c   Ven    RO         1519    Veneer$$Code        anon$$obj.o
    0x20002ff4   0x0000000c   Ven    RO         1520    Veneer$$Code        anon$$obj.o
    0x20003000   0x0000000c   Ven    RO         1521    Veneer$$Code        anon$$obj.o
    0x2000300c   0x0000000c   Ven    RO         1522    Veneer$$Code        anon$$obj.o
    0x20003018   0x0000000c   Ven    RO         1523    Veneer$$Code        anon$$obj.o
    0x20003024   0x0000000c   Ven    RO         1524    Veneer$$Code        anon$$obj.o
    0x20003030   0x0000000c   Ven    RO         1525    Veneer$$Code        anon$$obj.o
    0x2000303c   0x0000000c   Ven    RO         1526    Veneer$$Code        anon$$obj.o
    0x20003048   0x0000000c   Ven    RO         1527    Veneer$$Code        anon$$obj.o
    0x20003054   0x0000000c   Ven    RO         1528    Veneer$$Code        anon$$obj.o
    0x20003060   0x0000000c   Ven    RO         1529    Veneer$$Code        anon$$obj.o
    0x2000306c   0x0000000c   Ven    RO         1530    Veneer$$Code        anon$$obj.o
    0x20003078   0x0000000c   Ven    RO         1531    Veneer$$Code        anon$$obj.o
    0x20003084   0x0000000c   Ven    RO         1532    Veneer$$Code        anon$$obj.o
    0x20003090   0x0000000c   Ven    RO         1533    Veneer$$Code        anon$$obj.o
    0x2000309c   0x0000000c   Ven    RO         1534    Veneer$$Code        anon$$obj.o
    0x200030a8   0x0000000c   Ven    RO         1535    Veneer$$Code        anon$$obj.o
    0x200030b4   0x0000000c   Ven    RO         1536    Veneer$$Code        anon$$obj.o
    0x200030c0   0x0000000c   Ven    RO         1537    Veneer$$Code        anon$$obj.o
    0x200030cc   0x0000000c   Ven    RO         1538    Veneer$$Code        anon$$obj.o
    0x200030d8   0x0000000c   Ven    RO         1539    Veneer$$Code        anon$$obj.o
    0x200030e4   0x0000000c   Ven    RO         1540    Veneer$$Code        anon$$obj.o
    0x200030f0   0x0000000c   Ven    RO         1541    Veneer$$Code        anon$$obj.o
    0x200030fc   0x0000000c   Ven    RO         1542    Veneer$$Code        anon$$obj.o
    0x20003108   0x0000000c   Ven    RO         1543    Veneer$$Code        anon$$obj.o
    0x20003114   0x0000000c   Ven    RO         1544    Veneer$$Code        anon$$obj.o
    0x20003120   0x0000000c   Ven    RO         1545    Veneer$$Code        anon$$obj.o
    0x2000312c   0x0000000c   Ven    RO         1546    Veneer$$Code        anon$$obj.o
    0x20003138   0x0000000c   Ven    RO         1547    Veneer$$Code        anon$$obj.o
    0x20003144   0x0000000c   Ven    RO         1548    Veneer$$Code        anon$$obj.o
    0x20003150   0x0000000c   Ven    RO         1549    Veneer$$Code        anon$$obj.o
    0x2000315c   0x0000000c   Ven    RO         1550    Veneer$$Code        anon$$obj.o
    0x20003168   0x0000000c   Ven    RO         1551    Veneer$$Code        anon$$obj.o
    0x20003174   0x0000000c   Ven    RO         1552    Veneer$$Code        anon$$obj.o
    0x20003180   0x0000000c   Ven    RO         1553    Veneer$$Code        anon$$obj.o
    0x2000318c   0x0000000c   Ven    RO         1554    Veneer$$Code        anon$$obj.o
    0x20003198   0x0000000c   Ven    RO         1555    Veneer$$Code        anon$$obj.o
    0x200031a4   0x0000000c   Ven    RO         1556    Veneer$$Code        anon$$obj.o
    0x200031b0   0x0000000c   Ven    RO         1557    Veneer$$Code        anon$$obj.o
    0x200031bc   0x0000000c   Ven    RO         1558    Veneer$$Code        anon$$obj.o
    0x200031c8   0x0000000c   Ven    RO         1559    Veneer$$Code        anon$$obj.o
    0x200031d4   0x0000000c   Ven    RO         1560    Veneer$$Code        anon$$obj.o
    0x200031e0   0x0000000c   Ven    RO         1561    Veneer$$Code        anon$$obj.o
    0x200031ec   0x0000000c   Ven    RO         1562    Veneer$$Code        anon$$obj.o
    0x200031f8   0x0000000c   Ven    RO         1563    Veneer$$Code        anon$$obj.o
    0x20003204   0x0000000c   Ven    RO         1564    Veneer$$Code        anon$$obj.o
    0x20003210   0x0000000c   Ven    RO         1565    Veneer$$Code        anon$$obj.o
    0x2000321c   0x0000000c   Ven    RO         1566    Veneer$$Code        anon$$obj.o
    0x20003228   0x0000000c   Ven    RO         1567    Veneer$$Code        anon$$obj.o
    0x20003234   0x0000000c   Ven    RO         1568    Veneer$$Code        anon$$obj.o
    0x20003240   0x0000000c   Ven    RO         1569    Veneer$$Code        anon$$obj.o
    0x2000324c   0x0000000c   Ven    RO         1570    Veneer$$Code        anon$$obj.o
    0x20003258   0x0000000c   Ven    RO         1571    Veneer$$Code        anon$$obj.o
    0x20003264   0x0000000c   Ven    RO         1572    Veneer$$Code        anon$$obj.o
    0x20003270   0x0000000c   Ven    RO         1573    Veneer$$Code        anon$$obj.o
    0x2000327c   0x0000000c   Ven    RO         1574    Veneer$$Code        anon$$obj.o
    0x20003288   0x0000000c   Ven    RO         1575    Veneer$$Code        anon$$obj.o
    0x20003294   0x0000000c   Ven    RO         1576    Veneer$$Code        anon$$obj.o
    0x200032a0   0x0000000c   Ven    RO         1577    Veneer$$Code        anon$$obj.o
    0x200032ac   0x0000000c   Ven    RO         1578    Veneer$$Code        anon$$obj.o
    0x200032b8   0x0000000c   Ven    RO         1579    Veneer$$Code        anon$$obj.o
    0x200032c4   0x0000000c   Ven    RO         1580    Veneer$$Code        anon$$obj.o
    0x200032d0   0x0000000c   Ven    RO         1581    Veneer$$Code        anon$$obj.o
    0x200032dc   0x0000000c   Ven    RO         1582    Veneer$$Code        anon$$obj.o
    0x200032e8   0x0000000c   Ven    RO         1583    Veneer$$Code        anon$$obj.o
    0x200032f4   0x0000000c   Ven    RO         1584    Veneer$$Code        anon$$obj.o
    0x20003300   0x0000000c   Ven    RO         1585    Veneer$$Code        anon$$obj.o
    0x2000330c   0x0000000c   Ven    RO         1586    Veneer$$Code        anon$$obj.o
    0x20003318   0x0000000c   Ven    RO         1587    Veneer$$Code        anon$$obj.o
    0x20003324   0x0000000c   Ven    RO         1588    Veneer$$Code        anon$$obj.o
    0x20003330   0x0000000c   Ven    RO         1589    Veneer$$Code        anon$$obj.o
    0x2000333c   0x0000000c   Ven    RO         1590    Veneer$$Code        anon$$obj.o
    0x20003348   0x0000000c   Ven    RO         1591    Veneer$$Code        anon$$obj.o
    0x20003354   0x0000000c   Ven    RO         1592    Veneer$$Code        anon$$obj.o
    0x20003360   0x0000000c   Ven    RO         1593    Veneer$$Code        anon$$obj.o
    0x2000336c   0x0000000c   Ven    RO         1594    Veneer$$Code        anon$$obj.o
    0x20003378   0x0000000c   Ven    RO         1595    Veneer$$Code        anon$$obj.o
    0x20003384   0x0000000c   Ven    RO         1596    Veneer$$Code        anon$$obj.o
    0x20003390   0x0000000c   Ven    RO         1597    Veneer$$Code        anon$$obj.o
    0x2000339c   0x0000000c   Ven    RO         1598    Veneer$$Code        anon$$obj.o
    0x200033a8   0x0000000c   Ven    RO         1599    Veneer$$Code        anon$$obj.o
    0x200033b4   0x0000000e   Code   RO         1497    i.__scatterload_copy  mc_p.l(handlers.o)
    0x200033c2   0x00000002   Code   RO         1498    i.__scatterload_null  mc_p.l(handlers.o)
    0x200033c4   0x0000000e   Code   RO         1499    i.__scatterload_zeroinit  mc_p.l(handlers.o)
    0x200033d2   0x00000016   Data   RO          281    .constdata          jump_table.o
    0x200033e8   0x00000020   Data   RO          552    .constdata          arch_patch.o
    0x20003408   0x00000130   Data   RO          601    .constdata          llc.obj
    0x20003538   0x00000010   Data   RO          602    .constdata          llc.obj
    0x20003548   0x000000b0   Data   RO          603    .constdata          llc.obj
    0x200035f8   0x00000008   Data   RO          604    .constdata          llc.obj
    0x20003600   0x00000010   Data   RO          605    .constdata          llc.obj
    0x20003610   0x00000008   Data   RO          652    .constdata          gpio.o
    0x20003618   0x00000010   Data   RO         1350    .constdata          app.o
    0x20003628   0x00000058   Data   RO         1420    .constdata          app_task.o
    0x20003680   0x00000008   Data   RO         1421    .constdata          app_task.o
    0x20003688   0x00000030   Data   RO         1495    Region$$Table       anon$$obj.o
    0x200036b8   0x00000004   Data   RW          492    .data               arch_system.o


    Execution Region RW_IRAM50 (Base: 0x20008000, Size: 0x0000008c, Max: 0x00000bf4, ABSOLUTE)

    Base Addr    Size         Type   Attr      Idx    E Section Name        Object

    0x20008000   0x00000001   Zero   RW          116    retention_mem_area0  arch_main.o
    0x20008001   0x00000004   Zero   RW          441    retention_mem_area0  arch_sleep.o
    0x20008005   0x00000003   PAD
    0x20008008   0x00000014   Zero   RW          493    retention_mem_area0  arch_system.o
    0x2000801c   0x00000004   Zero   RW          606    retention_mem_area0  llc.obj
    0x20008020   0x00000001   Zero   RW          624    retention_mem_area0  rf_580.o
    0x20008021   0x00000003   PAD
    0x20008024   0x0000001c   Zero   RW          674    retention_mem_area0  uart2.o
    0x20008040   0x00000006   Zero   RW          783    retention_mem_area0  nvds.o
    0x20008046   0x00000002   PAD
    0x20008048   0x00000004   Zero   RW          799    retention_mem_area0  rwip.o
    0x2000804c   0x00000004   Zero   RW          800    retention_mem_area0  rwip.o
    0x20008050   0x00000008   Zero   RW          833    retention_mem_area0  rwble.o
    0x20008058   0x0000000c   Zero   RW         1351    retention_mem_area0  app.o
    0x20008064   0x00000024   Zero   RW         1387    retention_mem_area0  app_sec.o
    0x20008088   0x00000001   Zero   RW         1422    retention_mem_area0  app_task.o


    Execution Region RW_IRAM51 (Base: 0x20008bf4, Size: 0x0000040c, Max: 0x0000040c, ABSOLUTE, UNINIT)

    Base Addr    Size         Type   Attr      Idx    E Section Name        Object

    0x20008bf4   0x0000040c   Zero   RW          284    heap_mem_area_not_ret  jump_table.o


    Execution Region RW_IRAM52 (Base: 0x20009000, Size: 0x00000020, Max: 0x00000020, ABSOLUTE)

    Base Addr    Size         Type   Attr      Idx    E Section Name        Object

    0x20009000   0x00000020   Zero   RW            1    RW_IRAM52.bss       anon$$obj.o


    Execution Region RW_IRAM53 (Base: 0x20009020, Size: 0x000000c4, Max: 0x000001e0, ABSOLUTE)

    Base Addr    Size         Type   Attr      Idx    E Section Name        Object

    0x20009020   0x000000bc   Zero   RW          651    .bss                gpio.o
    0x200090dc   0x00000008   Zero   RW         1443    .bss                app_template_proj.o


    Execution Region RW_IRAM54 (Base: 0x20009200, Size: 0x00000600, Max: 0x00000600, ABSOLUTE, UNINIT)

    Base Addr    Size         Type   Attr      Idx    E Section Name        Object

    0x20009200   0x00000600   Zero   RW           50    STACK               boot_vectors.o



  Load Region LR_RETENTION_RAM2 (Base: 0x00080768, Size: 0x00000000, Max: 0x00002898, ABSOLUTE)

    Execution Region ZI_RET20 (Base: 0x00080768, Size: 0x00000a8c, Max: 0x000022b8, ABSOLUTE, UNINIT)

    Base Addr    Size         Type   Attr      Idx    E Section Name        Object

    0x00080768   0x0000040c   Zero   RW          282    heap_db_area        jump_table.o
    0x00080b74   0x00000154   Zero   RW          283    heap_env_area       jump_table.o
    0x00080cc8   0x0000052c   Zero   RW          285    heap_msg_area       jump_table.o


    Execution Region ZI_RET21 (Base: 0x00082a20, Size: 0x000005e0, Max: 0x000005e0, ABSOLUTE)

    Base Addr    Size         Type   Attr      Idx    E Section Name        Object

    0x00082a20   0x000005de   Zero   RW          115    BLE_exchange_memory  arch_main.o


==============================================================================

Image component sizes


      Code (inc. data)   RO Data    RW Data    ZI Data      Debug   Object Name

       296         18          0          0          0       2413   adc.o
       324         22         16          0         12       4316   app.o
       176         22          0          0         36       3287   app_sec.o
       292         28          0          0          0       2484   app_sec_task.o
       316          8         96          0          1       5848   app_task.o
       680         66          0          0          8       6303   app_template_proj.o
       652         60          0          0       1503     119544   arch_main.o
       224         82         32          0          0      14961   arch_patch.o
       272         20          0          0          4       4660   arch_sleep.o
       700         54          0          4         20      83707   arch_system.o
       236         18          0          0          0         72   atts_task.obj
       108         22        160          0       1536        792   boot_vectors.o
       196         12          0          0          0        108   ch_map.obj
         0          0        100          0          0       6021   gapm.o
       384         38          0          0          0        112   gapm_util.obj
      1692         44          8          0        188      14211   gpio.o
        96         10          0          0          0       3899   hardfault_handler.o
         2          0        374          0       3736      12291   jump_table.o
       184         18          0          0          0         96   ke_task.obj
       192         20        520          0          4        200   llc.obj
       144         18          0          0          0       4093   nmi_handler.o
       132         26        164          0          6       2215   nvds.o
        56          6          0          0          0       1584   periph_setup.o
       780        176          0          0          1      65707   rf_580.o
       584         58          0          0          8      73866   rwble.o
       372         36          0          0          8      64118   rwip.o
       236          8          0          0          0        136   smpc.obj
       532          4          0          0          0         84   smpc_task.obj
        68          6          0          0          0       1499   syscntl.o
        80         18          0          0          0     100741   system_armcm0.o
       436         32          0          0          0       3267   trng.o
       484         20          0          0         28      25871   uart2.o

    ----------------------------------------------------------------------
     12092       1358       1518          4       7144     628506   Object Totals
      1164        388         48          0         32          0   (incl. Generated)
         2          0          0          0         13          0   (incl. Padding)

    ----------------------------------------------------------------------

      Code (inc. data)   RO Data    RW Data    ZI Data      Debug   Library Member Name

         0          0          0          0          0          0   entry.o
         0          0          0          0          0          0   entry10a.o
         0          0          0          0          0          0   entry11a.o
         8          4          0          0          0          0   entry2.o
         4          0          0          0          0          0   entry5.o
         0          0          0          0          0          0   entry7b.o
         0          0          0          0          0          0   entry8b.o
         8          4          0          0          0          0   entry9a.o
        30          0          0          0          0          0   handlers.o
        36          8          0          0          0         68   init.o

    ----------------------------------------------------------------------
        86         16          0          0          0         68   Library Totals
         0          0          0          0          0          0   (incl. Padding)

    ----------------------------------------------------------------------

      Code (inc. data)   RO Data    RW Data    ZI Data      Debug   Library Name

        86         16          0          0          0         68   mc_p.l

    ----------------------------------------------------------------------
        86         16          0          0          0         68   Library Totals

    ----------------------------------------------------------------------

==============================================================================


      Code (inc. data)   RO Data    RW Data    ZI Data      Debug   

     12178       1374       1518          4       7144     626394   Grand Totals
     12178       1374       1518          4       7144     626394   ELF Image Totals
     12178       1374       1518          4          0          0   ROM Totals

==============================================================================

    Total RO  Size (Code + RO Data)                13696 (  13.38kB)
    Total RW  Size (RW Data + ZI Data)              7148 (   6.98kB)
    Total ROM Size (Code + RO Data + RW Data)      13700 (  13.38kB)

==============================================================================

