Component: ARM Compiler 5.06 (build 20) Tool: armlink [4d35a3]

==============================================================================

Section Cross References

    boot_vectors.o(RESET) refers to boot_vectors.o(STACK) for __initial_sp
    boot_vectors.o(RESET) refers to boot_vectors.o(.text) for Reset_Handler
    boot_vectors.o(RESET) refers to rwble.o(.text) for BLE_WAKEUP_LP_Handler
    boot_vectors.o(RESET) refers to gpio.o(.text) for GPIO0_Handler
    boot_vectors.o(.text) refers to system_armcm0.o(.text) for SystemInit
    boot_vectors.o(.text) refers to entry.o(.ARM.Collect$$$$00000000) for __main
    boot_vectors.o(.text) refers to nmi_handler.o(.text) for NMI_HandlerC
    boot_vectors.o(.text) refers to hardfault_handler.o(.text) for HardFault_HandlerC
    boot_vectors.o(.text) refers to arch_patch.o(.text) for SVC_Handler_c
    arch_main.o(.text) refers to arch_system.o(.text) for set_sleep_delay
    arch_main.o(.text) refers to gpio.o(.text) for GPIO_init
    arch_main.o(.text) refers to periph_setup.o(.text) for periph_init
    arch_main.o(.text) refers to nvds.o(.text) for nvds_read_bdaddr_from_otp
    arch_main.o(.text) refers to rf_580.o(.text) for iq_trim_from_otp
    arch_main.o(.text) refers to arch_patch.o(.text) for patch_gtl_task
    arch_main.o(.text) refers to arch_sleep.o(.text) for app_set_deep_sleep
    arch_main.o(.text) refers to customer_prod.o(.text) for app_init
    arch_main.o(.text) refers to rwip.o(.text) for rwip_sleep
    arch_main.o(.text) refers to arch_main.o(retention_mem_area0) for retention_mem_area0
    arch_main.o(.text) refers to arch_main.o(BLE_exchange_memory) for BLE_exchange_memory
    arch_main.o(.text) refers to jump_table.o(jump_table_mem_area) for jump_table_base
    arch_main.o(.text) refers to rwble.o(retention_mem_area0) for fine_hit
    arch_main.o(.text) refers to customer_prod.o(.data) for test_state
    arch_main.o(.text) refers to arch_main.o(.data) for .data
    jump_table.o(jump_table_mem_area) refers to arch_main.o(.text) for main_func
    jump_table.o(jump_table_mem_area) refers to rf_580.o(.text) for rf_init_func
    jump_table.o(jump_table_mem_area) refers to jump_table.o(.text) for dummyf
    jump_table.o(jump_table_mem_area) refers to arch_system.o(.text) for uart_flow_off_func
    jump_table.o(jump_table_mem_area) refers to rwble.o(.text) for lld_sleep_compensate_func_patched
    jump_table.o(jump_table_mem_area) refers to jump_table.o(heap_mem_area_not_ret) for rwip_heap_non_ret
    jump_table.o(jump_table_mem_area) refers to jump_table.o(heap_env_area) for rwip_heap_env_ret
    jump_table.o(jump_table_mem_area) refers to jump_table.o(heap_db_area) for rwip_heap_db_ret
    jump_table.o(jump_table_mem_area) refers to jump_table.o(heap_msg_area) for rwip_heap_msg_ret
    jump_table.o(jump_table_mem_area) refers to custom_lld_evt.o(.text) for lld_evt_init_func
    jump_table.o(jump_table_mem_area) refers to custom_gtl_eif.o(.text) for gtl_eif_init_func
    jump_table.o(jump_table_mem_area) refers to ke_task.obj(.text) for ke_task_init_func
    jump_table.o(jump_table_mem_area) refers to nvds.o(.text) for custom_nvds_get_func
    jump_table.o(jump_table_mem_area) refers to customer_prod.o(.text) for prodtest_platform_reset_func
    jump_table.o(jump_table_mem_area) refers to custom_gtl_hci.o(.text) for gtl_hci_rx_header_func
    jump_table.o(jump_table_mem_area) refers to jump_table.o(.constdata) for LUT_CFG
    jump_table.o(jump_table_mem_area) refers to custom_lld.o(.text) for lld_test_stop_func
    arch_sleep.o(.text) refers to arch_sleep.o(retention_mem_area0) for retention_mem_area0
    arch_sleep.o(.text) refers to rwble.o(retention_mem_area0) for rwble_last_event
    periph_setup.o(.text) refers to gpio.o(.text) for GPIO_ConfigurePin
    periph_setup.o(.text) refers to arch_patch.o(.text) for patch_func
    periph_setup.o(.text) refers to periph_setup.o(non_init) for non_init
    periph_setup.o(.text) refers to gpio.o(.bss) for GPIO
    periph_setup.o(.text) refers to gpio.o(.data) for GPIO_status
    arch_system.o(.text) refers to ffltui.o(.text) for __aeabi_ui2f
    arch_system.o(.text) refers to fdiv.o(.text) for __aeabi_fdiv
    arch_system.o(.text) refers to fscalb.o(.text) for __ARM_scalbnf
    arch_system.o(.text) refers to ffixui.o(.text) for __aeabi_f2uiz
    arch_system.o(.text) refers to f2d.o(.text) for __aeabi_f2d
    arch_system.o(.text) refers to d2f.o(.text) for __aeabi_d2f
    arch_system.o(.text) refers to arch_system.o(retention_mem_area0) for retention_mem_area0
    arch_system.o(.text) refers to arch_main.o(retention_mem_area0) for sys_startup_flag
    arch_system.o(.text) refers to arch_system.o(.data) for .data
    arch_patch.o(.text) refers to arch_patch.o(.constdata) for .constdata
    arch_patch.o(.constdata) refers to arch_patch.o(.text) for my_gtl_msg_send_handler
    arch_patch.o(.constdata) refers to arch_patch.o(.constdata) for my_gtl_default_state
[...]
    gapc_con_cleanup                         0x0002e385   Thumb Code     0  rom_symdef_ES5_Prod_Test.txt ABSOLUTE
    gapc_send_disconect_ind                  0x0002e395   Thumb Code     0  rom_symdef_ES5_Prod_Test.txt ABSOLUTE
    gapc_get_conidx                          0x0002e3b7   Thumb Code     0  rom_symdef_ES5_Prod_Test.txt ABSOLUTE
    gapc_get_conhdl                          0x0002e3e3   Thumb Code     0  rom_symdef_ES5_Prod_Test.txt ABSOLUTE
    gapc_get_role                            0x0002e3f9   Thumb Code     0  rom_symdef_ES5_Prod_Test.txt ABSOLUTE
    gapc_get_bdaddr                          0x0002e415   Thumb Code     0  rom_symdef_ES5_Prod_Test.txt ABSOLUTE
    gapc_get_csrk                            0x0002e435   Thumb Code     0  rom_symdef_ES5_Prod_Test.txt ABSOLUTE
    gapc_get_sign_counter                    0x0002e453   Thumb Code     0  rom_symdef_ES5_Prod_Test.txt ABSOLUTE
    gapc_send_complete_evt                   0x0002e471   Thumb Code     0  rom_symdef_ES5_Prod_Test.txt ABSOLUTE
    gapc_send_error_evt                      0x0002e4bd   Thumb Code     0  rom_symdef_ES5_Prod_Test.txt ABSOLUTE
    gapc_is_sec_set                          0x0002e4df   Thumb Code     0  rom_symdef_ES5_Prod_Test.txt ABSOLUTE
    gapc_get_enc_keysize                     0x0002e549   Thumb Code     0  rom_symdef_ES5_Prod_Test.txt ABSOLUTE
    gapc_set_enc_keysize                     0x0002e561   Thumb Code     0  rom_symdef_ES5_Prod_Test.txt ABSOLUTE
    gapc_link_encrypted                      0x0002e575   Thumb Code     0  rom_symdef_ES5_Prod_Test.txt ABSOLUTE
    gapc_auth_set                            0x0002e58f   Thumb Code     0  rom_symdef_ES5_Prod_Test.txt ABSOLUTE
    gapc_param_updata_sanity                 0x0002e67b   Thumb Code     0  rom_symdef_ES5_Prod_Test.txt ABSOLUTE
    gapm_init                                0x0002f4f3   Thumb Code     0  rom_symdef_ES5_Prod_Test.txt ABSOLUTE
    gapm_host_init                           0x0002f547   Thumb Code     0  rom_symdef_ES5_Prod_Test.txt ABSOLUTE
    gapm_get_operation                       0x0002f56d   Thumb Code     0  rom_symdef_ES5_Prod_Test.txt ABSOLUTE
    gapm_send_complete_evt                   0x0002f57f   Thumb Code     0  rom_symdef_ES5_Prod_Test.txt ABSOLUTE
    gapm_send_error_evt                      0x0002f5b5   Thumb Code     0  rom_symdef_ES5_Prod_Test.txt ABSOLUTE
    gapm_con_create                          0x0002f5d3   Thumb Code     0  rom_symdef_ES5_Prod_Test.txt ABSOLUTE
    gapm_con_enable                          0x0002f631   Thumb Code     0  rom_symdef_ES5_Prod_Test.txt ABSOLUTE
    gapm_con_cleanup                         0x0002f63d   Thumb Code     0  rom_symdef_ES5_Prod_Test.txt ABSOLUTE
    gapm_get_privacy_flag                    0x00030c7f   Thumb Code     0  rom_symdef_ES5_Prod_Test.txt ABSOLUTE
    gapm_set_recon_addr                      0x00030cab   Thumb Code     0  rom_symdef_ES5_Prod_Test.txt ABSOLUTE
    gapm_adv_op_sanity                       0x00030cef   Thumb Code     0  rom_symdef_ES5_Prod_Test.txt ABSOLUTE
    gapm_set_adv_mode                        0x00030e75   Thumb Code     0  rom_symdef_ES5_Prod_Test.txt ABSOLUTE
    gapm_execute_adv_op                      0x00030e8d   Thumb Code     0  rom_symdef_ES5_Prod_Test.txt ABSOLUTE
    gapm_scan_op_sanity                      0x00030fdd   Thumb Code     0  rom_symdef_ES5_Prod_Test.txt ABSOLUTE
    gapm_set_scan_mode                       0x000310b5   Thumb Code     0  rom_symdef_ES5_Prod_Test.txt ABSOLUTE
    gapm_execute_scan_op                     0x000310d1   Thumb Code     0  rom_symdef_ES5_Prod_Test.txt ABSOLUTE
    gapm_connect_op_sanity                   0x00031175   Thumb Code     0  rom_symdef_ES5_Prod_Test.txt ABSOLUTE
    gapm_execute_connect_op                  0x000312b9   Thumb Code     0  rom_symdef_ES5_Prod_Test.txt ABSOLUTE
    gapm_get_role                            0x0003142d   Thumb Code     0  rom_symdef_ES5_Prod_Test.txt ABSOLUTE
    gapm_get_recon_addr                      0x00031433   Thumb Code     0  rom_symdef_ES5_Prod_Test.txt ABSOLUTE
    gapm_set_privacy_flag                    0x00031473   Thumb Code     0  rom_symdef_ES5_Prod_Test.txt ABSOLUTE
    gapm_get_ad_type_flag                    0x0003149f   Thumb Code     0  rom_symdef_ES5_Prod_Test.txt ABSOLUTE
    gapm_add_to_filter                       0x000314c5   Thumb Code     0  rom_symdef_ES5_Prod_Test.txt ABSOLUTE
    gapm_is_filtered                         0x00031529   Thumb Code     0  rom_symdef_ES5_Prod_Test.txt ABSOLUTE
    gapm_update_air_op_state                 0x0003157f   Thumb Code     0  rom_symdef_ES5_Prod_Test.txt ABSOLUTE
    gapm_get_irk                             0x00031635   Thumb Code     0  rom_symdef_ES5_Prod_Test.txt ABSOLUTE
    gapm_get_bdaddr                          0x0003163b   Thumb Code     0  rom_symdef_ES5_Prod_Test.txt ABSOLUTE
    l2cc_pdu_pack                            0x0003164d   Thumb Code     0  rom_symdef_ES5_Prod_Test.txt ABSOLUTE
    l2cc_pdu_unpack                          0x000318f3   Thumb Code     0  rom_symdef_ES5_Prod_Test.txt ABSOLUTE
    l2cc_detect_dest                         0x00031b2d   Thumb Code     0  rom_symdef_ES5_Prod_Test.txt ABSOLUTE
    smpc_check_param                         0x00031b95   Thumb Code     0  rom_symdef_ES5_Prod_Test.txt ABSOLUTE
    ke_init                                  0x0003200d   Thumb Code     0  rom_symdef_ES5_Prod_Test.txt ABSOLUTE
    ke_flush                                 0x00032039   Thumb Code     0  rom_symdef_ES5_Prod_Test.txt ABSOLUTE
    ke_sleep_check                           0x00032079   Thumb Code     0  rom_symdef_ES5_Prod_Test.txt ABSOLUTE
    ke_event_init                            0x00032091   Thumb Code     0  rom_symdef_ES5_Prod_Test.txt ABSOLUTE
    ke_event_callback_set                    0x0003209d   Thumb Code     0  rom_symdef_ES5_Prod_Test.txt ABSOLUTE
    ke_event_set                             0x000320b1   Thumb Code     0  rom_symdef_ES5_Prod_Test.txt ABSOLUTE
    ke_event_clear                           0x000320dd   Thumb Code     0  rom_symdef_ES5_Prod_Test.txt ABSOLUTE
    ke_event_get                             0x00032109   Thumb Code     0  rom_symdef_ES5_Prod_Test.txt ABSOLUTE
    ke_event_get_all                         0x0003212f   Thumb Code     0  rom_symdef_ES5_Prod_Test.txt ABSOLUTE
    ke_event_flush                           0x00032135   Thumb Code     0  rom_symdef_ES5_Prod_Test.txt ABSOLUTE
    ke_event_schedule                        0x0003213d   Thumb Code     0  rom_symdef_ES5_Prod_Test.txt ABSOLUTE
    ke_mem_init                              0x0003218d   Thumb Code     0  rom_symdef_ES5_Prod_Test.txt ABSOLUTE
    ke_mem_is_empty                          0x000321d7   Thumb Code     0  rom_symdef_ES5_Prod_Test.txt ABSOLUTE
    ke_malloc                                0x00032215   Thumb Code     0  rom_symdef_ES5_Prod_Test.txt ABSOLUTE
    ke_free                                  0x000322d7   Thumb Code     0  rom_symdef_ES5_Prod_Test.txt ABSOLUTE
    ke_msg_alloc                             0x000323b1   Thumb Code     0  rom_symdef_ES5_Prod_Test.txt ABSOLUTE
    ke_msg_send                              0x000323e1   Thumb Code     0  rom_symdef_ES5_Prod_Test.txt ABSOLUTE
    ke_msg_send_basic                        0x0003240d   Thumb Code     0  rom_symdef_ES5_Prod_Test.txt ABSOLUTE
    ke_msg_forward                           0x0003241b   Thumb Code     0  rom_symdef_ES5_Prod_Test.txt ABSOLUTE
    ke_msg_forward_new_id                    0x00032425   Thumb Code     0  rom_symdef_ES5_Prod_Test.txt ABSOLUTE
    ke_msg_free                              0x00032435   Thumb Code     0  rom_symdef_ES5_Prod_Test.txt ABSOLUTE
    ke_queue_extract                         0x00032441   Thumb Code     0  rom_symdef_ES5_Prod_Test.txt ABSOLUTE
    ke_queue_insert                          0x0003247f   Thumb Code     0  rom_symdef_ES5_Prod_Test.txt ABSOLUTE
    ke_task_init                             0x0003256d   Thumb Code     0  rom_symdef_ES5_Prod_Test.txt ABSOLUTE
    ke_task_create                           0x00032587   Thumb Code     0  rom_symdef_ES5_Prod_Test.txt ABSOLUTE
    ke_task_delete                           0x000325e1   Thumb Code     0  rom_symdef_ES5_Prod_Test.txt ABSOLUTE
    ke_state_set                             0x00032631   Thumb Code     0  rom_symdef_ES5_Prod_Test.txt ABSOLUTE
    ke_state_get                             0x000326b3   Thumb Code     0  rom_symdef_ES5_Prod_Test.txt ABSOLUTE
    ke_msg_discard                           0x000326e3   Thumb Code     0  rom_symdef_ES5_Prod_Test.txt ABSOLUTE
    ke_msg_save                              0x000326e7   Thumb Code     0  rom_symdef_ES5_Prod_Test.txt ABSOLUTE
    ke_task_handler_get                      0x000326eb   Thumb Code     0  rom_symdef_ES5_Prod_Test.txt ABSOLUTE
    ke_timer_init                            0x00032813   Thumb Code     0  rom_symdef_ES5_Prod_Test.txt ABSOLUTE
    ke_timer_init_func                       0x00032819   Thumb Code     0  rom_symdef_ES5_Prod_Test.txt ABSOLUTE
    ke_timer_set                             0x00032825   Thumb Code     0  rom_symdef_ES5_Prod_Test.txt ABSOLUTE
    ke_timer_clear                           0x000328a5   Thumb Code     0  rom_symdef_ES5_Prod_Test.txt ABSOLUTE
    ke_timer_active                          0x000328fb   Thumb Code     0  rom_symdef_ES5_Prod_Test.txt ABSOLUTE
    ke_timer_sleep_check                     0x00032921   Thumb Code     0  rom_symdef_ES5_Prod_Test.txt ABSOLUTE
    nvds_get                                 0x000329d1   Thumb Code     0  rom_symdef_ES5_Prod_Test.txt ABSOLUTE
    nvds_get_func                            0x000329d7   Thumb Code     0  rom_symdef_ES5_Prod_Test.txt ABSOLUTE
    nvds_init                                0x00032bcf   Thumb Code     0  rom_symdef_ES5_Prod_Test.txt ABSOLUTE
    rwble_hl_init                            0x00032be5   Thumb Code     0  rom_symdef_ES5_Prod_Test.txt ABSOLUTE
    rwble_hl_send_message                    0x00032c0b   Thumb Code     0  rom_symdef_ES5_Prod_Test.txt ABSOLUTE
    ble_regs_push                            0x00032c0d   Thumb Code     0  rom_symdef_ES5_Prod_Test.txt ABSOLUTE
    ble_regs_pop                             0x00032c65   Thumb Code     0  rom_symdef_ES5_Prod_Test.txt ABSOLUTE
    rf_reinit                                0x00032cc3   Thumb Code     0  rom_symdef_ES5_Prod_Test.txt ABSOLUTE
    rwip_init                                0x00032ccb   Thumb Code     0  rom_symdef_ES5_Prod_Test.txt ABSOLUTE
    rwip_reset                               0x00032d8d   Thumb Code     0  rom_symdef_ES5_Prod_Test.txt ABSOLUTE
    rwip_version                             0x00032db9   Thumb Code     0  rom_symdef_ES5_Prod_Test.txt ABSOLUTE
    rwip_prevent_sleep_get                   0x00032dc1   Thumb Code     0  rom_symdef_ES5_Prod_Test.txt ABSOLUTE
    rwip_schedule                            0x00032dc9   Thumb Code     0  rom_symdef_ES5_Prod_Test.txt ABSOLUTE
    rwip_prevent_sleep_set                   0x00032eb7   Thumb Code     0  rom_symdef_ES5_Prod_Test.txt ABSOLUTE
    rwip_wakeup                              0x00032edb   Thumb Code     0  rom_symdef_ES5_Prod_Test.txt ABSOLUTE
    rwip_prevent_sleep_clear                 0x00032eed   Thumb Code     0  rom_symdef_ES5_Prod_Test.txt ABSOLUTE
    rwip_wakeup_end                          0x00032f11   Thumb Code     0  rom_symdef_ES5_Prod_Test.txt ABSOLUTE
    rwip_wakeup_delay_set                    0x00032f2f   Thumb Code     0  rom_symdef_ES5_Prod_Test.txt ABSOLUTE
    rwip_sleep_enable                        0x00032f3f   Thumb Code     0  rom_symdef_ES5_Prod_Test.txt ABSOLUTE
    rwip_ext_wakeup_enable                   0x00032f47   Thumb Code     0  rom_symdef_ES5_Prod_Test.txt ABSOLUTE
    rwble_reset                              0x00032fd5   Thumb Code     0  rom_symdef_ES5_Prod_Test.txt ABSOLUTE
    rwble_version                            0x00033003   Thumb Code     0  rom_symdef_ES5_Prod_Test.txt ABSOLUTE
    rwble_get_clock                          0x0003302d   Thumb Code     0  rom_symdef_ES5_Prod_Test.txt ABSOLUTE
    $Super$$BLE_FINETGTIM_Handler            0x00033105   Thumb Code     0  rom_symdef_ES5_Prod_Test.txt ABSOLUTE
    BLE_GROSSTGTIM_Handler                   0x0003310d   Thumb Code     0  rom_symdef_ES5_Prod_Test.txt ABSOLUTE
    $Super$$BLE_CSCNT_Handler                0x00033115   Thumb Code     0  rom_symdef_ES5_Prod_Test.txt ABSOLUTE
    BLE_ERROR_Handler                        0x0003318d   Thumb Code     0  rom_symdef_ES5_Prod_Test.txt ABSOLUTE
    BLE_CRYPT_Handler                        0x000331ad   Thumb Code     0  rom_symdef_ES5_Prod_Test.txt ABSOLUTE
    func_check_mem                           0x000331eb   Thumb Code     0  rom_symdef_ES5_Prod_Test.txt ABSOLUTE
    test_rxdone                              0x0003323d   Thumb Code     0  rom_symdef_ES5_Prod_Test.txt ABSOLUTE
    prf_init_func                            0x000339f5   Thumb Code     0  rom_symdef_ES5_Prod_Test.txt ABSOLUTE
    prf_create                               0x000339fd   Thumb Code     0  rom_symdef_ES5_Prod_Test.txt ABSOLUTE
    prf_cleanup_func                         0x000339ff   Thumb Code     0  rom_symdef_ES5_Prod_Test.txt ABSOLUTE
    prf_init                                 0x00033a23   Thumb Code     0  rom_symdef_ES5_Prod_Test.txt ABSOLUTE
    prf_cleanup                              0x00033a2b   Thumb Code     0  rom_symdef_ES5_Prod_Test.txt ABSOLUTE
    __aeabi_uidiv                            0x00033aa7   Thumb Code     0  rom_symdef_ES5_Prod_Test.txt ABSOLUTE
    __aeabi_uidivmod                         0x00033aa7   Thumb Code     0  rom_symdef_ES5_Prod_Test.txt ABSOLUTE
    __aeabi_idiv                             0x00033ad3   Thumb Code     0  rom_symdef_ES5_Prod_Test.txt ABSOLUTE
    __aeabi_idivmod                          0x00033ad3   Thumb Code     0  rom_symdef_ES5_Prod_Test.txt ABSOLUTE
    rand                                     0x00033afd   Thumb Code     0  rom_symdef_ES5_Prod_Test.txt ABSOLUTE
    srand                                    0x00033b0f   Thumb Code     0  rom_symdef_ES5_Prod_Test.txt ABSOLUTE
    __aeabi_memcpy                           0x00033b21   Thumb Code     0  rom_symdef_ES5_Prod_Test.txt ABSOLUTE
    __aeabi_memcpy4                          0x00033b21   Thumb Code     0  rom_symdef_ES5_Prod_Test.txt ABSOLUTE
    __aeabi_memcpy8                          0x00033b21   Thumb Code     0  rom_symdef_ES5_Prod_Test.txt ABSOLUTE
    __aeabi_memset                           0x00033b45   Thumb Code     0  rom_symdef_ES5_Prod_Test.txt ABSOLUTE
    __aeabi_memset4                          0x00033b45   Thumb Code     0  rom_symdef_ES5_Prod_Test.txt ABSOLUTE
    __aeabi_memset8                          0x00033b45   Thumb Code     0  rom_symdef_ES5_Prod_Test.txt ABSOLUTE
    __aeabi_memclr                           0x00033b53   Thumb Code     0  rom_symdef_ES5_Prod_Test.txt ABSOLUTE
    __aeabi_memclr4                          0x00033b53   Thumb Code     0  rom_symdef_ES5_Prod_Test.txt ABSOLUTE
    __aeabi_memclr8                          0x00033b53   Thumb Code     0  rom_symdef_ES5_Prod_Test.txt ABSOLUTE
    _memset$wrapper                          0x00033b57   Thumb Code     0  rom_symdef_ES5_Prod_Test.txt ABSOLUTE
    strlen                                   0x00033b69   Thumb Code     0  rom_symdef_ES5_Prod_Test.txt ABSOLUTE
    memcmp                                   0x00033b77   Thumb Code     0  rom_symdef_ES5_Prod_Test.txt ABSOLUTE
    __aeabi_dmul                             0x00033b91   Thumb Code     0  rom_symdef_ES5_Prod_Test.txt ABSOLUTE
    __aeabi_i2d                              0x00033c61   Thumb Code     0  rom_symdef_ES5_Prod_Test.txt ABSOLUTE
    __aeabi_ui2d                             0x00033c89   Thumb Code     0  rom_symdef_ES5_Prod_Test.txt ABSOLUTE
    __aeabi_cdcmpeq                          0x00033ca5   Thumb Code     0  rom_symdef_ES5_Prod_Test.txt ABSOLUTE
    __aeabi_cdcmple                          0x00033ca5   Thumb Code     0  rom_symdef_ES5_Prod_Test.txt ABSOLUTE
    __I$use$fp                               0x00033ccd   Thumb Code     0  rom_symdef_ES5_Prod_Test.txt ABSOLUTE
    _double_round                            0x00033ccd   Thumb Code     0  rom_symdef_ES5_Prod_Test.txt ABSOLUTE
    _double_epilogue                         0x00033ce7   Thumb Code     0  rom_symdef_ES5_Prod_Test.txt ABSOLUTE
    __aeabi_llsl                             0x00033d8d   Thumb Code     0  rom_symdef_ES5_Prod_Test.txt ABSOLUTE
    _ll_shift_l                              0x00033d8d   Thumb Code     0  rom_symdef_ES5_Prod_Test.txt ABSOLUTE
    __aeabi_llsr                             0x00033dad   Thumb Code     0  rom_symdef_ES5_Prod_Test.txt ABSOLUTE
    _ll_ushift_r                             0x00033dad   Thumb Code     0  rom_symdef_ES5_Prod_Test.txt ABSOLUTE
    __ARM_clz                                0x00033dcf   Thumb Code     0  rom_symdef_ES5_Prod_Test.txt ABSOLUTE
    __ARM_common_switch8                     0x00033dfd   Thumb Code     0  rom_symdef_ES5_Prod_Test.txt ABSOLUTE
    co_sca2ppm                               0x00033e28   Data           0  rom_symdef_ES5_Prod_Test.txt ABSOLUTE
    co_null_bdaddr                           0x00033e38   Data           0  rom_symdef_ES5_Prod_Test.txt ABSOLUTE
    co_default_bdaddr                        0x00033e3e   Data           0  rom_symdef_ES5_Prod_Test.txt ABSOLUTE
    dbg_default_handler                      0x00033f14   Data           0  rom_symdef_ES5_Prod_Test.txt ABSOLUTE
    llc_state_handler                        0x000340dc   Data           0  rom_symdef_ES5_Prod_Test.txt ABSOLUTE
    llc_default_handler                      0x0003418c   Data           0  rom_symdef_ES5_Prod_Test.txt ABSOLUTE
    llm_local_cmds                           0x000341bc   Data           0  rom_symdef_ES5_Prod_Test.txt ABSOLUTE
    llm_local_le_feats                       0x000341fc   Data           0  rom_symdef_ES5_Prod_Test.txt ABSOLUTE
    llm_local_le_states                      0x00034204   Data           0  rom_symdef_ES5_Prod_Test.txt ABSOLUTE
    llm_state_handler                        0x00034354   Data           0  rom_symdef_ES5_Prod_Test.txt ABSOLUTE
    llm_default_handler                      0x00034384   Data           0  rom_symdef_ES5_Prod_Test.txt ABSOLUTE
    LLM_AA_CT1                               0x0003438c   Data           0  rom_symdef_ES5_Prod_Test.txt ABSOLUTE
    LLM_AA_CT2                               0x0003438f   Data           0  rom_symdef_ES5_Prod_Test.txt ABSOLUTE
    gtl_default_state                        0x000343a4   Data           0  rom_symdef_ES5_Prod_Test.txt ABSOLUTE
    gtl_default_handler                      0x000343bc   Data           0  rom_symdef_ES5_Prod_Test.txt ABSOLUTE
    attc_default_state                       0x000343d8   Data           0  rom_symdef_ES5_Prod_Test.txt ABSOLUTE
    attc_state_handler                       0x000343f8   Data           0  rom_symdef_ES5_Prod_Test.txt ABSOLUTE
    attc_default_handler                     0x00034410   Data           0  rom_symdef_ES5_Prod_Test.txt ABSOLUTE
    attm_default_state                       0x00034428   Data           0  rom_symdef_ES5_Prod_Test.txt ABSOLUTE
    attm_state_handler                       0x00034480   Data           0  rom_symdef_ES5_Prod_Test.txt ABSOLUTE
    attm_default_handler                     0x00034488   Data           0  rom_symdef_ES5_Prod_Test.txt ABSOLUTE
    atts_default_state                       0x000344a0   Data           0  rom_symdef_ES5_Prod_Test.txt ABSOLUTE
    atts_state_handler                       0x000344d0   Data           0  rom_symdef_ES5_Prod_Test.txt ABSOLUTE
    atts_default_handler                     0x000344f8   Data           0  rom_symdef_ES5_Prod_Test.txt ABSOLUTE
    gattc_default_state                      0x00034510   Data           0  rom_symdef_ES5_Prod_Test.txt ABSOLUTE
    gattc_state_handler                      0x00034598   Data           0  rom_symdef_ES5_Prod_Test.txt ABSOLUTE
    gattc_default_handler                    0x000345b0   Data           0  rom_symdef_ES5_Prod_Test.txt ABSOLUTE
    gattm_default_state                      0x00034604   Data           0  rom_symdef_ES5_Prod_Test.txt ABSOLUTE
    gattm_state_handler                      0x00034614   Data           0  rom_symdef_ES5_Prod_Test.txt ABSOLUTE
    gattm_default_handler                    0x00034624   Data           0  rom_symdef_ES5_Prod_Test.txt ABSOLUTE
    l2cc_default_state                       0x0003463c   Data           0  rom_symdef_ES5_Prod_Test.txt ABSOLUTE
    l2cc_state_handler                       0x00034654   Data           0  rom_symdef_ES5_Prod_Test.txt ABSOLUTE
    l2cc_default_handler                     0x0003466c   Data           0  rom_symdef_ES5_Prod_Test.txt ABSOLUTE
    l2cm_default_state                       0x00034684   Data           0  rom_symdef_ES5_Prod_Test.txt ABSOLUTE
    l2cm_state_handler                       0x0003468c   Data           0  rom_symdef_ES5_Prod_Test.txt ABSOLUTE
    l2cm_default_handler                     0x00034694   Data           0  rom_symdef_ES5_Prod_Test.txt ABSOLUTE
    smpc_default_state                       0x000346c8   Data           0  rom_symdef_ES5_Prod_Test.txt ABSOLUTE
    smpc_state_handler                       0x00034760   Data           0  rom_symdef_ES5_Prod_Test.txt ABSOLUTE
    smpc_default_handler                     0x00034780   Data           0  rom_symdef_ES5_Prod_Test.txt ABSOLUTE
    smpm_default_state                       0x00034798   Data           0  rom_symdef_ES5_Prod_Test.txt ABSOLUTE
    smpm_state_handler                       0x000347d0   Data           0  rom_symdef_ES5_Prod_Test.txt ABSOLUTE
    smpm_default_handler                     0x000347e0   Data           0  rom_symdef_ES5_Prod_Test.txt ABSOLUTE
    gapc_default_state                       0x000347f8   Data           0  rom_symdef_ES5_Prod_Test.txt ABSOLUTE
    gapc_state_handler                       0x00034910   Data           0  rom_symdef_ES5_Prod_Test.txt ABSOLUTE
    gapc_default_handler                     0x00034928   Data           0  rom_symdef_ES5_Prod_Test.txt ABSOLUTE
    gapm_default_state                       0x000349ec   Data           0  rom_symdef_ES5_Prod_Test.txt ABSOLUTE
    gapm_state_handler                       0x00034b94   Data           0  rom_symdef_ES5_Prod_Test.txt ABSOLUTE
    gapm_default_handler                     0x00034bbc   Data           0  rom_symdef_ES5_Prod_Test.txt ABSOLUTE
    smpc_construct_pdu                       0x00034ce8   Data           0  rom_symdef_ES5_Prod_Test.txt ABSOLUTE
    smpc_recv_pdu                            0x00034d18   Data           0  rom_symdef_ES5_Prod_Test.txt ABSOLUTE
    dummy                                    0x00080000   Data           0  rom_symdef_ES5_Prod_Test.txt ABSOLUTE
    sleep_env                                0x00080254   Data           0  rom_symdef_ES5_Prod_Test.txt ABSOLUTE
    iq_trim_bias_ctrl1_reg                   0x00080256   Data           0  rom_symdef_ES5_Prod_Test.txt ABSOLUTE
    co_buf_env                               0x00080258   Data           0  rom_symdef_ES5_Prod_Test.txt ABSOLUTE
    dbg_state                                0x00080348   Data           0  rom_symdef_ES5_Prod_Test.txt ABSOLUTE
    iq_trim_rf_mixer_ctrl1_reg               0x0008034a   Data           0  rom_symdef_ES5_Prod_Test.txt ABSOLUTE
    llc_env                                  0x0008034c   Data           0  rom_symdef_ES5_Prod_Test.txt ABSOLUTE
    llc_state                                0x00080364   Data           0  rom_symdef_ES5_Prod_Test.txt ABSOLUTE
    ret_winsize_var                          0x0008036a   Data           0  rom_symdef_ES5_Prod_Test.txt ABSOLUTE
    lld_evt_env                              0x0008036c   Data           0  rom_symdef_ES5_Prod_Test.txt ABSOLUTE
    lld_sleep_env                            0x0008038c   Data           0  rom_symdef_ES5_Prod_Test.txt ABSOLUTE
    llm_le_env                               0x00080390   Data           0  rom_symdef_ES5_Prod_Test.txt ABSOLUTE
    llm_le_env_lpus                          0x000803e4   Data           0  rom_symdef_ES5_Prod_Test.txt ABSOLUTE
    llm_bt_env                               0x0008042a   Data           0  rom_symdef_ES5_Prod_Test.txt ABSOLUTE
    llm_state                                0x00080432   Data           0  rom_symdef_ES5_Prod_Test.txt ABSOLUTE
    uart_env                                 0x00080434   Data           0  rom_symdef_ES5_Prod_Test.txt ABSOLUTE
    vcocal_ctrl_reg_val                      0x00080452   Data           0  rom_symdef_ES5_Prod_Test.txt ABSOLUTE
    last_temp_count                          0x00080478   Data           0  rom_symdef_ES5_Prod_Test.txt ABSOLUTE
    last_temp_time                           0x0008047c   Data           0  rom_symdef_ES5_Prod_Test.txt ABSOLUTE
    gtl_env                                  0x00080480   Data           0  rom_symdef_ES5_Prod_Test.txt ABSOLUTE
    gtl_state                                0x000804a4   Data           0  rom_symdef_ES5_Prod_Test.txt ABSOLUTE
    attc_state                               0x000804a5   Data           0  rom_symdef_ES5_Prod_Test.txt ABSOLUTE
    attm_env                                 0x000804ac   Data           0  rom_symdef_ES5_Prod_Test.txt ABSOLUTE
    attm_state                               0x000804b4   Data           0  rom_symdef_ES5_Prod_Test.txt ABSOLUTE
    atts_env                                 0x000804b8   Data           0  rom_symdef_ES5_Prod_Test.txt ABSOLUTE
    atts_state                               0x000804d0   Data           0  rom_symdef_ES5_Prod_Test.txt ABSOLUTE
    gattc_env                                0x000804d8   Data           0  rom_symdef_ES5_Prod_Test.txt ABSOLUTE
    gattc_state                              0x000804f0   Data           0  rom_symdef_ES5_Prod_Test.txt ABSOLUTE
    gattm_env                                0x000804f6   Data           0  rom_symdef_ES5_Prod_Test.txt ABSOLUTE
    gattm_state                              0x000804fc   Data           0  rom_symdef_ES5_Prod_Test.txt ABSOLUTE
    l2cc_env                                 0x00080500   Data           0  rom_symdef_ES5_Prod_Test.txt ABSOLUTE
    l2cc_state                               0x00080518   Data           0  rom_symdef_ES5_Prod_Test.txt ABSOLUTE
    l2cm_env                                 0x0008051e   Data           0  rom_symdef_ES5_Prod_Test.txt ABSOLUTE
    l2cm_state                               0x00080524   Data           0  rom_symdef_ES5_Prod_Test.txt ABSOLUTE
    smpc_env                                 0x00080528   Data           0  rom_symdef_ES5_Prod_Test.txt ABSOLUTE
    smpc_state                               0x00080540   Data           0  rom_symdef_ES5_Prod_Test.txt ABSOLUTE
    smpm_env                                 0x00080548   Data           0  rom_symdef_ES5_Prod_Test.txt ABSOLUTE
    smpm_state                               0x00080550   Data           0  rom_symdef_ES5_Prod_Test.txt ABSOLUTE
    gapc_env                                 0x00080554   Data           0  rom_symdef_ES5_Prod_Test.txt ABSOLUTE
    gapc_state                               0x0008056c   Data           0  rom_symdef_ES5_Prod_Test.txt ABSOLUTE
    gap_cfg_table                            0x00080574   Data           0  rom_symdef_ES5_Prod_Test.txt ABSOLUTE
    gapm_env                                 0x00080578   Data           0  rom_symdef_ES5_Prod_Test.txt ABSOLUTE
    gapm_state                               0x000805a4   Data           0  rom_symdef_ES5_Prod_Test.txt ABSOLUTE
    ke_env                                   0x000805a8   Data           0  rom_symdef_ES5_Prod_Test.txt ABSOLUTE
    ke_task_env                              0x00080604   Data           0  rom_symdef_ES5_Prod_Test.txt ABSOLUTE
    nvds_data_ptr                            0x000806c0   Data           0  rom_symdef_ES5_Prod_Test.txt ABSOLUTE
    func_check_mem_flag                      0x000806c4   Data           0  rom_symdef_ES5_Prod_Test.txt ABSOLUTE
    rwip_env                                 0x000806c6   Data           0  rom_symdef_ES5_Prod_Test.txt ABSOLUTE
    ble_reg_save                             0x000806cc   Data           0  rom_symdef_ES5_Prod_Test.txt ABSOLUTE
    rwip_rf                                  0x0008071c   Data           0  rom_symdef_ES5_Prod_Test.txt ABSOLUTE
    rwip_heap_db_ret                         0x00080768   Data        1036  jump_table.o(heap_db_area)
    rwip_heap_env_ret                        0x00080b74   Data         340  jump_table.o(heap_env_area)
    rwip_heap_msg_ret                        0x00080cc8   Data        1324  jump_table.o(heap_msg_area)
    sys_startup_flag                         0x000811f4   Data           1  arch_main.o(retention_mem_area0)
    sleep_md                                 0x000811f5   Data           1  arch_sleep.o(retention_mem_area0)
    sleep_pend                               0x000811f6   Data           1  arch_sleep.o(retention_mem_area0)
    sleep_cnt                                0x000811f7   Data           1  arch_sleep.o(retention_mem_area0)
    sleep_ext_force                          0x000811f8   Data           1  arch_sleep.o(retention_mem_area0)
    cal_enable                               0x000811fc   Data           1  arch_system.o(retention_mem_area0)
    lp_clk_sel                               0x00081200   Data           4  arch_system.o(retention_mem_area0)
    rcx_freq                                 0x00081204   Data           4  arch_system.o(retention_mem_area0)
    rcx_period                               0x00081208   Data           4  arch_system.o(retention_mem_area0)
    rcx_slot_duration                        0x0008120c   Data           4  arch_system.o(retention_mem_area0)
    dev_bdaddr                               0x00081211   Data           6  nvds.o(retention_mem_area0)
    rwble_last_event                         0x00081218   Data           1  rwble.o(retention_mem_area0)
    set_boost_low_vbat1v_overhead            0x00081219   Data           1  rwble.o(retention_mem_area0)
    fine_hit                                 0x0008121a   Data           1  rwble.o(retention_mem_area0)
    clk_freq_trim_reg_value                  0x0008121c   Data           2  rwble.o(retention_mem_area0)
    wakeup_lp_comp                           0x0008121e   Data           2  rwble.o(retention_mem_area0)
    sleep_lp_cycles                          0x00081220   Data           4  rwip.o(retention_mem_area0)
    slp_period_retained                      0x00081224   Data           4  rwip.o(retention_mem_area0)
    descript                                 0x00082a20   Data        1502  arch_main.o(BLE_exchange_memory)
    __Vectors                                0x20000000   Data           4  boot_vectors.o(RESET)
    __Vectors_End                            0x200000a0   Data           0  boot_vectors.o(RESET)
    jump_table_base                          0x20000160   Data         352  jump_table.o(jump_table_mem_area)
    gap_timeout_table                        0x200002c0   Data         100  gapm.o(timeout_table_area)
    nvds_data_storage                        0x20000340   Data         164  nvds.o(nvds_data_storage_area)
    __main                                   0x20000441   Thumb Code     0  entry.o(.ARM.Collect$$$$00000000)
    _main_stk                                0x20000441   Thumb Code     0  entry2.o(.ARM.Collect$$$$00000001)
    _main_scatterload                        0x20000445   Thumb Code     0  entry5.o(.ARM.Collect$$$$00000004)
    __main_after_scatterload                 0x20000449   Thumb Code     0  entry5.o(.ARM.Collect$$$$00000004)
    _main_clock                              0x20000449   Thumb Code     0  entry7b.o(.ARM.Collect$$$$00000008)
    _main_cpp_init                           0x20000449   Thumb Code     0  entry8b.o(.ARM.Collect$$$$0000000A)
    _main_init                               0x20000449   Thumb Code     0  entry9a.o(.ARM.Collect$$$$0000000B)
    __rt_final_cpp                           0x20000451   Thumb Code     0  entry10a.o(.ARM.Collect$$$$0000000D)
    __rt_final_exit                          0x20000451   Thumb Code     0  entry11a.o(.ARM.Collect$$$$0000000F)
    SystemInit                               0x20000455   Thumb Code    62  system_armcm0.o(.text)
    Reset_Handler                            0x200004a5   Thumb Code     8  boot_vectors.o(.text)
    PendSV_Handler                           0x200004f5   Thumb Code     2  boot_vectors.o(.text)
    SysTick_Handler                          0x200004f7   Thumb Code     2  boot_vectors.o(.text)
    ADC_Handler                              0x200004f9   Thumb Code     0  boot_vectors.o(.text)
    I2C_Handler                              0x200004f9   Thumb Code     0  boot_vectors.o(.text)
    KEYBRD_Handler                           0x200004f9   Thumb Code     0  boot_vectors.o(.text)
    RFCAL_Handler                            0x200004f9   Thumb Code     0  boot_vectors.o(.text)
    SPI_Handler                              0x200004f9   Thumb Code     0  boot_vectors.o(.text)
    SWTIM_Handler                            0x200004f9   Thumb Code     0  boot_vectors.o(.text)
    UART2_Handler                            0x200004f9   Thumb Code     0  boot_vectors.o(.text)
    WKUP_QUADEC_Handler                      0x200004f9   Thumb Code     0  boot_vectors.o(.text)
    lld_sleep_init_func                      0x20000511   Thumb Code    26  arch_main.o(.text)
    main_func                                0x2000052b   Thumb Code   594  arch_main.o(.text)
    dummyf                                   0x2000087d   Thumb Code     2  jump_table.o(.text)
    NMI_HandlerC                             0x20000881   Thumb Code   126  nmi_handler.o(.text)
    app_disable_sleep                        0x20000911   Thumb Code    26  arch_sleep.o(.text)
    app_set_extended_sleep                   0x2000092b   Thumb Code    26  arch_sleep.o(.text)
    app_set_deep_sleep                       0x20000945   Thumb Code    28  arch_sleep.o(.text)
    app_restore_sleep_mode                   0x20000961   Thumb Code    68  arch_sleep.o(.text)
    app_force_active_mode                    0x200009a5   Thumb Code    30  arch_sleep.o(.text)
    app_ble_ext_wakeup_on                    0x200009c3   Thumb Code     8  arch_sleep.o(.text)
    app_ble_ext_wakeup_off                   0x200009cb   Thumb Code     8  arch_sleep.o(.text)
    app_ble_ext_wakeup_get                   0x200009d3   Thumb Code     6  arch_sleep.o(.text)
    app_ble_force_wakeup                     0x200009d9   Thumb Code    46  arch_sleep.o(.text)
    app_last_rwble_evt_get                   0x20000a07   Thumb Code     6  arch_sleep.o(.text)
    HardFault_HandlerC                       0x20000a21   Thumb Code    86  hardfault_handler.o(.text)
    GPIO_reservations                        0x20000a81   Thumb Code    90  periph_setup.o(.text)
    set_pad_functions                        0x20000adb   Thumb Code    36  periph_setup.o(.text)
    periph_init                              0x20000aff   Thumb Code    66  periph_setup.o(.text)
    init_TXEN_RXEN_irqs                      0x20000b41   Thumb Code    96  periph_setup.o(.text)
    select_lp_clk                            0x20000bc1   Thumb Code     8  arch_system.o(.text)
    init_pwr_and_clk_ble                     0x20000bc9   Thumb Code   218  arch_system.o(.text)
    set_pxact_gpio                           0x20000ca3   Thumb Code    24  arch_system.o(.text)
    calibrate_rcx20                          0x20000cbb   Thumb Code    28  arch_system.o(.text)
    read_rcx_freq                            0x20000cd7   Thumb Code   104  arch_system.o(.text)
    set_sleep_delay                          0x20000d3f   Thumb Code    10  arch_system.o(.text)
    get_rc16m_count_func                     0x20000d49   Thumb Code    28  arch_system.o(.text)
    conditionally_run_radio_cals             0x20000d65   Thumb Code    82  arch_system.o(.text)
    lld_sleep_us_2_lpcycles_rcx_func         0x20000db7   Thumb Code    18  arch_system.o(.text)
    lld_sleep_lpcycles_2_us_rcx_func         0x20000dc9   Thumb Code    14  arch_system.o(.text)
    lld_sleep_us_2_lpcycles_sel_func         0x20000dd7   Thumb Code    10  arch_system.o(.text)
    lld_sleep_lpcycles_2_us_sel_func         0x20000de1   Thumb Code    10  arch_system.o(.text)
    uart_flow_off_func                       0x20000deb   Thumb Code    58  arch_system.o(.text)
    calculate_arch_adv_time                  0x20000e25   Thumb Code    12  arch_system.o(.text)
    check_sys_startup_period                 0x20000e31   Thumb Code    90  arch_system.o(.text)
    app_use_lower_clocks_check               0x20000e8b   Thumb Code     4  arch_system.o(.text)
    set_xtal16m_trim_value                   0x20000e8f   Thumb Code    82  arch_system.o(.text)
    patch_gtl_task                           0x20000f6d   Thumb Code    40  arch_patch.o(.text)
    SVC_Handler_c                            0x20000fab   Thumb Code    24  arch_patch.o(.text)
    patch_func                               0x20000fc3   Thumb Code    98  arch_patch.o(.text)
    l2cc_pdu_recv_ind_handler                0x20001081   Thumb Code   232  atts_task.obj(.text)
    my_llc_con_update_req_ind                0x2000116d   Thumb Code   100  ch_map.obj(.text)
    my_llc_ch_map_req_ind                    0x200011d1   Thumb Code    84  ch_map.obj(.text)
    patched_gapm_adv_op_sanity               0x20001231   Thumb Code   208  gapm_util.obj(.text)
    ke_task_init_func                        0x20001443   Thumb Code    20  ke_task.obj(.text)
    smpc_send_pairing_req_ind                0x20001469   Thumb Code   190  smpc.obj(.text)
    smpc_check_pairing_feat                  0x20001527   Thumb Code    38  smpc.obj(.text)
    smpc_pairing_cfm_handler                 0x20001555   Thumb Code   528  smpc_task.obj(.text)
    syscntl_set_dcdc_vbat3v_level            0x20001769   Thumb Code    18  syscntl.o(.text)
    syscntl_use_lowest_amba_clocks           0x2000177b   Thumb Code    22  syscntl.o(.text)
    syscntl_use_highest_amba_clocks          0x20001791   Thumb Code    22  syscntl.o(.text)
    iq_trim_from_otp                         0x200017ad   Thumb Code    54  rf_580.o(.text)
    rf_reg_rd                                0x200017e3   Thumb Code     4  rf_580.o(.text)
    rf_reg_wr                                0x200017e7   Thumb Code     2  rf_580.o(.text)
    rf_reset                                 0x200017e9   Thumb Code     2  rf_580.o(.text)
    rf_force_agc_enable                      0x200017eb   Thumb Code     2  rf_580.o(.text)
    rf_txpwr_dbm_get                         0x200017ed   Thumb Code     4  rf_580.o(.text)
    rf_regs                                  0x20001801   Thumb Code   226  rf_580.o(.text)
    rf_init_func                             0x200018e7   Thumb Code   138  rf_580.o(.text)
    rf_reinit_func                           0x20001971   Thumb Code   102  rf_580.o(.text)
    rf_nfm_is_enabled                        0x200019d7   Thumb Code     6  rf_580.o(.text)
    rf_nfm_enable                            0x200019dd   Thumb Code    14  rf_580.o(.text)
    rf_nfm_disable                           0x200019eb   Thumb Code    12  rf_580.o(.text)
    adc_init                                 0x20001aa9   Thumb Code    28  adc.o(.text)
    adc_enable_channel                       0x20001ac5   Thumb Code    20  adc.o(.text)
    adc_disable                              0x20001ad9   Thumb Code     8  adc.o(.text)
    adc_get_sample                           0x20001ae1   Thumb Code    30  adc.o(.text)
    adc_usDelay                              0x20001aff   Thumb Code    30  adc.o(.text)
    adc_get_vbat_sample                      0x20001b1d   Thumb Code    86  adc.o(.text)
    adc_calibrate                            0x20001b73   Thumb Code    76  adc.o(.text)
    GPIO_init                                0x20001bd1   Thumb Code   134  gpio.o(.text)
    GPIO_SetPinFunction                      0x20001c57   Thumb Code    64  gpio.o(.text)
    GPIO_SetInactive                         0x20001c97   Thumb Code    58  gpio.o(.text)
    GPIO_SetActive                           0x20001cd1   Thumb Code    58  gpio.o(.text)
    GPIO_ConfigurePin                        0x20001d0b   Thumb Code    78  gpio.o(.text)
    GPIO_ConfigurePinPower                   0x20001d59   Thumb Code    82  gpio.o(.text)
    GPIO_GetPinStatus                        0x20001dab   Thumb Code    64  gpio.o(.text)
    GPIO_EnableIRQ                           0x20001deb   Thumb Code   606  gpio.o(.text)
    GPIO_GetIRQInputLevel                    0x20002049   Thumb Code   142  gpio.o(.text)
    GPIO_SetIRQInputLevel                    0x200020d7   Thumb Code   146  gpio.o(.text)
    GPIO_ResetIRQ                            0x20002169   Thumb Code   148  gpio.o(.text)
    GPIO_RegisterCallback                    0x200021fd   Thumb Code    12  gpio.o(.text)
    GPIOn_Handler                            0x20002209   Thumb Code    40  gpio.o(.text)
    GPIO0_Handler                            0x20002231   Thumb Code     4  gpio.o(.text)
    GPIO1_Handler                            0x20002235   Thumb Code     4  gpio.o(.text)
    GPIO2_Handler                            0x20002239   Thumb Code     4  gpio.o(.text)
    GPIO3_Handler                            0x2000223d   Thumb Code     4  gpio.o(.text)
    GPIO4_Handler                            0x20002241   Thumb Code     4  gpio.o(.text)
    custom_nvds_get_func                     0x2000225d   Thumb Code    56  nvds.o(.text)
    nvds_read_bdaddr_from_otp                0x20002295   Thumb Code    50  nvds.o(.text)
    lld_sleep_compensate_func_patched        0x200022e1   Thumb Code    66  rwble.o(.text)
    power_up                                 0x20002323   Thumb Code    76  rwble.o(.text)
    BLE_WAKEUP_LP_Handler                    0x2000236f   Thumb Code   104  rwble.o(.text)
    BLE_SLP_Handler                          0x200023d7   Thumb Code   128  rwble.o(.text)
    BLE_CSCNT_Handler                        0x20002457   Thumb Code    18  rwble.o(.text)
    BLE_FINETGTIM_Handler                    0x20002469   Thumb Code    24  rwble.o(.text)
    BLE_RX_Handler                           0x20002481   Thumb Code     8  rwble.o(.text)
    BLE_EVENT_Handler                        0x20002489   Thumb Code    24  rwble.o(.text)
    BLE_RF_DIAG_Handler                      0x200024a1   Thumb Code    98  rwble.o(.text)
    rwip_sleep                               0x20002551   Thumb Code   422  rwip.o(.text)
    prodtest_platform_reset_func             0x2000272d   Thumb Code    46  customer_prod.o(.text)
    app_init                                 0x2000275b   Thumb Code    58  customer_prod.o(.text)
    set_state_start_rx                       0x20002795   Thumb Code    36  customer_prod.o(.text)
    hci_start_prod_rx_test                   0x200027b9   Thumb Code    56  customer_prod.o(.text)
    set_state_start_tx                       0x200027f1   Thumb Code    58  customer_prod.o(.text)
    hci_tx_send_nb_packages                  0x2000282b   Thumb Code    64  customer_prod.o(.text)
    set_state_start_continue_tx              0x2000286b   Thumb Code    68  customer_prod.o(.text)
    hci_tx_start_continue_test_mode          0x200028af   Thumb Code    52  customer_prod.o(.text)
    hci_unmodulated_cmd                      0x200028e3   Thumb Code   238  customer_prod.o(.text)
    set_state_stop                           0x200029d1   Thumb Code    44  customer_prod.o(.text)
    hci_end_tx_continuous_test_cmd           0x200029fd   Thumb Code    46  customer_prod.o(.text)
    hci_end_rx_prod_test_cmd                 0x20002a2b   Thumb Code    58  customer_prod.o(.text)
    hci_sleep_test_cmd                       0x20002a65   Thumb Code   108  customer_prod.o(.text)
    set_XTAL_trim_reg                        0x20002ad1   Thumb Code     8  customer_prod.o(.text)
    otp_write_words                          0x20002ad9   Thumb Code   216  customer_prod.o(.text)
    hci_xtal_trim_cmd                        0x20002bb1   Thumb Code   254  customer_prod.o(.text)
    hci_rdtester_cmd                         0x20002caf   Thumb Code   162  customer_prod.o(.text)
    hci_custom_action_cmd                    0x20002d51   Thumb Code    42  customer_prod.o(.text)
    hci_fw_version_cmd                       0x20002d7b   Thumb Code    70  customer_prod.o(.text)
    otp_read                                 0x20002dc1   Thumb Code    54  customer_prod.o(.text)
    hci_otp_rw_cmd                           0x20002df7   Thumb Code   178  customer_prod.o(.text)
    hci_otp_read_cmd                         0x20002eb9   Thumb Code    86  customer_prod.o(.text)
    hci_otp_write_cmd                        0x20002f0f   Thumb Code    62  customer_prod.o(.text)
    hci_register_rw_cmd                      0x20002f4d   Thumb Code   206  customer_prod.o(.text)
    lld_evt_init                             0x2000301d   Thumb Code     6  custom_lld_evt.o(.text)
    lld_evt_rx                               0x20003023   Thumb Code    30  custom_lld_evt.o(.text)
    lld_evt_init_func                        0x20003041   Thumb Code    54  custom_lld_evt.o(.text)
    lld_data_check                           0x20003155   Thumb Code    78  custom_lld_data.o(.text)
    spi_write_rx_data_back_2_pxi             0x200031a3   Thumb Code   356  custom_lld_data.o(.text)
    lld_test_stop                            0x20003335   Thumb Code     6  custom_lld.o(.text)
    lld_test_stop_func                       0x2000333b   Thumb Code    24  custom_lld.o(.text)
    gtl_eif_init                             0x20003511   Thumb Code     6  custom_gtl_eif.o(.text)
    gtl_eif_init_func                        0x20003517   Thumb Code    24  custom_gtl_eif.o(.text)
    gtl_eif_write                            0x2000352f   Thumb Code    32  custom_gtl_eif.o(.text)
    gtl_eif_start                            0x2000354f   Thumb Code     8  custom_gtl_eif.o(.text)
    gtl_eif_stop                             0x20003557   Thumb Code    42  custom_gtl_eif.o(.text)
    gtl_hci_rx_header                        0x20003611   Thumb Code     6  custom_gtl_hci.o(.text)
    gtl_hci_rx_header_func                   0x20003617   Thumb Code   316  custom_gtl_hci.o(.text)
    gtl_hci_rx_payload                       0x20003753   Thumb Code     6  custom_gtl_hci.o(.text)
    gtl_hci_rx_payload_func                  0x20003759   Thumb Code   186  custom_gtl_hci.o(.text)
    gtl_hci_tx_evt                           0x20003813   Thumb Code     6  custom_gtl_hci.o(.text)
    gtl_hci_tx_evt_func                      0x20003819   Thumb Code   118  custom_gtl_hci.o(.text)
    delay                                    0x200038b5   Thumb Code    20  xtal_cal.o(.text)
    Setting_Trim                             0x200038c9   Thumb Code    32  xtal_cal.o(.text)
    Clock_Read                               0x200038e9   Thumb Code   132  xtal_cal.o(.text)
    Simulation                               0x2000396d   Thumb Code   144  xtal_cal.o(.text)
    calculations                             0x200039fd   Thumb Code    62  xtal_cal.o(.text)
    auto_trim                                0x20003a3b   Thumb Code   584  xtal_cal.o(.text)
    measure_pulse                            0x20003cd5   Thumb Code    54  pulse.o(.text)
    rdtest_pulse_to_uart                     0x20003d19   Thumb Code    26  rdtest_api.o(.text)
    rdtest_vbatcontrol                       0x20003d33   Thumb Code    26  rdtest_api.o(.text)
    rdtest_make_loopback                     0x20003d4d   Thumb Code    38  rdtest_api.o(.text)
    rdtest_uart_connect                      0x20003d73   Thumb Code    26  rdtest_api.o(.text)
    rdtest_vppcontrol                        0x20003d8d   Thumb Code    18  rdtest_api.o(.text)
    rdtest_initialize                        0x20003d9f   Thumb Code    38  rdtest_api.o(.text)
    rdtest_select_pulsewidth                 0x20003dc5   Thumb Code    16  rdtest_api.o(.text)
    rdtest_resetpulse                        0x20003dd5   Thumb Code    34  rdtest_api.o(.text)
    rdtest_generate_pulse                    0x20003df7   Thumb Code    40  rdtest_api.o(.text)
    rdtest_init_ports                        0x20003e21   Thumb Code    46  rdtest_lowlevel.o(.text)
    rdtest_ll_write_data                     0x20003e4f   Thumb Code     6  rdtest_lowlevel.o(.text)
    rdtest_ll_write_address                  0x20003e55   Thumb Code    20  rdtest_lowlevel.o(.text)
    rdtest_ll_write_latch                    0x20003e69   Thumb Code    20  rdtest_lowlevel.o(.text)
    rdtest_ll_write_enable                   0x20003e7d   Thumb Code    20  rdtest_lowlevel.o(.text)
    rdtest_enable                            0x20003e91   Thumb Code    22  rdtest_lowlevel.o(.text)
    rdtest_updateregister                    0x20003ea7   Thumb Code    36  rdtest_lowlevel.o(.text)
    rdtest_ll_reset                          0x20003ecb   Thumb Code    16  rdtest_lowlevel.o(.text)
    delay_systick_us                         0x20003ee1   Thumb Code    32  rdtest_support.o(.text)
    __aeabi_uread4                           0x20003f09   Thumb Code    20  uread4.o(.text)
    __rt_uread4                              0x20003f09   Thumb Code     0  uread4.o(.text)
    _uread4                                  0x20003f09   Thumb Code     0  uread4.o(.text)
    __aeabi_fadd                             0x20003f1d   Thumb Code   162  fadd.o(.text)
    __aeabi_fsub                             0x20003fbf   Thumb Code     8  fadd.o(.text)
    __aeabi_frsub                            0x20003fc7   Thumb Code     8  fadd.o(.text)
    __aeabi_fmul                             0x20003fcf   Thumb Code   122  fmul.o(.text)
    __aeabi_fdiv                             0x20004049   Thumb Code   124  fdiv.o(.text)
    __ARM_scalbnf                            0x200040c5   Thumb Code    24  fscalb.o(.text)
    scalbnf                                  0x200040c5   Thumb Code     0  fscalb.o(.text)
    __aeabi_ddiv                             0x200040dd   Thumb Code   234  ddiv.o(.text)
    __aeabi_i2f                              0x200041cd   Thumb Code    22  fflti.o(.text)
    __aeabi_ui2f                             0x200041e3   Thumb Code    14  ffltui.o(.text)
    __aeabi_f2iz                             0x200041f1   Thumb Code    50  ffixi.o(.text)
    __aeabi_f2uiz                            0x20004223   Thumb Code    40  ffixui.o(.text)
    __aeabi_f2d                              0x2000424b   Thumb Code    40  f2d.o(.text)
    __aeabi_d2f                              0x20004273   Thumb Code    56  d2f.o(.text)
    _float_round                             0x200042ab   Thumb Code    16  fepilogue.o(.text)
    _float_epilogue                          0x200042bb   Thumb Code   114  fepilogue.o(.text)
    __scatterload                            0x2000432d   Thumb Code    28  init.o(.text)
    __scatterload_rt2                        0x2000432d   Thumb Code     0  init.o(.text)
    Long Thumb to Thumb Veneer to set_system_clocks 0x20004351   Thumb Code    12  anon$$obj.o(Veneer$$Code)
    Long Thumb to Thumb Veneer to srand      0x2000435d   Thumb Code    12  anon$$obj.o(Veneer$$Code)
    Long Thumb to Thumb Veneer to nvds_init  0x20004369   Thumb Code    12  anon$$obj.o(Veneer$$Code)
    Long Thumb to Thumb Veneer to rwip_init  0x20004375   Thumb Code    12  anon$$obj.o(Veneer$$Code)
    Long Thumb to Thumb Veneer to enable_rf_diag_irq 0x20004381   Thumb Code    12  anon$$obj.o(Veneer$$Code)
    Long Thumb to Thumb Veneer to rwip_prevent_sleep_get 0x2000438d   Thumb Code    12  anon$$obj.o(Veneer$$Code)
    Long Thumb to Thumb Veneer to ke_event_get 0x20004399   Thumb Code    12  anon$$obj.o(Veneer$$Code)
    Long Thumb to Thumb Veneer to rwip_schedule 0x200043a5   Thumb Code    12  anon$$obj.o(Veneer$$Code)
    Long Thumb to Thumb Veneer to lld_sleep_check 0x200043b1   Thumb Code    12  anon$$obj.o(Veneer$$Code)
    Long Thumb to Thumb Veneer to func_check_mem 0x200043bd   Thumb Code    12  anon$$obj.o(Veneer$$Code)
    Long Thumb to Thumb Veneer to test_rxdone 0x200043c9   Thumb Code    12  anon$$obj.o(Veneer$$Code)
    Long Thumb to Thumb Veneer to ke_mem_is_empty 0x200043d5   Thumb Code    12  anon$$obj.o(Veneer$$Code)
    Long Thumb to Thumb Veneer to uart_write 0x200043e1   Thumb Code    12  anon$$obj.o(Veneer$$Code)
    Long Thumb to Thumb Veneer to get_rc16m_count 0x200043ed   Thumb Code    12  anon$$obj.o(Veneer$$Code)
    Long Thumb to Thumb Veneer to pll_vcocal_LUT_InitUpdate 0x200043f9   Thumb Code    12  anon$$obj.o(Veneer$$Code)
    Long Thumb to Thumb Veneer to rf_calibration 0x20004405   Thumb Code    12  anon$$obj.o(Veneer$$Code)
    Long Thumb to Thumb Veneer to app_get_sleep_mode 0x20004411   Thumb Code    12  anon$$obj.o(Veneer$$Code)
    Long Thumb to Thumb Veneer to uart_init  0x2000441d   Thumb Code    12  anon$$obj.o(Veneer$$Code)
    Long Thumb to Thumb Veneer to __aeabi_uidivmod 0x20004429   Thumb Code    12  anon$$obj.o(Veneer$$Code)
    Long Thumb to Thumb Veneer to __aeabi_dmul 0x20004435   Thumb Code    12  anon$$obj.o(Veneer$$Code)
    Long Thumb to Thumb Veneer to rwip_wakeup_delay_set 0x20004441   Thumb Code    12  anon$$obj.o(Veneer$$Code)
    Long Thumb to Thumb Veneer to $Super$$get_rc16m_count_func 0x2000444d   Thumb Code    12  anon$$obj.o(Veneer$$Code)
    Long Thumb to Thumb Veneer to uart_flow_on 0x20004459   Thumb Code    12  anon$$obj.o(Veneer$$Code)
    Long Thumb to Thumb Veneer to ke_state_get 0x20004465   Thumb Code    12  anon$$obj.o(Veneer$$Code)
    Long Thumb to Thumb Veneer to co_list_push_back 0x20004471   Thumb Code    12  anon$$obj.o(Veneer$$Code)
    Long Thumb to Thumb Veneer to gtl_send_msg 0x2000447d   Thumb Code    12  anon$$obj.o(Veneer$$Code)
    Long Thumb to Thumb Veneer to ke_state_set 0x20004489   Thumb Code    12  anon$$obj.o(Veneer$$Code)
    Long Thumb to Thumb Veneer to __ARM_common_switch8 0x20004495   Thumb Code    12  anon$$obj.o(Veneer$$Code)
    Long Thumb to Thumb Veneer to ke_timer_clear 0x200044a1   Thumb Code    12  anon$$obj.o(Veneer$$Code)
    Long Thumb to Thumb Veneer to atts_send_cmd_cmp 0x200044ad   Thumb Code    12  anon$$obj.o(Veneer$$Code)
    Long Thumb to Thumb Veneer to atts_mtu_exc_resp 0x200044b9   Thumb Code    12  anon$$obj.o(Veneer$$Code)
    Long Thumb to Thumb Veneer to atts_find_info_resp 0x200044c5   Thumb Code    12  anon$$obj.o(Veneer$$Code)
    Long Thumb to Thumb Veneer to atts_find_by_type_resp 0x200044d1   Thumb Code    12  anon$$obj.o(Veneer$$Code)
    Long Thumb to Thumb Veneer to atts_read_by_type_resp 0x200044dd   Thumb Code    12  anon$$obj.o(Veneer$$Code)
    Long Thumb to Thumb Veneer to atts_read_by_grp_type_resp 0x200044e9   Thumb Code    12  anon$$obj.o(Veneer$$Code)
    Long Thumb to Thumb Veneer to atts_read_resp 0x200044f5   Thumb Code    12  anon$$obj.o(Veneer$$Code)
    Long Thumb to Thumb Veneer to atts_read_blob_resp 0x20004501   Thumb Code    12  anon$$obj.o(Veneer$$Code)
    Long Thumb to Thumb Veneer to atts_read_mult_resp 0x2000450d   Thumb Code    12  anon$$obj.o(Veneer$$Code)
    Long Thumb to Thumb Veneer to atts_write_no_resp 0x20004519   Thumb Code    12  anon$$obj.o(Veneer$$Code)
    Long Thumb to Thumb Veneer to atts_write_resp 0x20004525   Thumb Code    12  anon$$obj.o(Veneer$$Code)
    Long Thumb to Thumb Veneer to atts_signed_write_resp 0x20004531   Thumb Code    12  anon$$obj.o(Veneer$$Code)
    Long Thumb to Thumb Veneer to atts_prepare_write_resp 0x2000453d   Thumb Code    12  anon$$obj.o(Veneer$$Code)
    Long Thumb to Thumb Veneer to atts_execute_write_resp 0x20004549   Thumb Code    12  anon$$obj.o(Veneer$$Code)
    Long Thumb to Thumb Veneer to lld_con_update_ind 0x20004555   Thumb Code    12  anon$$obj.o(Veneer$$Code)
    Long Thumb to Thumb Veneer to llc_util_dicon_procedure 0x20004561   Thumb Code    12  anon$$obj.o(Veneer$$Code)
    Long Thumb to Thumb Veneer to lld_ch_map_ind 0x2000456d   Thumb Code    12  anon$$obj.o(Veneer$$Code)
    Long Thumb to Thumb Veneer to __aeabi_memcpy 0x20004579   Thumb Code    12  anon$$obj.o(Veneer$$Code)
    Long Thumb to Thumb Veneer to gapm_get_privacy_flag 0x20004585   Thumb Code    12  anon$$obj.o(Veneer$$Code)
    Long Thumb to Thumb Veneer to gapm_set_recon_addr 0x20004591   Thumb Code    12  anon$$obj.o(Veneer$$Code)
    Long Thumb to Thumb Veneer to co_list_pop_front 0x2000459d   Thumb Code    12  anon$$obj.o(Veneer$$Code)
    Long Thumb to Thumb Veneer to ke_task_handler_get 0x200045a9   Thumb Code    12  anon$$obj.o(Veneer$$Code)
    Long Thumb to Thumb Veneer to ke_msg_free 0x200045b5   Thumb Code    12  anon$$obj.o(Veneer$$Code)
    Long Thumb to Thumb Veneer to ke_event_clear 0x200045c1   Thumb Code    12  anon$$obj.o(Veneer$$Code)
    Long Thumb to Thumb Veneer to __aeabi_memclr4 0x200045cd   Thumb Code    12  anon$$obj.o(Veneer$$Code)
    Long Thumb to Thumb Veneer to ke_event_callback_set 0x200045d9   Thumb Code    12  anon$$obj.o(Veneer$$Code)
    Long Thumb to Thumb Veneer to ke_msg_alloc 0x200045e5   Thumb Code    12  anon$$obj.o(Veneer$$Code)
    Long Thumb to Thumb Veneer to gapc_get_enc_keysize 0x200045f1   Thumb Code    12  anon$$obj.o(Veneer$$Code)
    Long Thumb to Thumb Veneer to gapc_get_role 0x200045fd   Thumb Code    12  anon$$obj.o(Veneer$$Code)
    Long Thumb to Thumb Veneer to ke_msg_send 0x20004609   Thumb Code    12  anon$$obj.o(Veneer$$Code)
    Long Thumb to Thumb Veneer to smpc_generate_rand 0x20004615   Thumb Code    12  anon$$obj.o(Veneer$$Code)
    Long Thumb to Thumb Veneer to smpc_tkdp_send_continue 0x20004621   Thumb Code    12  anon$$obj.o(Veneer$$Code)
    Long Thumb to Thumb Veneer to smpc_pdu_send 0x2000462d   Thumb Code    12  anon$$obj.o(Veneer$$Code)
    Long Thumb to Thumb Veneer to smpc_tkdp_rcp_start 0x20004639   Thumb Code    12  anon$$obj.o(Veneer$$Code)
    Long Thumb to Thumb Veneer to smpc_pairing_end 0x20004645   Thumb Code    12  anon$$obj.o(Veneer$$Code)
    Long Thumb to Thumb Veneer to smpc_check_max_key_size 0x20004651   Thumb Code    12  anon$$obj.o(Veneer$$Code)
    Long Thumb to Thumb Veneer to smpc_check_key_distrib 0x2000465d   Thumb Code    12  anon$$obj.o(Veneer$$Code)
    Long Thumb to Thumb Veneer to smpc_get_key_sec_prop 0x20004669   Thumb Code    12  anon$$obj.o(Veneer$$Code)
    Long Thumb to Thumb Veneer to smpc_is_sec_mode_reached 0x20004675   Thumb Code    12  anon$$obj.o(Veneer$$Code)
    Long Thumb to Thumb Veneer to __aeabi_llsl 0x20004681   Thumb Code    12  anon$$obj.o(Veneer$$Code)
    Long Thumb to Thumb Veneer to memcmp     0x2000468d   Thumb Code    12  anon$$obj.o(Veneer$$Code)
    Long Thumb to Thumb Veneer to nvds_get_func 0x20004699   Thumb Code    12  anon$$obj.o(Veneer$$Code)
    Long Thumb to Thumb Veneer to ble_regs_pop 0x200046a5   Thumb Code    12  anon$$obj.o(Veneer$$Code)
    Long Thumb to Thumb Veneer to rwip_wakeup 0x200046b1   Thumb Code    12  anon$$obj.o(Veneer$$Code)
    Long Thumb to Thumb Veneer to rf_workaround_init 0x200046bd   Thumb Code    12  anon$$obj.o(Veneer$$Code)
    Long Thumb to Thumb Veneer to rf_reinit  0x200046c9   Thumb Code    12  anon$$obj.o(Veneer$$Code)
    Long Thumb to Thumb Veneer to $Super$$BLE_CSCNT_Handler 0x200046d5   Thumb Code    12  anon$$obj.o(Veneer$$Code)
    Long Thumb to Thumb Veneer to lld_evt_rx_isr 0x200046e1   Thumb Code    12  anon$$obj.o(Veneer$$Code)
    Long Thumb to Thumb Veneer to lld_evt_end_isr 0x200046ed   Thumb Code    12  anon$$obj.o(Veneer$$Code)
    Long Thumb to Thumb Veneer to set_rf_cal_cap 0x200046f9   Thumb Code    12  anon$$obj.o(Veneer$$Code)
    Long Thumb to Thumb Veneer to set_gauss_modgain 0x20004705   Thumb Code    12  anon$$obj.o(Veneer$$Code)
    Long Thumb to Thumb Veneer to lld_evt_start_isr 0x20004711   Thumb Code    12  anon$$obj.o(Veneer$$Code)
    Long Thumb to Thumb Veneer to ke_sleep_check 0x2000471d   Thumb Code    12  anon$$obj.o(Veneer$$Code)
    Long Thumb to Thumb Veneer to ke_timer_sleep_check 0x20004729   Thumb Code    12  anon$$obj.o(Veneer$$Code)
    Long Thumb to Thumb Veneer to gtl_enter_sleep 0x20004735   Thumb Code    12  anon$$obj.o(Veneer$$Code)
    Long Thumb to Thumb Veneer to lld_sleep_enter 0x20004741   Thumb Code    12  anon$$obj.o(Veneer$$Code)
    Long Thumb to Thumb Veneer to ble_regs_push 0x2000474d   Thumb Code    12  anon$$obj.o(Veneer$$Code)
    Long Thumb to Thumb Veneer to uart_finish_transfers 0x20004759   Thumb Code    12  anon$$obj.o(Veneer$$Code)
    Long Thumb to Thumb Veneer to llm_test_mode_start_rx 0x20004765   Thumb Code    12  anon$$obj.o(Veneer$$Code)
    Long Thumb to Thumb Veneer to llm_test_mode_start_tx 0x20004771   Thumb Code    12  anon$$obj.o(Veneer$$Code)
    Long Thumb to Thumb Veneer to lld_evt_try_free 0x2000477d   Thumb Code    12  anon$$obj.o(Veneer$$Code)
    Long Thumb to Thumb Veneer to __aeabi_memcpy4 0x20004789   Thumb Code    12  anon$$obj.o(Veneer$$Code)
    Long Thumb to Thumb Veneer to ke_free    0x20004795   Thumb Code    12  anon$$obj.o(Veneer$$Code)
    Long Thumb to Thumb Veneer to ke_malloc  0x200047a1   Thumb Code    12  anon$$obj.o(Veneer$$Code)
    Long Thumb to Thumb Veneer to co_list_init 0x200047ad   Thumb Code    12  anon$$obj.o(Veneer$$Code)
    Long Thumb to Thumb Veneer to lld_evt_local_sca_init 0x200047b9   Thumb Code    12  anon$$obj.o(Veneer$$Code)
    Long Thumb to Thumb Veneer to lld_evt_ack_received 0x200047c5   Thumb Code    12  anon$$obj.o(Veneer$$Code)
    Long Thumb to Thumb Veneer to lld_data_tx_check 0x200047d1   Thumb Code    12  anon$$obj.o(Veneer$$Code)
    Long Thumb to Thumb Veneer to lld_evt_delete 0x200047dd   Thumb Code    12  anon$$obj.o(Veneer$$Code)
    Long Thumb to Thumb Veneer to rwip_prevent_sleep_clear 0x200047e9   Thumb Code    12  anon$$obj.o(Veneer$$Code)
    Long Thumb to Thumb Veneer to ke_event_set 0x200047f5   Thumb Code    12  anon$$obj.o(Veneer$$Code)
    Long Thumb to Thumb Veneer to rwip_sleep_enable 0x20004801   Thumb Code    12  anon$$obj.o(Veneer$$Code)
    Long Thumb to Thumb Veneer to rwip_ext_wakeup_enable 0x2000480d   Thumb Code    12  anon$$obj.o(Veneer$$Code)
    Long Thumb to Thumb Veneer to rwip_prevent_sleep_set 0x20004819   Thumb Code    12  anon$$obj.o(Veneer$$Code)
    Long Thumb to Thumb Veneer to ke_timer_set 0x20004825   Thumb Code    12  anon$$obj.o(Veneer$$Code)
    Long Thumb to Thumb Veneer to __aeabi_i2d 0x20004831   Thumb Code    12  anon$$obj.o(Veneer$$Code)
    Long Thumb to Thumb Veneer to _double_round 0x2000483d   Thumb Code    12  anon$$obj.o(Veneer$$Code)
    __scatterload_copy                       0x20004849   Thumb Code    14  handlers.o(i.__scatterload_copy)
    __scatterload_null                       0x20004857   Thumb Code     2  handlers.o(i.__scatterload_null)
    __scatterload_zeroinit                   0x20004859   Thumb Code    14  handlers.o(i.__scatterload_zeroinit)
    LUT_CFG                                  0x20004866   Data          22  jump_table.o(.constdata)
    my_gtl_default_state                     0x2000487c   Data          24  arch_patch.o(.constdata)
    my_gtl_default_handler                   0x20004894   Data           8  arch_patch.o(.constdata)
    TASK_DESC_GTL                            0x2000489c   Data          16  arch_patch.o(.constdata)
    Region$$Table$$Base                      0x200048d8   Number         0  anon$$obj.o(Region$$Table)
    Region$$Table$$Limit                     0x200048f8   Number         0  anon$$obj.o(Region$$Table)
    temp_count_check_value                   0x200048f8   Data           2  arch_main.o(.data)
    startup_sleep_delay                      0x20004900   Data           4  arch_system.o(.data)
    GPIO_status                              0x20004908   Data           8  gpio.o(.data)
    test_state                               0x20004910   Data           1  customer_prod.o(.data)
    test_data_pattern                        0x20004911   Data           1  customer_prod.o(.data)
    test_freq                                0x20004912   Data           1  customer_prod.o(.data)
    test_data_len                            0x20004913   Data           1  customer_prod.o(.data)
    text_tx_nr_of_packets                    0x20004914   Data           2  customer_prod.o(.data)
    test_tx_packet_nr                        0x20004916   Data           2  customer_prod.o(.data)
    test_rx_packet_nr                        0x20004918   Data           2  customer_prod.o(.data)
    test_rx_packet_nr_syncerr                0x2000491a   Data           2  customer_prod.o(.data)
    test_rx_packet_nr_crcerr                 0x2000491c   Data           2  customer_prod.o(.data)
    rx_test_rssi_1                           0x2000491e   Data           2  customer_prod.o(.data)
    rx_test_rssi_2                           0x20004920   Data           2  customer_prod.o(.data)
    test_rx_irq_cnt                          0x20004922   Data           2  customer_prod.o(.data)
    rf_calibration_request_cbt               0x20004924   Data           2  customer_prod.o(.data)
    x_calc                                   0x2000492c   Data           4  xtal_cal.o(.data)
    y_input                                  0x20004930   Data           4  xtal_cal.o(.data)
    ccc                                      0x20004934   Data           4  xtal_cal.o(.data)
    actual_trimming_value                    0x20004938   Data           4  xtal_cal.o(.data)
    new_trimming_value                       0x2000493c   Data           4  xtal_cal.o(.data)
    dummy1                                   0x20004940   Data           1  periph_setup.o(non_init)
    dummy2                                   0x20004941   Data           1  periph_setup.o(non_init)
    port_sel                                 0x20004942   Data           1  periph_setup.o(non_init)
    rwip_heap_non_ret                        0x20008bf4   Data        1036  jump_table.o(heap_mem_area_not_ret)
    SystemCoreClock                          0x20009000   Data           0  rom_symdef_ES5_Prod_Test.txt ABSOLUTE
    error                                    0x20009004   Data           0  rom_symdef_ES5_Prod_Test.txt ABSOLUTE
    GPIO                                     0x20009020   Data         160  gpio.o(.bss)
    GPIOHandlerFunction                      0x200090c0   Data          20  gpio.o(.bss)
    __initial_sp                             0x20009800   Data           0  boot_vectors.o(STACK)



==============================================================================

Memory Map of the image

  Image Entry point : 0x20000441

  Load Region LR_IROM1 (Base: 0x20000000, Size: 0x000000a0, Max: 0x00000160, ABSOLUTE)

    Execution Region ER_IROM1 (Base: 0x20000000, Size: 0x000000a0, Max: 0x00000160, ABSOLUTE)

    Base Addr    Size         Type   Attr      Idx    E Section Name        Object

    0x20000000   0x000000a0   Data   RO           52    RESET               boot_vectors.o



  Load Region LR_IROM2 (Base: 0x20000160, Size: 0x00000160, Max: 0x00000160, ABSOLUTE)

    Execution Region ER_IROM2 (Base: 0x20000160, Size: 0x00000160, Max: 0x00000160, ABSOLUTE)

    Base Addr    Size         Type   Attr      Idx    E Section Name        Object

    0x20000160   0x00000160   Data   RO          283    jump_table_mem_area  jump_table.o



  Load Region LR_IROM3 (Base: 0x200002c0, Size: 0x00000064, Max: 0x00000080, ABSOLUTE)

    Execution Region ER_IROM3 (Base: 0x200002c0, Size: 0x00000064, Max: 0x00000080, ABSOLUTE)

    Base Addr    Size         Type   Attr      Idx    E Section Name        Object

    0x200002c0   0x00000064   Data   RO          705    timeout_table_area  gapm.o



  Load Region LR_IROM4 (Base: 0x20000340, Size: 0x000000a4, Max: 0x00000100, ABSOLUTE)

    Execution Region ER_IROM4 (Base: 0x20000340, Size: 0x000000a4, Max: 0x00000100, ABSOLUTE)

    Base Addr    Size         Type   Attr      Idx    E Section Name        Object

    0x20000340   0x000000a4   Data   RO          756    nvds_data_storage_area  nvds.o



  Load Region LR_IROM5 (Base: 0x20000440, Size: 0x00004500, Max: 0x000093c0, ABSOLUTE)

    Execution Region ER_IROM5 (Base: 0x20000440, Size: 0x00004500, Max: 0x00007ac0, ABSOLUTE)

    Base Addr    Size         Type   Attr      Idx    E Section Name        Object

    0x20000440   0x00000000   Code   RO         1139  * .ARM.Collect$$$$00000000  mc_p.l(entry.o)
    0x20000440   0x00000004   Code   RO         1164    .ARM.Collect$$$$00000001  mc_p.l(entry2.o)
    0x20000444   0x00000004   Code   RO         1167    .ARM.Collect$$$$00000004  mc_p.l(entry5.o)
    0x20000448   0x00000000   Code   RO         1169    .ARM.Collect$$$$00000008  mc_p.l(entry7b.o)
    0x20000448   0x00000000   Code   RO         1171    .ARM.Collect$$$$0000000A  mc_p.l(entry8b.o)
    0x20000448   0x00000008   Code   RO         1172    .ARM.Collect$$$$0000000B  mc_p.l(entry9a.o)
    0x20000450   0x00000000   Code   RO         1174    .ARM.Collect$$$$0000000D  mc_p.l(entry10a.o)
    0x20000450   0x00000000   Code   RO         1176    .ARM.Collect$$$$0000000F  mc_p.l(entry11a.o)
    0x20000450   0x00000004   Code   RO         1165    .ARM.Collect$$$$00002712  mc_p.l(entry2.o)
    0x20000454   0x00000050   Code   RO            2    .text               system_armcm0.o
    0x200004a4   0x0000006c   Code   RO           53    .text               boot_vectors.o
    0x20000510   0x0000036c   Code   RO           58    .text               arch_main.o
    0x2000087c   0x00000002   Code   RO          277    .text               jump_table.o
    0x2000087e   0x00000002   PAD
    0x20000880   0x00000090   Code   RO          433    .text               nmi_handler.o
    0x20000910   0x00000110   Code   RO          449    .text               arch_sleep.o
    0x20000a20   0x00000060   Code   RO          468    .text               hardfault_handler.o
    0x20000a80   0x00000140   Code   RO          489    .text               periph_setup.o
    0x20000bc0   0x00000368   Code   RO          508    .text               arch_system.o
    0x20000f28   0x00000158   Code   RO          557    .text               arch_patch.o
    0x20001080   0x000000ec   Code   RO          612    .text               atts_task.obj
    0x2000116c   0x000000c4   Code   RO          616    .text               ch_map.obj
    0x20001230   0x00000180   Code   RO          618    .text               gapm_util.obj
    0x200013b0   0x000000b8   Code   RO          620    .text               ke_task.obj
    0x20001468   0x000000ec   Code   RO          622    .text               smpc.obj
    0x20001554   0x00000214   Code   RO          624    .text               smpc_task.obj
    0x20001768   0x00000044   Code   RO          626    .text               syscntl.o
    0x200017ac   0x000002fc   Code   RO          641    .text               rf_580.o
    0x20001aa8   0x00000128   Code   RO          668    .text               adc.o
    0x20001bd0   0x0000068c   Code   RO          684    .text               gpio.o
    0x2000225c   0x00000084   Code   RO          755    .text               nvds.o
    0x200022e0   0x00000270   Code   RO          772    .text               rwble.o
    0x20002550   0x000001dc   Code   RO          813    .text               rwip.o
    0x2000272c   0x000008ee   Code   RO          841    .text               customer_prod.o
    0x2000301a   0x00000002   PAD
    0x2000301c   0x00000070   Code   RO          885    .text               custom_lld_evt.o
    0x2000308c   0x000002a8   Code   RO          942    .text               custom_lld_data.o
    0x20003334   0x00000028   Code   RO          972    .text               custom_lld.o
    0x2000335c   0x000002b4   Code   RO         1004    .text               custom_gtl_eif.o
    0x20003610   0x000002a4   Code   RO         1047    .text               custom_gtl_hci.o
    0x200038b4   0x00000420   Code   RO         1074    .text               xtal_cal.o
    0x20003cd4   0x00000044   Code   RO         1094    .text               pulse.o
    0x20003d18   0x00000106   Code   RO         1098    .text               rdtest_api.o
    0x20003e1e   0x00000002   PAD
    0x20003e20   0x000000c0   Code   RO         1114    .text               rdtest_lowlevel.o
    0x20003ee0   0x00000028   Code   RO         1127    .text               rdtest_support.o
    0x20003f08   0x00000014   Code   RO         1140    .text               mc_p.l(uread4.o)
    0x20003f1c   0x000000b2   Code   RO         1142    .text               mf_p.l(fadd.o)
    0x20003fce   0x0000007a   Code   RO         1144    .text               mf_p.l(fmul.o)
    0x20004048   0x0000007c   Code   RO         1146    .text               mf_p.l(fdiv.o)
    0x200040c4   0x00000018   Code   RO         1148    .text               mf_p.l(fscalb.o)
    0x200040dc   0x000000f0   Code   RO         1150    .text               mf_p.l(ddiv.o)
    0x200041cc   0x00000016   Code   RO         1152    .text               mf_p.l(fflti.o)
    0x200041e2   0x0000000e   Code   RO         1154    .text               mf_p.l(ffltui.o)
    0x200041f0   0x00000032   Code   RO         1156    .text               mf_p.l(ffixi.o)
    0x20004222   0x00000028   Code   RO         1158    .text               mf_p.l(ffixui.o)
    0x2000424a   0x00000028   Code   RO         1160    .text               mf_p.l(f2d.o)
    0x20004272   0x00000038   Code   RO         1162    .text               mf_p.l(d2f.o)
    0x200042aa   0x00000082   Code   RO         1178    .text               mf_p.l(fepilogue.o)
    0x2000432c   0x00000024   Code   RO         1180    .text               mc_p.l(init.o)
    0x20004350   0x0000000c   Ven    RO         1190    Veneer$$Code        anon$$obj.o
    0x2000435c   0x0000000c   Ven    RO         1191    Veneer$$Code        anon$$obj.o
    0x20004368   0x0000000c   Ven    RO         1192    Veneer$$Code        anon$$obj.o
    0x20004374   0x0000000c   Ven    RO         1193    Veneer$$Code        anon$$obj.o
    0x20004380   0x0000000c   Ven    RO         1194    Veneer$$Code        anon$$obj.o
    0x2000438c   0x0000000c   Ven    RO         1195    Veneer$$Code        anon$$obj.o
    0x20004398   0x0000000c   Ven    RO         1196    Veneer$$Code        anon$$obj.o
    0x200043a4   0x0000000c   Ven    RO         1197    Veneer$$Code        anon$$obj.o
    0x200043b0   0x0000000c   Ven    RO         1198    Veneer$$Code        anon$$obj.o
    0x200043bc   0x0000000c   Ven    RO         1199    Veneer$$Code        anon$$obj.o
    0x200043c8   0x0000000c   Ven    RO         1200    Veneer$$Code        anon$$obj.o
    0x200043d4   0x0000000c   Ven    RO         1201    Veneer$$Code        anon$$obj.o
    0x200043e0   0x0000000c   Ven    RO         1202    Veneer$$Code        anon$$obj.o
    0x200043ec   0x0000000c   Ven    RO         1203    Veneer$$Code        anon$$obj.o
    0x200043f8   0x0000000c   Ven    RO         1204    Veneer$$Code        anon$$obj.o
    0x20004404   0x0000000c   Ven    RO         1205    Veneer$$Code        anon$$obj.o
    0x20004410   0x0000000c   Ven    RO         1206    Veneer$$Code        anon$$obj.o
    0x2000441c   0x0000000c   Ven    RO         1207    Veneer$$Code        anon$$obj.o
    0x20004428   0x0000000c   Ven    RO         1208    Veneer$$Code        anon$$obj.o
    0x20004434   0x0000000c   Ven    RO         1209    Veneer$$Code        anon$$obj.o
    0x20004440   0x0000000c   Ven    RO         1210    Veneer$$Code        anon$$obj.o
    0x2000444c   0x0000000c   Ven    RO         1211    Veneer$$Code        anon$$obj.o
    0x20004458   0x0000000c   Ven    RO         1212    Veneer$$Code        anon$$obj.o
    0x20004464   0x0000000c   Ven    RO         1213    Veneer$$Code        anon$$obj.o
    0x20004470   0x0000000c   Ven    RO         1214    Veneer$$Code        anon$$obj.o
    0x2000447c   0x0000000c   Ven    RO         1215    Veneer$$Code        anon$$obj.o
    0x20004488   0x0000000c   Ven    RO         1216    Veneer$$Code        anon$$obj.o
    0x20004494   0x0000000c   Ven    RO         1217    Veneer$$Code        anon$$obj.o
    0x200044a0   0x0000000c   Ven    RO         1218    Veneer$$Code        anon$$obj.o
    0x200044ac   0x0000000c   Ven    RO         1219    Veneer$$Code        anon$$obj.o
    0x200044b8   0x0000000c   Ven    RO         1220    Veneer$$Code        anon$$obj.o
    0x200044c4   0x0000000c   Ven    RO         1221    Veneer$$Code        anon$$obj.o
    0x200044d0   0x0000000c   Ven    RO         1222    Veneer$$Code        anon$$obj.o
    0x200044dc   0x0000000c   Ven    RO         1223    Veneer$$Code        anon$$obj.o
    0x200044e8   0x0000000c   Ven    RO         1224    Veneer$$Code        anon$$obj.o
    0x200044f4   0x0000000c   Ven    RO         1225    Veneer$$Code        anon$$obj.o
    0x20004500   0x0000000c   Ven    RO         1226    Veneer$$Code        anon$$obj.o
    0x2000450c   0x0000000c   Ven    RO         1227    Veneer$$Code        anon$$obj.o
    0x20004518   0x0000000c   Ven    RO         1228    Veneer$$Code        anon$$obj.o
    0x20004524   0x0000000c   Ven    RO         1229    Veneer$$Code        anon$$obj.o
    0x20004530   0x0000000c   Ven    RO         1230    Veneer$$Code        anon$$obj.o
    0x2000453c   0x0000000c   Ven    RO         1231    Veneer$$Code        anon$$obj.o
    0x20004548   0x0000000c   Ven    RO         1232    Veneer$$Code        anon$$obj.o
    0x20004554   0x0000000c   Ven    RO         1233    Veneer$$Code        anon$$obj.o
    0x20004560   0x0000000c   Ven    RO         1234    Veneer$$Code        anon$$obj.o
    0x2000456c   0x0000000c   Ven    RO         1235    Veneer$$Code        anon$$obj.o
    0x20004578   0x0000000c   Ven    RO         1236    Veneer$$Code        anon$$obj.o
    0x20004584   0x0000000c   Ven    RO         1237    Veneer$$Code        anon$$obj.o
    0x20004590   0x0000000c   Ven    RO         1238    Veneer$$Code        anon$$obj.o
    0x2000459c   0x0000000c   Ven    RO         1239    Veneer$$Code        anon$$obj.o
    0x200045a8   0x0000000c   Ven    RO         1240    Veneer$$Code        anon$$obj.o
    0x200045b4   0x0000000c   Ven    RO         1241    Veneer$$Code        anon$$obj.o
    0x200045c0   0x0000000c   Ven    RO         1242    Veneer$$Code        anon$$obj.o
    0x200045cc   0x0000000c   Ven    RO         1243    Veneer$$Code        anon$$obj.o
    0x200045d8   0x0000000c   Ven    RO         1244    Veneer$$Code        anon$$obj.o
    0x200045e4   0x0000000c   Ven    RO         1245    Veneer$$Code        anon$$obj.o
    0x200045f0   0x0000000c   Ven    RO         1246    Veneer$$Code        anon$$obj.o
    0x200045fc   0x0000000c   Ven    RO         1247    Veneer$$Code        anon$$obj.o
    0x20004608   0x0000000c   Ven    RO         1248    Veneer$$Code        anon$$obj.o
    0x20004614   0x0000000c   Ven    RO         1249    Veneer$$Code        anon$$obj.o
    0x20004620   0x0000000c   Ven    RO         1250    Veneer$$Code        anon$$obj.o
    0x2000462c   0x0000000c   Ven    RO         1251    Veneer$$Code        anon$$obj.o
    0x20004638   0x0000000c   Ven    RO         1252    Veneer$$Code        anon$$obj.o
    0x20004644   0x0000000c   Ven    RO         1253    Veneer$$Code        anon$$obj.o
    0x20004650   0x0000000c   Ven    RO         1254    Veneer$$Code        anon$$obj.o
    0x2000465c   0x0000000c   Ven    RO         1255    Veneer$$Code        anon$$obj.o
    0x20004668   0x0000000c   Ven    RO         1256    Veneer$$Code        anon$$obj.o
    0x20004674   0x0000000c   Ven    RO         1257    Veneer$$Code        anon$$obj.o
    0x20004680   0x0000000c   Ven    RO         1258    Veneer$$Code        anon$$obj.o
    0x2000468c   0x0000000c   Ven    RO         1259    Veneer$$Code        anon$$obj.o
    0x20004698   0x0000000c   Ven    RO         1260    Veneer$$Code        anon$$obj.o
    0x200046a4   0x0000000c   Ven    RO         1261    Veneer$$Code        anon$$obj.o
    0x200046b0   0x0000000c   Ven    RO         1262    Veneer$$Code        anon$$obj.o
    0x200046bc   0x0000000c   Ven    RO         1263    Veneer$$Code        anon$$obj.o
    0x200046c8   0x0000000c   Ven    RO         1264    Veneer$$Code        anon$$obj.o
    0x200046d4   0x0000000c   Ven    RO         1265    Veneer$$Code        anon$$obj.o
    0x200046e0   0x0000000c   Ven    RO         1266    Veneer$$Code        anon$$obj.o
    0x200046ec   0x0000000c   Ven    RO         1267    Veneer$$Code        anon$$obj.o
    0x200046f8   0x0000000c   Ven    RO         1268    Veneer$$Code        anon$$obj.o
    0x20004704   0x0000000c   Ven    RO         1269    Veneer$$Code        anon$$obj.o
    0x20004710   0x0000000c   Ven    RO         1270    Veneer$$Code        anon$$obj.o
    0x2000471c   0x0000000c   Ven    RO         1271    Veneer$$Code        anon$$obj.o
    0x20004728   0x0000000c   Ven    RO         1272    Veneer$$Code        anon$$obj.o
    0x20004734   0x0000000c   Ven    RO         1273    Veneer$$Code        anon$$obj.o
    0x20004740   0x0000000c   Ven    RO         1274    Veneer$$Code        anon$$obj.o
    0x2000474c   0x0000000c   Ven    RO         1275    Veneer$$Code        anon$$obj.o
    0x20004758   0x0000000c   Ven    RO         1276    Veneer$$Code        anon$$obj.o
    0x20004764   0x0000000c   Ven    RO         1277    Veneer$$Code        anon$$obj.o
    0x20004770   0x0000000c   Ven    RO         1278    Veneer$$Code        anon$$obj.o
    0x2000477c   0x0000000c   Ven    RO         1279    Veneer$$Code        anon$$obj.o
    0x20004788   0x0000000c   Ven    RO         1280    Veneer$$Code        anon$$obj.o
    0x20004794   0x0000000c   Ven    RO         1281    Veneer$$Code        anon$$obj.o
    0x200047a0   0x0000000c   Ven    RO         1282    Veneer$$Code        anon$$obj.o
    0x200047ac   0x0000000c   Ven    RO         1283    Veneer$$Code        anon$$obj.o
    0x200047b8   0x0000000c   Ven    RO         1284    Veneer$$Code        anon$$obj.o
    0x200047c4   0x0000000c   Ven    RO         1285    Veneer$$Code        anon$$obj.o
    0x200047d0   0x0000000c   Ven    RO         1286    Veneer$$Code        anon$$obj.o
    0x200047dc   0x0000000c   Ven    RO         1287    Veneer$$Code        anon$$obj.o
    0x200047e8   0x0000000c   Ven    RO         1288    Veneer$$Code        anon$$obj.o
    0x200047f4   0x0000000c   Ven    RO         1289    Veneer$$Code        anon$$obj.o
    0x20004800   0x0000000c   Ven    RO         1290    Veneer$$Code        anon$$obj.o
    0x2000480c   0x0000000c   Ven    RO         1291    Veneer$$Code        anon$$obj.o
    0x20004818   0x0000000c   Ven    RO         1292    Veneer$$Code        anon$$obj.o
    0x20004824   0x0000000c   Ven    RO         1293    Veneer$$Code        anon$$obj.o
    0x20004830   0x0000000c   Ven    RO         1294    Veneer$$Code        anon$$obj.o
    0x2000483c   0x0000000c   Ven    RO         1295    Veneer$$Code        anon$$obj.o
    0x20004848   0x0000000e   Code   RO         1184    i.__scatterload_copy  mc_p.l(handlers.o)
    0x20004856   0x00000002   Code   RO         1185    i.__scatterload_null  mc_p.l(handlers.o)
    0x20004858   0x0000000e   Code   RO         1186    i.__scatterload_zeroinit  mc_p.l(handlers.o)
    0x20004866   0x00000016   Data   RO          278    .constdata          jump_table.o
    0x2000487c   0x00000018   Data   RO          558    .constdata          arch_patch.o
    0x20004894   0x00000008   Data   RO          559    .constdata          arch_patch.o
    0x2000489c   0x00000030   Data   RO          560    .constdata          arch_patch.o
    0x200048cc   0x00000008   Data   RO          686    .constdata          gpio.o
    0x200048d4   0x00000003   Data   RO         1005    .constdata          custom_gtl_eif.o
    0x200048d7   0x00000001   PAD
    0x200048d8   0x00000020   Data   RO         1182    Region$$Table       anon$$obj.o
    0x200048f8   0x00000008   Data   RW           59    .data               arch_main.o
    0x20004900   0x00000004   Data   RW          509    .data               arch_system.o
    0x20004904   0x00000004   PAD
    0x20004908   0x00000008   Data   RW          687    .data               gpio.o
    0x20004910   0x0000001c   Data   RW          842    .data               customer_prod.o
    0x2000492c   0x00000014   Data   RW         1075    .data               xtal_cal.o


    Execution Region ER_2 (Base: 0x20004940, Size: 0x00000004, Max: 0xffffffff, ABSOLUTE, UNINIT)

    Base Addr    Size         Type   Attr      Idx    E Section Name        Object

    0x20004940   0x00000003   Zero   RW          490    non_init            periph_setup.o


    Execution Region RW_IRAM50 (Base: 0x20008000, Size: 0x00000000, Max: 0x00000bf4, ABSOLUTE)

    **** No section assigned to this execution region ****


    Execution Region RW_IRAM51 (Base: 0x20008bf4, Size: 0x0000040c, Max: 0x0000040c, ABSOLUTE, UNINIT)

    Base Addr    Size         Type   Attr      Idx    E Section Name        Object

    0x20008bf4   0x0000040c   Zero   RW          281    heap_mem_area_not_ret  jump_table.o


    Execution Region RW_IRAM52 (Base: 0x20009000, Size: 0x00000020, Max: 0x00000020, ABSOLUTE)

    Base Addr    Size         Type   Attr      Idx    E Section Name        Object

    0x20009000   0x00000020   Zero   RW            1    RW_IRAM52.bss       anon$$obj.o


    Execution Region RW_IRAM53 (Base: 0x20009020, Size: 0x000000b4, Max: 0x000001e0, ABSOLUTE)

    Base Addr    Size         Type   Attr      Idx    E Section Name        Object

    0x20009020   0x000000b4   Zero   RW          685    .bss                gpio.o


    Execution Region RW_IRAM54 (Base: 0x20009200, Size: 0x00000600, Max: 0x00000600, ABSOLUTE, UNINIT)

    Base Addr    Size         Type   Attr      Idx    E Section Name        Object

    0x20009200   0x00000600   Zero   RW           50    STACK               boot_vectors.o



  Load Region LR_RETENTION_RAM0 (Base: 0x00080768, Size: 0x00000000, Max: 0x00001e78, ABSOLUTE)

    Execution Region ZI_RET00 (Base: 0x00080768, Size: 0x00000ac0, Max: 0x00001898, ABSOLUTE, UNINIT)

    Base Addr    Size         Type   Attr      Idx    E Section Name        Object

    0x00080768   0x0000040c   Zero   RW          279    heap_db_area        jump_table.o
    0x00080b74   0x00000154   Zero   RW          280    heap_env_area       jump_table.o
    0x00080cc8   0x0000052c   Zero   RW          282    heap_msg_area       jump_table.o
    0x000811f4   0x00000001   Zero   RW           61    retention_mem_area0  arch_main.o
    0x000811f5   0x00000004   Zero   RW          450    retention_mem_area0  arch_sleep.o
    0x000811f9   0x00000003   PAD
    0x000811fc   0x00000014   Zero   RW          510    retention_mem_area0  arch_system.o
    0x00081210   0x00000001   Zero   RW          642    retention_mem_area0  rf_580.o
    0x00081211   0x00000006   Zero   RW          757    retention_mem_area0  nvds.o
    0x00081217   0x00000001   PAD
    0x00081218   0x00000008   Zero   RW          773    retention_mem_area0  rwble.o
    0x00081220   0x00000004   Zero   RW          814    retention_mem_area0  rwip.o
    0x00081224   0x00000004   Zero   RW          815    retention_mem_area0  rwip.o


    Execution Region ZI_RET01 (Base: 0x00082a20, Size: 0x000005e0, Max: 0x000005e0, ABSOLUTE)

    Base Addr    Size         Type   Attr      Idx    E Section Name        Object

    0x00082a20   0x000005de   Zero   RW           60    BLE_exchange_memory  arch_main.o



  Load Region LR_RETENTION_RAM2 (Base: 0x00082000, Size: 0x00000000, Max: 0x00000a20, ABSOLUTE)

    Execution Region ZI_RET20 (Base: 0x00082000, Size: 0x00000000, Max: 0x00000a20, ABSOLUTE, UNINIT)

    **** No section assigned to this execution region ****


==============================================================================

Image component sizes


      Code (inc. data)   RO Data    RW Data    ZI Data      Debug   Object Name

       296         18          0          0          0       2417   adc.o
       876         92          0          8       1503     140673   arch_main.o
       344         92         80          0          0      12532   arch_patch.o
       272         20          0          0          4       4672   arch_sleep.o
       872         72          0          4         20      83690   arch_system.o
       236         18          0          0          0         72   atts_task.obj
       108         22        160          0       1536        792   boot_vectors.o
       196         12          0          0          0        108   ch_map.obj
       692         32          3          0          0       8294   custom_gtl_eif.o
       676         38          0          0          0      11957   custom_gtl_hci.o
        40         10          0          0          0        835   custom_lld.o
       680         46          0          0          0       5091   custom_lld_data.o
       112         22          0          0          0       5114   custom_lld_evt.o
      2286        144          0         28          0      21263   customer_prod.o
         0          0        100          0          0       1232   gapm.o
       384         38          0          0          0        112   gapm_util.obj
      1676         48          8          8        180       8439   gpio.o
        96         10          0          0          0        721   hardfault_handler.o
         2          0        374          0       3736       6662   jump_table.o
       184         18          0          0          0         96   ke_task.obj
       144         18          0          0          0       4097   nmi_handler.o
       132         26        164          0          6       2219   nvds.o
       320         32          0          0          3       8317   periph_setup.o
        68         14          0          0          0        508   pulse.o
       262          0          0          0          0       2694   rdtest_api.o
       192          6          0          0          0       2536   rdtest_lowlevel.o
        40          8          0          0          0        639   rdtest_support.o
       764        178          0          0          1      65691   rf_580.o
       624         64          0          0          8      74942   rwble.o
       476         54          0          0          8      64422   rwip.o
       236          8          0          0          0        136   smpc.obj
       532          4          0          0          0         84   smpc_task.obj
        68          6          0          0          0       1507   syscntl.o
        80         18          0          0          0     100745   system_armcm0.o
      1056        122          0         20          0       4459   xtal_cal.o

    ----------------------------------------------------------------------
     16300       1734        922         72       7044     647768   Object Totals
      1272        424         32          0         32          0   (incl. Generated)
         6          0          1          4          7          0   (incl. Padding)

    ----------------------------------------------------------------------

      Code (inc. data)   RO Data    RW Data    ZI Data      Debug   Library Member Name

         0          0          0          0          0          0   entry.o
         0          0          0          0          0          0   entry10a.o
         0          0          0          0          0          0   entry11a.o
         8          4          0          0          0          0   entry2.o
         4          0          0          0          0          0   entry5.o
         0          0          0          0          0          0   entry7b.o
         0          0          0          0          0          0   entry8b.o
         8          4          0          0          0          0   entry9a.o
        30          0          0          0          0          0   handlers.o
        36          8          0          0          0         68   init.o
        20          0          0          0          0         60   uread4.o
        56          0          0          0          0         68   d2f.o
       240          6          0          0          0         84   ddiv.o
        40          0          0          0          0         60   f2d.o
       178          0          0          0          0        108   fadd.o
       124          0          0          0          0         72   fdiv.o
       130          0          0          0          0        144   fepilogue.o
        50          0          0          0          0         60   ffixi.o
        40          0          0          0          0         60   ffixui.o
        22          0          0          0          0         68   fflti.o
        14          0          0          0          0         68   ffltui.o
       122          0          0          0          0         72   fmul.o
        24          0          0          0          0         60   fscalb.o

    ----------------------------------------------------------------------
      1146         22          0          0          0       1052   Library Totals
         0          0          0          0          0          0   (incl. Padding)

    ----------------------------------------------------------------------

      Code (inc. data)   RO Data    RW Data    ZI Data      Debug   Library Name

       106         16          0          0          0        128   mc_p.l
      1040          6          0          0          0        924   mf_p.l

    ----------------------------------------------------------------------
      1146         22          0          0          0       1052   Library Totals

    ----------------------------------------------------------------------

==============================================================================


      Code (inc. data)   RO Data    RW Data    ZI Data      Debug   

     17446       1756        922         72       7044     646060   Grand Totals
     17446       1756        922         72       7044     646060   ELF Image Totals
     17446       1756        922         72          0          0   ROM Totals

==============================================================================

    Total RO  Size (Code + RO Data)                18368 (  17.94kB)
    Total RW  Size (RW Data + ZI Data)              7116 (   6.95kB)
    Total ROM Size (Code + RO Data + RW Data)      18440 (  18.01kB)

==============================================================================

