<html>
<body>
<pre>
<h1>礦ision Build Log</h1>
<h2>Tool Versions:</h2>
IDE-Version: μVision V5.16a
Copyright (C) 2015 ARM Ltd and ARM Germany GmbH. All rights reserved.
License Information: x j, BMI, LIC=2TTCX-H6H31-EY6VT-RXUYM-B8KH5-G7FTD
 
Tool Versions:
Toolchain:       MDK-ARM Professional  Version: 5.16a
Toolchain Path:  D:\Keil_v5\ARM\ARMCC\Bin
C Compiler:      Armcc.exe V5.06 (build 20)
Assembler:       Armasm.exe V5.06 (build 20)
Linker/Locator:  ArmLink.exe V5.06 (build 20)
Library Manager: ArmAr.exe V5.06 (build 20)
Hex Converter:   FromElf.exe V5.06 (build 20)
CPU DLL:         SARMCM3.DLL V5.16a
Dialog DLL:      DARMCM1.DLL V1.12.0.0
Target DLL:      Segger\JL2CM3.dll V2.99.15.2
Dialog DLL:      TARMCM1.DLL V1.9.0.0
 
<h2>Project:</h2>
D:\BMI-XJ\资料\WT-智能穿戴学习开发套件\DA14580_581_SDK_3.0.8.0原版\DA14580_581_SDK_3.0.8.0\dk_apps\keil_projects\prod_test\prod_test\prod_test.uvproj
Project File Date:  03/11/2015

<h2>Output:</h2>
*** Using Compiler 'V5.06 (build 20)', folder: 'D:\Keil_v5\ARM\ARMCC\Bin'
Build target 'prod_test'
assembling boot_vectors.s...
compiling system_ARMCM0.c...
compiling nmi_handler.c...
compiling arch_main.c...
..\..\..\src\plf\refip\src\arch\main\ble\arch_main.c(116): warning:  #1215-D: #warning directive: "==============================================================> DEVELOPMENT_DEBUG is set!"
      #warning "==============================================================> DEVELOPMENT_DEBUG is set!"
..\..\..\src\plf\refip\src\arch\main\ble\arch_main.c(118): warning:  #1215-D: #warning directive: "The device shall not use Deep Sleep mode when DEVELOPMENT_DEBUG = 1!"
          #warning "The device shall not use Deep Sleep mode when DEVELOPMENT_DEBUG = 1!"
..\..\..\src\plf\refip\src\arch\main\ble\arch_main.c(119): warning:  #1215-D: #warning directive: "Extended Sleep mode shall be used instead!"
          #warning "Extended Sleep mode shall be used instead!"
..\..\..\src\plf\refip\src\arch\main\ble\arch_main.c: 3 warnings, 0 errors
compiling jump_table.c...
compiling arch_sleep.c...
compiling hardfault_handler.c...
compiling periph_setup.c...
compiling arch_patch.c...
compiling syscntl.c...
compiling arch_system.c...
compiling adc.c...
compiling rf_580.c...
compiling gpio.c...
..\..\..\src\plf\refip\src\driver\gpio\gpio.c(59): warning:  #1215-D: #warning directive: "GPIO assignment checking is active! Deactivate before burning OTP..."
          #warning "GPIO assignment checking is active! Deactivate before burning OTP..."
..\..\..\src\plf\refip\src\driver\gpio\gpio.c: 1 warning, 0 errors
compiling gapm.c...
compiling nvds.c...
compiling rwble.c...
compiling rwip.c...
compiling customer_prod.c...
compiling custom_lld_evt.c...
compiling custom_lld_data.c...
compiling custom_lld.c...
compiling custom_gtl_eif.c...
compiling xtal_cal.c...
compiling custom_gtl_hci.c...
compiling rdtest_api.c...
assembling pulse.s...
..\..\..\src\modules\app\src\app_project\prod_test\pulse.s(61): warning: A1581W: Added 2 bytes of padding at address 0x36
compiling rdtest_lowlevel.c...
compiling rdtest_support.c...
linking...
Program Size: Code=17446 RO-data=922 RW-data=72 ZI-data=7044  
FromELF: creating hex file...
After Build - User command #1: hex2bin out\prod_test.hex
hex2bin v1.0.10, Copyright (C) 2012 Jacques Pelletier & contributors
Lowest address  = 00000000
Highest address = 0000493F
Pad Byte        = FF
8-bit Checksum = 56
".\out\prod_test.axf" - 0 Error(s), 5 Warning(s).
Build Time Elapsed:  00:00:12
</pre>
</body>
</html>
