Component: ARM Compiler 5.06 (build 20) Tool: armlink [4d35a3]

==============================================================================

Section Cross References

    boot_vectors.o(RESET) refers to boot_vectors.o(STACK) for __initial_sp
    boot_vectors.o(RESET) refers to boot_vectors.o(.text) for Reset_Handler
    boot_vectors.o(RESET) refers to rwble.o(.text) for BLE_WAKEUP_LP_Handler
    boot_vectors.o(RESET) refers to pwm.o(.text) for SWTIM_Handler
    boot_vectors.o(RESET) refers to wkupct_quadec.o(.text) for WKUP_QUADEC_Handler
    boot_vectors.o(RESET) refers to uart2.o(.text) for UART2_Handler
    boot_vectors.o(RESET) refers to gpio.o(.text) for GPIO0_Handler
    boot_vectors.o(.text) refers to system_armcm0.o(.text) for SystemInit
    boot_vectors.o(.text) refers to entry.o(.ARM.Collect$$$$00000000) for __main
    boot_vectors.o(.text) refers to nmi_handler.o(.text) for NMI_HandlerC
    boot_vectors.o(.text) refers to hardfault_handler.o(.text) for HardFault_HandlerC
    boot_vectors.o(.text) refers to arch_patch.o(.text) for SVC_Handler_c
    arch_main.o(.text) refers to arch_system.o(.text) for set_sleep_delay
    arch_main.o(.text) refers to gpio.o(.text) for GPIO_init
    arch_main.o(.text) refers to periph_setup.o(.text) for periph_init
    arch_main.o(.text) refers to nvds.o(.text) for nvds_read_bdaddr_from_otp
    arch_main.o(.text) refers to rf_580.o(.text) for iq_trim_from_otp
    arch_main.o(.text) refers to llc.obj(.text) for patch_llc_task
    arch_main.o(.text) refers to arch_sleep.o(.text) for app_set_extended_sleep
    arch_main.o(.text) refers to app.o(.text) for app_init
    arch_main.o(.text) refers to app_stream_queue.o(.text) for stream_fifo_init
    arch_main.o(.text) refers to hal_bma250.o(.text) for hal_bma250_init
    arch_main.o(.text) refers to gpio_config.o(.text) for GPIO_CONF
    arch_main.o(.text) refers to rwip.o(.text) for rwip_sleep
    arch_main.o(.text) refers to wkupct_quadec.o(i.wkupct_register_callback) for wkupct_register_callback
    arch_main.o(.text) refers to wkupct_quadec.o(.text) for wkupct_enable_irq
    arch_main.o(.text) refers to battery_level.o(.text) for batt_cal_LIR1025
    arch_main.o(.text) refers to arch_main.o(retention_mem_area0) for retention_mem_area0
    arch_main.o(.text) refers to arch_main.o(BLE_exchange_memory) for BLE_exchange_memory
    arch_main.o(.text) refers to led.o(.bss) for ledflag
    arch_main.o(.text) refers to gpio_config.o(.bss) for intflag
    arch_main.o(.text) refers to arch_main.o(.bss) for .bss
    arch_main.o(.text) refers to jump_table.o(jump_table_mem_area) for jump_table_base
    arch_main.o(.text) refers to rwble.o(retention_mem_area0) for fine_hit
    jump_table.o(jump_table_mem_area) refers to arch_main.o(.text) for main_func
    jump_table.o(jump_table_mem_area) refers to rf_580.o(.text) for rf_init_func
    jump_table.o(jump_table_mem_area) refers to prf_utils.o(.text) for prf_init_func
    jump_table.o(jump_table_mem_area) refers to arch_system.o(.text) for uart_flow_off_func
    jump_table.o(jump_table_mem_area) refers to rwble.o(.text) for lld_sleep_compensate_func_patched
    jump_table.o(jump_table_mem_area) refers to jump_table.o(heap_mem_area_not_ret) for rwip_heap_non_ret
    jump_table.o(jump_table_mem_area) refers to jump_table.o(heap_env_area) for rwip_heap_env_ret
    jump_table.o(jump_table_mem_area) refers to jump_table.o(heap_db_area) for rwip_heap_db_ret
    jump_table.o(jump_table_mem_area) refers to jump_table.o(heap_msg_area) for rwip_heap_msg_ret
    jump_table.o(jump_table_mem_area) refers to ke_task.obj(.text) for ke_task_init_func
    jump_table.o(jump_table_mem_area) refers to nvds.o(.text) for custom_nvds_get_func
    jump_table.o(jump_table_mem_area) refers to jump_table.o(.constdata) for LUT_CFG
    arch_sleep.o(.text) refers to arch_sleep.o(retention_mem_area0) for retention_mem_area0
    arch_sleep.o(.text) refers to rwble.o(retention_mem_area0) for rwble_last_event
    periph_setup.o(.text) refers to arch_patch.o(.text) for patch_func
    periph_setup.o(.text) refers to led.o(.text) for LED
    periph_setup.o(.text) refers to battery_level.o(.text) for adc_config
    arch_system.o(.text) refers to ffltui.o(.text) for __aeabi_ui2f
    arch_system.o(.text) refers to fdiv.o(.text) for __aeabi_fdiv
    arch_system.o(.text) refers to fscalb.o(.text) for __ARM_scalbnf
    arch_system.o(.text) refers to ffixui.o(.text) for __aeabi_f2uiz
    arch_system.o(.text) refers to f2d.o(.text) for __aeabi_f2d
    arch_system.o(.text) refers to d2f.o(.text) for __aeabi_d2f
    arch_system.o(.text) refers to trng.o(.text) for trng_acquire
    arch_system.o(.text) refers to arch_system.o(retention_mem_area0) for retention_mem_area0
    arch_system.o(.text) refers to arch_main.o(retention_mem_area0) for sys_startup_flag
    arch_system.o(.text) refers to arch_system.o(.data) for .data
    arch_patch.o(.text) refers to arch_patch.o(.constdata) for .constdata
[...]
    llc_state_handler                        0x000340dc   Data           0  rom_symdef.txt ABSOLUTE
    llc_default_handler                      0x0003418c   Data           0  rom_symdef.txt ABSOLUTE
    llm_local_cmds                           0x000341bc   Data           0  rom_symdef.txt ABSOLUTE
    llm_local_le_feats                       0x000341fc   Data           0  rom_symdef.txt ABSOLUTE
    llm_local_le_states                      0x00034204   Data           0  rom_symdef.txt ABSOLUTE
    llm_state_handler                        0x00034354   Data           0  rom_symdef.txt ABSOLUTE
    llm_default_handler                      0x00034384   Data           0  rom_symdef.txt ABSOLUTE
    LLM_AA_CT1                               0x0003438c   Data           0  rom_symdef.txt ABSOLUTE
    LLM_AA_CT2                               0x0003438f   Data           0  rom_symdef.txt ABSOLUTE
    gtl_default_state                        0x000343a4   Data           0  rom_symdef.txt ABSOLUTE
    gtl_default_handler                      0x000343bc   Data           0  rom_symdef.txt ABSOLUTE
    attc_default_state                       0x000343d8   Data           0  rom_symdef.txt ABSOLUTE
    attc_state_handler                       0x000343f8   Data           0  rom_symdef.txt ABSOLUTE
    attc_default_handler                     0x00034410   Data           0  rom_symdef.txt ABSOLUTE
    attm_default_state                       0x00034428   Data           0  rom_symdef.txt ABSOLUTE
    attm_state_handler                       0x00034480   Data           0  rom_symdef.txt ABSOLUTE
    attm_default_handler                     0x00034488   Data           0  rom_symdef.txt ABSOLUTE
    atts_default_state                       0x000344a0   Data           0  rom_symdef.txt ABSOLUTE
    atts_state_handler                       0x000344d0   Data           0  rom_symdef.txt ABSOLUTE
    atts_default_handler                     0x000344f8   Data           0  rom_symdef.txt ABSOLUTE
    gattc_default_state                      0x00034510   Data           0  rom_symdef.txt ABSOLUTE
    gattc_state_handler                      0x00034598   Data           0  rom_symdef.txt ABSOLUTE
    gattc_default_handler                    0x000345b0   Data           0  rom_symdef.txt ABSOLUTE
    gattm_default_state                      0x00034604   Data           0  rom_symdef.txt ABSOLUTE
    gattm_state_handler                      0x00034614   Data           0  rom_symdef.txt ABSOLUTE
    gattm_default_handler                    0x00034624   Data           0  rom_symdef.txt ABSOLUTE
    l2cc_default_state                       0x0003463c   Data           0  rom_symdef.txt ABSOLUTE
    l2cc_state_handler                       0x00034654   Data           0  rom_symdef.txt ABSOLUTE
    l2cc_default_handler                     0x0003466c   Data           0  rom_symdef.txt ABSOLUTE
    l2cm_default_state                       0x00034684   Data           0  rom_symdef.txt ABSOLUTE
    l2cm_state_handler                       0x0003468c   Data           0  rom_symdef.txt ABSOLUTE
    l2cm_default_handler                     0x00034694   Data           0  rom_symdef.txt ABSOLUTE
    smpc_default_state                       0x000346c8   Data           0  rom_symdef.txt ABSOLUTE
    smpc_state_handler                       0x00034760   Data           0  rom_symdef.txt ABSOLUTE
    smpc_default_handler                     0x00034780   Data           0  rom_symdef.txt ABSOLUTE
    smpm_default_state                       0x00034798   Data           0  rom_symdef.txt ABSOLUTE
    smpm_state_handler                       0x000347d0   Data           0  rom_symdef.txt ABSOLUTE
    smpm_default_handler                     0x000347e0   Data           0  rom_symdef.txt ABSOLUTE
    gapc_default_state                       0x000347f8   Data           0  rom_symdef.txt ABSOLUTE
    gapc_state_handler                       0x00034910   Data           0  rom_symdef.txt ABSOLUTE
    gapc_default_handler                     0x00034928   Data           0  rom_symdef.txt ABSOLUTE
    gapm_default_state                       0x000349ec   Data           0  rom_symdef.txt ABSOLUTE
    gapm_state_handler                       0x00034b94   Data           0  rom_symdef.txt ABSOLUTE
    gapm_default_handler                     0x00034bbc   Data           0  rom_symdef.txt ABSOLUTE
    smpc_construct_pdu                       0x00034ce8   Data           0  rom_symdef.txt ABSOLUTE
    smpc_recv_pdu                            0x00034d18   Data           0  rom_symdef.txt ABSOLUTE
    dummy                                    0x00080000   Data           0  rom_symdef.txt ABSOLUTE
    sleep_env                                0x00080254   Data           0  rom_symdef.txt ABSOLUTE
    iq_trim_bias_ctrl1_reg                   0x00080256   Data           0  rom_symdef.txt ABSOLUTE
    co_buf_env                               0x00080258   Data           0  rom_symdef.txt ABSOLUTE
    dbg_state                                0x00080348   Data           0  rom_symdef.txt ABSOLUTE
    iq_trim_rf_mixer_ctrl1_reg               0x0008034a   Data           0  rom_symdef.txt ABSOLUTE
    llc_env                                  0x0008034c   Data           0  rom_symdef.txt ABSOLUTE
    llc_state                                0x00080364   Data           0  rom_symdef.txt ABSOLUTE
    ret_winsize_var                          0x0008036a   Data           0  rom_symdef.txt ABSOLUTE
    lld_evt_env                              0x0008036c   Data           0  rom_symdef.txt ABSOLUTE
    lld_sleep_env                            0x0008038c   Data           0  rom_symdef.txt ABSOLUTE
    llm_le_env                               0x00080390   Data           0  rom_symdef.txt ABSOLUTE
    llm_le_env_lpus                          0x000803e4   Data           0  rom_symdef.txt ABSOLUTE
    llm_bt_env                               0x0008042a   Data           0  rom_symdef.txt ABSOLUTE
    llm_state                                0x00080432   Data           0  rom_symdef.txt ABSOLUTE
    uart_env                                 0x00080434   Data           0  rom_symdef.txt ABSOLUTE
    vcocal_ctrl_reg_val                      0x00080452   Data           0  rom_symdef.txt ABSOLUTE
    last_temp_count                          0x00080478   Data           0  rom_symdef.txt ABSOLUTE
    last_temp_time                           0x0008047c   Data           0  rom_symdef.txt ABSOLUTE
    gtl_env                                  0x00080480   Data           0  rom_symdef.txt ABSOLUTE
    gtl_state                                0x000804a4   Data           0  rom_symdef.txt ABSOLUTE
    attc_state                               0x000804a5   Data           0  rom_symdef.txt ABSOLUTE
    attm_env                                 0x000804ac   Data           0  rom_symdef.txt ABSOLUTE
    attm_state                               0x000804b4   Data           0  rom_symdef.txt ABSOLUTE
    atts_env                                 0x000804b8   Data           0  rom_symdef.txt ABSOLUTE
    atts_state                               0x000804d0   Data           0  rom_symdef.txt ABSOLUTE
    gattc_env                                0x000804d8   Data           0  rom_symdef.txt ABSOLUTE
    gattc_state                              0x000804f0   Data           0  rom_symdef.txt ABSOLUTE
    gattm_env                                0x000804f6   Data           0  rom_symdef.txt ABSOLUTE
    gattm_state                              0x000804fc   Data           0  rom_symdef.txt ABSOLUTE
    l2cc_env                                 0x00080500   Data           0  rom_symdef.txt ABSOLUTE
    l2cc_state                               0x00080518   Data           0  rom_symdef.txt ABSOLUTE
    l2cm_env                                 0x0008051e   Data           0  rom_symdef.txt ABSOLUTE
    l2cm_state                               0x00080524   Data           0  rom_symdef.txt ABSOLUTE
    smpc_env                                 0x00080528   Data           0  rom_symdef.txt ABSOLUTE
    smpc_state                               0x00080540   Data           0  rom_symdef.txt ABSOLUTE
    smpm_env                                 0x00080548   Data           0  rom_symdef.txt ABSOLUTE
    smpm_state                               0x00080550   Data           0  rom_symdef.txt ABSOLUTE
    gapc_env                                 0x00080554   Data           0  rom_symdef.txt ABSOLUTE
    gapc_state                               0x0008056c   Data           0  rom_symdef.txt ABSOLUTE
    gap_cfg_table                            0x00080574   Data           0  rom_symdef.txt ABSOLUTE
    gapm_env                                 0x00080578   Data           0  rom_symdef.txt ABSOLUTE
    gapm_state                               0x000805a4   Data           0  rom_symdef.txt ABSOLUTE
    ke_env                                   0x000805a8   Data           0  rom_symdef.txt ABSOLUTE
    ke_task_env                              0x00080604   Data           0  rom_symdef.txt ABSOLUTE
    nvds_data_ptr                            0x000806c0   Data           0  rom_symdef.txt ABSOLUTE
    func_check_mem_flag                      0x000806c4   Data           0  rom_symdef.txt ABSOLUTE
    ke_mem_heaps_used                        0x000806c5   Data           0  rom_symdef.txt ABSOLUTE
    rwip_env                                 0x000806c6   Data           0  rom_symdef.txt ABSOLUTE
    ble_reg_save                             0x000806cc   Data           0  rom_symdef.txt ABSOLUTE
    rwip_rf                                  0x0008071c   Data           0  rom_symdef.txt ABSOLUTE
    rwip_heap_db_ret                         0x00080768   Data        1036  jump_table.o(heap_db_area)
    rwip_heap_env_ret                        0x00080b74   Data         340  jump_table.o(heap_env_area)
    rwip_heap_msg_ret                        0x00080cc8   Data        1324  jump_table.o(heap_msg_area)
    descript                                 0x00082a20   Data        1502  arch_main.o(BLE_exchange_memory)
    __Vectors                                0x20000000   Data           4  boot_vectors.o(RESET)
    __Vectors_End                            0x200000a0   Data           0  boot_vectors.o(RESET)
    jump_table_base                          0x20000160   Data         352  jump_table.o(jump_table_mem_area)
    gap_timeout_table                        0x200002c0   Data         100  gapm.o(timeout_table_area)
    nvds_data_storage                        0x20000340   Data         164  nvds.o(nvds_data_storage_area)
    __main                                   0x20000441   Thumb Code     0  entry.o(.ARM.Collect$$$$00000000)
    _main_stk                                0x20000441   Thumb Code     0  entry2.o(.ARM.Collect$$$$00000001)
    _main_scatterload                        0x20000445   Thumb Code     0  entry5.o(.ARM.Collect$$$$00000004)
    __main_after_scatterload                 0x20000449   Thumb Code     0  entry5.o(.ARM.Collect$$$$00000004)
    _main_clock                              0x20000449   Thumb Code     0  entry7b.o(.ARM.Collect$$$$00000008)
    _main_cpp_init                           0x20000449   Thumb Code     0  entry8b.o(.ARM.Collect$$$$0000000A)
    _main_init                               0x20000449   Thumb Code     0  entry9a.o(.ARM.Collect$$$$0000000B)
    __rt_final_cpp                           0x20000451   Thumb Code     0  entry10a.o(.ARM.Collect$$$$0000000D)
    __rt_final_exit                          0x20000451   Thumb Code     0  entry11a.o(.ARM.Collect$$$$0000000F)
    SystemInit                               0x20000455   Thumb Code    62  system_armcm0.o(.text)
    Reset_Handler                            0x200004a5   Thumb Code     8  boot_vectors.o(.text)
    PendSV_Handler                           0x200004f5   Thumb Code     2  boot_vectors.o(.text)
    SysTick_Handler                          0x200004f7   Thumb Code     2  boot_vectors.o(.text)
    ADC_Handler                              0x200004f9   Thumb Code     0  boot_vectors.o(.text)
    I2C_Handler                              0x200004f9   Thumb Code     0  boot_vectors.o(.text)
    KEYBRD_Handler                           0x200004f9   Thumb Code     0  boot_vectors.o(.text)
    RFCAL_Handler                            0x200004f9   Thumb Code     0  boot_vectors.o(.text)
    SPI_Handler                              0x200004f9   Thumb Code     0  boot_vectors.o(.text)
    HardFault_HandlerC                       0x20000511   Thumb Code    14  hardfault_handler.o(.text)
    lld_sleep_init_func                      0x20000529   Thumb Code    26  arch_main.o(.text)
    main_func                                0x20000543   Thumb Code   658  arch_main.o(.text)
    dummyf                                   0x20000831   Thumb Code     2  jump_table.o(.text)
    app_disable_sleep                        0x20000835   Thumb Code    26  arch_sleep.o(.text)
    app_set_extended_sleep                   0x2000084f   Thumb Code    26  arch_sleep.o(.text)
    app_set_deep_sleep                       0x20000869   Thumb Code    28  arch_sleep.o(.text)
    app_restore_sleep_mode                   0x20000885   Thumb Code    68  arch_sleep.o(.text)
    app_force_active_mode                    0x200008c9   Thumb Code    30  arch_sleep.o(.text)
    app_ble_ext_wakeup_on                    0x200008e7   Thumb Code     8  arch_sleep.o(.text)
    app_ble_ext_wakeup_off                   0x200008ef   Thumb Code     8  arch_sleep.o(.text)
    app_ble_ext_wakeup_get                   0x200008f7   Thumb Code     6  arch_sleep.o(.text)
    app_ble_force_wakeup                     0x200008fd   Thumb Code    46  arch_sleep.o(.text)
    app_last_rwble_evt_get                   0x2000092b   Thumb Code     6  arch_sleep.o(.text)
    NMI_HandlerC                             0x20000945   Thumb Code    50  nmi_handler.o(.text)
    set_pad_functions                        0x2000097d   Thumb Code     2  periph_setup.o(.text)
    periph_init                              0x2000097f   Thumb Code    54  periph_setup.o(.text)
    select_lp_clk                            0x200009b9   Thumb Code     8  arch_system.o(.text)
    init_pwr_and_clk_ble                     0x200009c1   Thumb Code   218  arch_system.o(.text)
    set_pxact_gpio                           0x20000a9b   Thumb Code     2  arch_system.o(.text)
    calibrate_rcx20                          0x20000a9d   Thumb Code    28  arch_system.o(.text)
    read_rcx_freq                            0x20000ab9   Thumb Code   104  arch_system.o(.text)
    set_sleep_delay                          0x20000b21   Thumb Code    10  arch_system.o(.text)
    get_rc16m_count_func                     0x20000b2b   Thumb Code    28  arch_system.o(.text)
    conditionally_run_radio_cals             0x20000b47   Thumb Code    82  arch_system.o(.text)
    lld_sleep_us_2_lpcycles_rcx_func         0x20000b99   Thumb Code    18  arch_system.o(.text)
    lld_sleep_lpcycles_2_us_rcx_func         0x20000bab   Thumb Code    14  arch_system.o(.text)
    lld_sleep_us_2_lpcycles_sel_func         0x20000bb9   Thumb Code    10  arch_system.o(.text)
    lld_sleep_lpcycles_2_us_sel_func         0x20000bc3   Thumb Code    10  arch_system.o(.text)
    uart_flow_off_func                       0x20000bcd   Thumb Code    58  arch_system.o(.text)
    calculate_arch_adv_time                  0x20000c07   Thumb Code    12  arch_system.o(.text)
    init_rand_seed_from_trng                 0x20000c13   Thumb Code    16  arch_system.o(.text)
    check_sys_startup_period                 0x20000c23   Thumb Code    46  arch_system.o(.text)
    app_use_lower_clocks_check               0x20000c51   Thumb Code     4  arch_system.o(.text)
    set_xtal16m_trim_value                   0x20000c55   Thumb Code    82  arch_system.o(.text)
    SVC_Handler_c                            0x20000cff   Thumb Code    22  arch_patch.o(.text)
    patch_func                               0x20000d15   Thumb Code    98  arch_patch.o(.text)
    gpio01_init                              0x20000e05   Thumb Code    52  gpio_config.o(.text)
    testslp0                                 0x20000e39   Thumb Code   114  gpio_config.o(.text)
    GPIO_CONF                                0x20000eab   Thumb Code    78  gpio_config.o(.text)
    test                                     0x20000ef9   Thumb Code    48  gpio_config.o(.text)
    pwm2_int                                 0x20000f51   Thumb Code    24  led.o(.text)
    timer_init                               0x20000f69   Thumb Code    40  led.o(.text)
    timer_callback                           0x20000f91   Thumb Code   156  led.o(.text)
    delay                                    0x2000102d   Thumb Code    22  led.o(.text)
    LED                                      0x20001043   Thumb Code    22  led.o(.text)
    adc_config                               0x20001069   Thumb Code    22  battery_level.o(.text)
    batt_cal_LIR1025                         0x2000107f   Thumb Code    76  battery_level.o(.text)
    l2cc_pdu_recv_ind_handler                0x200010d5   Thumb Code   232  atts_task.obj(.text)
    my_llc_con_update_req_ind                0x200011c1   Thumb Code   100  ch_map.obj(.text)
    my_llc_ch_map_req_ind                    0x20001225   Thumb Code    84  ch_map.obj(.text)
    patched_gapm_adv_op_sanity               0x20001285   Thumb Code   208  gapm_util.obj(.text)
    ke_task_init_func                        0x20001497   Thumb Code    20  ke_task.obj(.text)
    smpc_send_pairing_req_ind                0x200014bd   Thumb Code   190  smpc.obj(.text)
    smpc_check_pairing_feat                  0x2000157b   Thumb Code    38  smpc.obj(.text)
    smpc_pairing_cfm_handler                 0x200015a9   Thumb Code   528  smpc_task.obj(.text)
    my_llcp_con_up_req_handler               0x200017d7   Thumb Code    26  llc.obj(.text)
    patch_llc_task                           0x20001845   Thumb Code    36  llc.obj(.text)
    syscntl_set_dcdc_vbat3v_level            0x2000187d   Thumb Code    18  syscntl.o(.text)
    syscntl_use_lowest_amba_clocks           0x2000188f   Thumb Code    22  syscntl.o(.text)
    syscntl_use_highest_amba_clocks          0x200018a5   Thumb Code    22  syscntl.o(.text)
    iq_trim_from_otp                         0x200018c1   Thumb Code    54  rf_580.o(.text)
    rf_reg_rd                                0x200018f7   Thumb Code     4  rf_580.o(.text)
    rf_reg_wr                                0x200018fb   Thumb Code     2  rf_580.o(.text)
    rf_reset                                 0x200018fd   Thumb Code     2  rf_580.o(.text)
    rf_force_agc_enable                      0x200018ff   Thumb Code     2  rf_580.o(.text)
    rf_txpwr_dbm_get                         0x20001901   Thumb Code     4  rf_580.o(.text)
    rf_regs                                  0x20001915   Thumb Code   226  rf_580.o(.text)
    rf_init_func                             0x200019fb   Thumb Code   138  rf_580.o(.text)
    rf_reinit_func                           0x20001a85   Thumb Code   102  rf_580.o(.text)
    rf_nfm_is_enabled                        0x20001aeb   Thumb Code     6  rf_580.o(.text)
    rf_nfm_enable                            0x20001af1   Thumb Code    14  rf_580.o(.text)
    rf_nfm_disable                           0x20001aff   Thumb Code    12  rf_580.o(.text)
    GPIO_init                                0x20001bbd   Thumb Code     2  gpio.o(.text)
    GPIO_SetPinFunction                      0x20001bbf   Thumb Code    24  gpio.o(.text)
    GPIO_SetInactive                         0x20001bd7   Thumb Code    20  gpio.o(.text)
    GPIO_SetActive                           0x20001beb   Thumb Code    20  gpio.o(.text)
    GPIO_ConfigurePin                        0x20001bff   Thumb Code    38  gpio.o(.text)
    GPIO_ConfigurePinPower                   0x20001c25   Thumb Code    44  gpio.o(.text)
    GPIO_GetPinStatus                        0x20001c51   Thumb Code    26  gpio.o(.text)
    GPIO_EnableIRQ                           0x20001c6b   Thumb Code   552  gpio.o(.text)
    GPIO_GetIRQInputLevel                    0x20001e93   Thumb Code   140  gpio.o(.text)
    GPIO_SetIRQInputLevel                    0x20001f1f   Thumb Code   170  gpio.o(.text)
    GPIO_ResetIRQ                            0x20001fc9   Thumb Code   146  gpio.o(.text)
    GPIO_RegisterCallback                    0x2000205b   Thumb Code    12  gpio.o(.text)
    GPIOn_Handler                            0x20002067   Thumb Code    40  gpio.o(.text)
    GPIO0_Handler                            0x2000208f   Thumb Code     4  gpio.o(.text)
    GPIO1_Handler                            0x20002093   Thumb Code     4  gpio.o(.text)
    GPIO2_Handler                            0x20002097   Thumb Code     4  gpio.o(.text)
    GPIO3_Handler                            0x2000209b   Thumb Code     4  gpio.o(.text)
    GPIO4_Handler                            0x2000209f   Thumb Code     4  gpio.o(.text)
    uart2_init_func                          0x200020f7   Thumb Code    86  uart2.o(.text)
    uart2_init                               0x2000214d   Thumb Code     2  uart2.o(.text)
    uart2_flow_on_func                       0x2000214f   Thumb Code     8  uart2.o(.text)
    uart2_flow_on                            0x20002157   Thumb Code     8  uart2.o(.text)
    uart2_flow_off_func                      0x2000215f   Thumb Code    58  uart2.o(.text)
    uart2_flow_off                           0x20002199   Thumb Code     2  uart2.o(.text)
    uart2_finish_transfers_func              0x2000219b   Thumb Code    24  uart2.o(.text)
    uart2_finish_transfers                   0x200021b3   Thumb Code     2  uart2.o(.text)
    uart2_read_func                          0x200021b5   Thumb Code    22  uart2.o(.text)
    uart2_read                               0x200021cb   Thumb Code     2  uart2.o(.text)
    uart2_write_func                         0x200021cd   Thumb Code    34  uart2.o(.text)
    uart2_write                              0x200021ef   Thumb Code     2  uart2.o(.text)
    UART2_Handler_func                       0x200021f1   Thumb Code    82  uart2.o(.text)
    UART2_Handler                            0x20002243   Thumb Code     2  uart2.o(.text)
    adc_init                                 0x20002295   Thumb Code    28  adc.o(.text)
    adc_enable_channel                       0x200022b1   Thumb Code    20  adc.o(.text)
    adc_disable                              0x200022c5   Thumb Code     8  adc.o(.text)
    adc_get_sample                           0x200022cd   Thumb Code    30  adc.o(.text)
    adc_usDelay                              0x200022eb   Thumb Code    30  adc.o(.text)
    adc_get_vbat_sample                      0x20002309   Thumb Code    86  adc.o(.text)
    adc_calibrate                            0x2000235f   Thumb Code    76  adc.o(.text)
    rfpt_init                                0x200023bd   Thumb Code    76  trng.o(.text)
    trng_init                                0x20002409   Thumb Code    96  trng.o(.text)
    trng_get_raw_data                        0x20002469   Thumb Code    18  trng.o(.text)
    trng_acquire                             0x2000247b   Thumb Code   214  trng.o(.text)
    wkupct_quad_disable_IRQ                  0x20002571   Thumb Code    26  wkupct_quadec.o(.text)
    WKUP_QUADEC_Handler                      0x2000258b   Thumb Code    42  wkupct_quadec.o(.text)
    wkupct_enable_irq                        0x200025b5   Thumb Code   136  wkupct_quadec.o(.text)
    wkupct_disable_irq                       0x2000263d   Thumb Code    26  wkupct_quadec.o(.text)
    spi_cs_low                               0x2000266d   Thumb Code    14  spi.o(.text)
    spi_cs_high                              0x2000267b   Thumb Code    14  spi.o(.text)
    spi_init                                 0x20002689   Thumb Code   138  spi.o(.text)
    spi_set_bitmode                          0x20002713   Thumb Code    34  spi.o(.text)
    spi_release                              0x20002735   Thumb Code    38  spi.o(.text)
    spi_disable                              0x2000275b   Thumb Code    12  spi.o(.text)
    spi_access                               0x20002767   Thumb Code    46  spi.o(.text)
    spi_transaction                          0x20002795   Thumb Code    24  spi.o(.text)
    timer0_init                              0x200027b5   Thumb Code    62  pwm.o(.text)
    timer0_set                               0x200027f3   Thumb Code    10  pwm.o(.text)
    timer0_enable_irq                        0x200027fd   Thumb Code    10  pwm.o(.text)
    timer0_disable_irq                       0x20002807   Thumb Code    12  pwm.o(.text)
    SWTIM_Handler                            0x20002813   Thumb Code    12  pwm.o(.text)
    timer2_init                              0x2000281f   Thumb Code    32  pwm.o(.text)
    BMA250_GetChipID                         0x20002855   Thumb Code    14  bma250_driver.o(.text)
    BMA250_GetTemprature                     0x20002863   Thumb Code    22  bma250_driver.o(.text)
    BMA250_GetIntStatus                      0x20002879   Thumb Code    62  bma250_driver.o(.text)
    BMA250_SoftwareReset                     0x200028b7   Thumb Code    14  bma250_driver.o(.text)
    BMA250_SetRange                          0x200028c5   Thumb Code    24  bma250_driver.o(.text)
    BMA250_SetFilterBandwidth                0x200028dd   Thumb Code    14  bma250_driver.o(.text)
    BMA250_SetPowerMode                      0x200028eb   Thumb Code    24  bma250_driver.o(.text)
    BMA250_GetRawXYZ                         0x20002903   Thumb Code   140  bma250_driver.o(.text)
    BMA250_TansferFifoDataXYZ                0x2000298f   Thumb Code    70  bma250_driver.o(.text)
    BMA250_CfgLowHighGInterrupt              0x200029d5   Thumb Code   284  bma250_driver.o(.text)
    BMA250_SetIntEnable                      0x20002af1   Thumb Code    36  bma250_driver.o(.text)
    BMA250_SetIntPinOutMode                  0x20002b15   Thumb Code    46  bma250_driver.o(.text)
    BMA250_SetIntPinMap                      0x20002b43   Thumb Code    44  bma250_driver.o(.text)
    BMA250_SetOffsetCompensation             0x20002b6f   Thumb Code     2  bma250_driver.o(.text)
    BMA250_ReadNVM                           0x20002b71   Thumb Code     8  bma250_driver.o(.text)
    BMA250_WriteNVM                          0x20002b79   Thumb Code    26  bma250_driver.o(.text)
    BMA250_SetFifoWatermark                  0x20002b93   Thumb Code    14  bma250_driver.o(.text)
    BMA250_SetFifoConfig                     0x20002ba1   Thumb Code    22  bma250_driver.o(.text)
    BMA250_GetFifoData                       0x20002bb7   Thumb Code    16  bma250_driver.o(.text)
    BMA250_GetFifoStatus                     0x20002bc7   Thumb Code    44  bma250_driver.o(.text)
    BMA250_ReadReg                           0x20002c25   Thumb Code    34  hal_bma250.o(.text)
    BMA250_WriteReg                          0x20002c47   Thumb Code    32  hal_bma250.o(.text)
    hal_bma250_init                          0x20002c67   Thumb Code   210  hal_bma250.o(.text)
    BMA250_ReadRegBurst                      0x20002d39   Thumb Code    52  hal_bma250.o(.text)
    custom_nvds_get_func                     0x20002d75   Thumb Code    56  nvds.o(.text)
    nvds_read_bdaddr_from_otp                0x20002dad   Thumb Code    50  nvds.o(.text)
    rwip_sleep                               0x20002df9   Thumb Code   390  rwip.o(.text)
    measure_errors_received                  0x20002fb1   Thumb Code   104  rwble.o(.text)
    lld_sleep_compensate_func_patched        0x20003019   Thumb Code    46  rwble.o(.text)
    power_up                                 0x20003047   Thumb Code    70  rwble.o(.text)
    BLE_WAKEUP_LP_Handler                    0x2000308d   Thumb Code   104  rwble.o(.text)
    BLE_SLP_Handler                          0x200030f5   Thumb Code   122  rwble.o(.text)
    BLE_CSCNT_Handler                        0x2000316f   Thumb Code    18  rwble.o(.text)
    BLE_FINETGTIM_Handler                    0x20003181   Thumb Code    24  rwble.o(.text)
    BLE_RX_Handler                           0x20003199   Thumb Code    18  rwble.o(.text)
    BLE_EVENT_Handler                        0x200031ab   Thumb Code    64  rwble.o(.text)
    BLE_RF_DIAG_Handler                      0x200031eb   Thumb Code    88  rwble.o(.text)
    streamdatad_init                         0x20003295   Thumb Code    28  streamdatad.o(.text)
    streamdatad_streamonoff                  0x200032b1   Thumb Code   158  streamdatad.o(.text)
    streamdatad_send_data_packet             0x2000334f   Thumb Code   108  streamdatad.o(.text)
    streamdatad_send_data_packets_req_handler 0x20003503   Thumb Code   188  streamdatad_task.o(.text)
    prf_server_error_ind_send                0x200036a5   Thumb Code    44  prf_utils.o(.text)
    prf_server_send_event                    0x200036d1   Thumb Code    42  prf_utils.o(.text)
    prf_pack_date_time                       0x200036fb   Thumb Code    32  prf_utils.o(.text)
    prf_unpack_date_time                     0x2000371b   Thumb Code    34  prf_utils.o(.text)
    prf_init_func                            0x2000373d   Thumb Code     8  prf_utils.o(.text)
    prf_cleanup_func                         0x20003745   Thumb Code    32  prf_utils.o(.text)
    app_init                                 0x20003769   Thumb Code    62  app.o(.text)
    app_db_init                              0x200037a7   Thumb Code     8  app.o(.text)
    app_disconnect                           0x200037af   Thumb Code    34  app.o(.text)
    app_connect_confirm                      0x200037d1   Thumb Code    42  app.o(.text)
    app_adv_start                            0x200037fb   Thumb Code    36  app.o(.text)
    app_adv_stop                             0x2000381f   Thumb Code    26  app.o(.text)
    app_param_update_start                   0x20003839   Thumb Code     8  app.o(.text)
    app_timer_set                            0x20003841   Thumb Code    24  app.o(.text)
    app_connect                              0x20003859   Thumb Code    62  app.o(.text)
    app_init_func                            0x200038ad   Thumb Code     2  app_myproject_proj.o(.text)
    app_sec_init_func                        0x200038af   Thumb Code     2  app_myproject_proj.o(.text)
    app_connection_func                      0x200038b1   Thumb Code    60  app_myproject_proj.o(.text)
    app_adv_func                             0x200038ed   Thumb Code   212  app_myproject_proj.o(.text)
    app_disconnect_func                      0x200039c1   Thumb Code    24  app_myproject_proj.o(.text)
    app_db_init_func                         0x200039d9   Thumb Code    40  app_myproject_proj.o(.text)
    app_param_update_func                    0x20003a01   Thumb Code     2  app_myproject_proj.o(.text)
    app_configuration_func                   0x20003a03   Thumb Code    40  app_myproject_proj.o(.text)
    app_set_dev_config_complete_func         0x20003a2b   Thumb Code    24  app_myproject_proj.o(.text)
    app_update_params_rejected_func          0x20003a43   Thumb Code     2  app_myproject_proj.o(.text)
    app_update_params_complete_func          0x20003a45   Thumb Code     2  app_myproject_proj.o(.text)
    app_adv_undirect_complete                0x20003a47   Thumb Code     2  app_myproject_proj.o(.text)
    app_adv_direct_complete                  0x20003a49   Thumb Code     2  app_myproject_proj.o(.text)
    app_db_init_complete_func                0x20003a4b   Thumb Code     8  app_myproject_proj.o(.text)
    app_scanning_completed_func              0x20003a53   Thumb Code     2  app_myproject_proj.o(.text)
    app_connect_func                         0x20003a55   Thumb Code     2  app_myproject_proj.o(.text)
    app_adv_report_ind_func                  0x20003a57   Thumb Code     2  app_myproject_proj.o(.text)
    app_connect_failed_func                  0x20003a59   Thumb Code     2  app_myproject_proj.o(.text)
    app_send_pairing_rsp_func                0x20003a5b   Thumb Code    52  app_myproject_proj.o(.text)
    app_send_tk_exch_func                    0x20003a8f   Thumb Code    60  app_myproject_proj.o(.text)
    app_send_irk_exch_func                   0x20003acb   Thumb Code     2  app_myproject_proj.o(.text)
    app_send_csrk_exch_func                  0x20003acd   Thumb Code     2  app_myproject_proj.o(.text)
    app_send_ltk_exch_func                   0x20003acf   Thumb Code    76  app_myproject_proj.o(.text)
    app_paired_func                          0x20003b1b   Thumb Code     2  app_myproject_proj.o(.text)
    app_validate_encrypt_req_func            0x20003b1d   Thumb Code     4  app_myproject_proj.o(.text)
    app_sec_encrypt_ind_func                 0x20003b21   Thumb Code     2  app_myproject_proj.o(.text)
    app_sec_encrypt_complete_func            0x20003b23   Thumb Code     2  app_myproject_proj.o(.text)
    app_mitm_passcode_entry_func             0x20003b25   Thumb Code     2  app_myproject_proj.o(.text)
    app_sec_gen_tk                           0x20003b69   Thumb Code    18  app_sec.o(.text)
    app_sec_gen_ltk                          0x20003b7b   Thumb Code    74  app_sec.o(.text)
    app_sec_init                             0x20003bc5   Thumb Code    16  app_sec.o(.text)
    app_security_start                       0x20003bd5   Thumb Code    46  app_sec.o(.text)
    gapc_bond_req_ind_handler                0x20003c19   Thumb Code    82  app_sec_task.o(.text)
    gapc_bond_ind_handler                    0x20003c6b   Thumb Code    66  app_sec_task.o(.text)
    gapc_encrypt_req_ind_handler             0x20003cad   Thumb Code   120  app_sec_task.o(.text)
    gapc_encrypt_ind_handler                 0x20003d25   Thumb Code    10  app_sec_task.o(.text)
    gapm_device_ready_ind_handler            0x20003d3d   Thumb Code    36  app_task.o(.text)
    gapm_cmp_evt_handler                     0x20003d61   Thumb Code   130  app_task.o(.text)
    gapc_connection_req_ind_handler          0x20003de3   Thumb Code    32  app_task.o(.text)
    gapc_cmp_evt_handler                     0x20003e03   Thumb Code    50  app_task.o(.text)
    gapc_disconnect_ind_handler              0x20003e35   Thumb Code    12  app_task.o(.text)
    app_module_init_cmp_evt_handler          0x20003e41   Thumb Code    36  app_task.o(.text)
    gapm_adv_report_ind_handler              0x20003e65   Thumb Code    12  app_task.o(.text)
    app_stream_create_db                     0x20003e79   Thumb Code    24  app_streamdatad.o(.text)
    app_streamdatad_enable                   0x20003e91   Thumb Code    30  app_streamdatad.o(.text)
    stream_create_db_cfm_handler             0x20003eb9   Thumb Code    38  app_streamdatad_task.o(.text)
    stream_rcv_data_packet_ind_handler       0x20003edf   Thumb Code    12  app_streamdatad_task.o(.text)
    stream_setup_int_tomax                   0x20003eed   Thumb Code    36  app_stream_queue.o(.text)
    init_metrics                             0x20003f11   Thumb Code    20  app_stream_queue.o(.text)
    metrics_packet_rx_func                   0x20003f25   Thumb Code    14  app_stream_queue.o(.text)
    add_packets_rx                           0x20003f33   Thumb Code    16  app_stream_queue.o(.text)
    calc_update                              0x20003f43   Thumb Code    92  app_stream_queue.o(.text)
    stream_fifo_init                         0x20003f9f   Thumb Code    24  app_stream_queue.o(.text)
    stream_fifo_add                          0x20003fb7   Thumb Code    68  app_stream_queue.o(.text)
    stream_fifo_check                        0x20003ffb   Thumb Code    20  app_stream_queue.o(.text)
    send_pkt_to_l2cc                         0x2000400f   Thumb Code    82  app_stream_queue.o(.text)
    stream_queue_more_data_during_tx         0x200040b7   Thumb Code    68  app_stream_queue.o(.text)
    stream_queue_more_data_end_of_event      0x200040fb   Thumb Code    72  app_stream_queue.o(.text)
    stream_queue_more_data                   0x20004143   Thumb Code    66  app_stream_queue.o(.text)
    app_sent_data                            0x200041a5   Thumb Code    70  app_protrolhandle.o(.text)
    app_parase_cmd                           0x200041eb   Thumb Code    64  app_protrolhandle.o(.text)
    app_handle_cmd                           0x2000422b   Thumb Code    98  app_protrolhandle.o(.text)
    __aeabi_uread4                           0x200042a9   Thumb Code    20  uread4.o(.text)
    __rt_uread4                              0x200042a9   Thumb Code     0  uread4.o(.text)
    _uread4                                  0x200042a9   Thumb Code     0  uread4.o(.text)
    __aeabi_fmul                             0x200042bd   Thumb Code   122  fmul.o(.text)
    __aeabi_fdiv                             0x20004337   Thumb Code   124  fdiv.o(.text)
    __ARM_scalbnf                            0x200043b3   Thumb Code    24  fscalb.o(.text)
    scalbnf                                  0x200043b3   Thumb Code     0  fscalb.o(.text)
    __aeabi_ddiv                             0x200043cd   Thumb Code   234  ddiv.o(.text)
    __aeabi_ui2f                             0x200044bd   Thumb Code    14  ffltui.o(.text)
    __aeabi_f2uiz                            0x200044cb   Thumb Code    40  ffixui.o(.text)
    __aeabi_d2uiz                            0x200044f5   Thumb Code    50  dfixui.o(.text)
    __aeabi_f2d                              0x20004531   Thumb Code    40  f2d.o(.text)
    __aeabi_d2f                              0x20004559   Thumb Code    56  d2f.o(.text)
    _float_round                             0x20004591   Thumb Code    16  fepilogue.o(.text)
    _float_epilogue                          0x200045a1   Thumb Code   114  fepilogue.o(.text)
    __scatterload                            0x20004615   Thumb Code    28  init.o(.text)
    __scatterload_rt2                        0x20004615   Thumb Code     0  init.o(.text)
    Long Thumb to Thumb Veneer to set_system_clocks 0x20004639   Thumb Code    12  anon$$obj.o(Veneer$$Code)
    Long Thumb to Thumb Veneer to srand      0x20004645   Thumb Code    12  anon$$obj.o(Veneer$$Code)
    Long Thumb to Thumb Veneer to nvds_init  0x20004651   Thumb Code    12  anon$$obj.o(Veneer$$Code)
    Long Thumb to Thumb Veneer to rwip_init  0x2000465d   Thumb Code    12  anon$$obj.o(Veneer$$Code)
    Long Thumb to Thumb Veneer to enable_rf_diag_irq 0x20004669   Thumb Code    12  anon$$obj.o(Veneer$$Code)
    Long Thumb to Thumb Veneer to rwip_prevent_sleep_get 0x20004675   Thumb Code    12  anon$$obj.o(Veneer$$Code)
    Long Thumb to Thumb Veneer to ke_event_get 0x20004681   Thumb Code    12  anon$$obj.o(Veneer$$Code)
    Long Thumb to Thumb Veneer to rwip_schedule 0x2000468d   Thumb Code    12  anon$$obj.o(Veneer$$Code)
    Long Thumb to Thumb Veneer to lld_sleep_check 0x20004699   Thumb Code    12  anon$$obj.o(Veneer$$Code)
    Long Thumb to Thumb Veneer to func_check_mem 0x200046a5   Thumb Code    12  anon$$obj.o(Veneer$$Code)
    Long Thumb to Thumb Veneer to test_rxdone 0x200046b1   Thumb Code    12  anon$$obj.o(Veneer$$Code)
    Long Thumb to Thumb Veneer to ke_mem_is_empty 0x200046bd   Thumb Code    12  anon$$obj.o(Veneer$$Code)
    Long Thumb to Thumb Veneer to app_get_sleep_mode 0x200046c9   Thumb Code    12  anon$$obj.o(Veneer$$Code)
    Long Thumb to Thumb Veneer to __aeabi_uidivmod 0x200046d5   Thumb Code    12  anon$$obj.o(Veneer$$Code)
    Long Thumb to Thumb Veneer to __aeabi_dmul 0x200046e1   Thumb Code    12  anon$$obj.o(Veneer$$Code)
    Long Thumb to Thumb Veneer to rwip_wakeup_delay_set 0x200046ed   Thumb Code    12  anon$$obj.o(Veneer$$Code)
    Long Thumb to Thumb Veneer to $Super$$get_rc16m_count_func 0x200046f9   Thumb Code    12  anon$$obj.o(Veneer$$Code)
    Long Thumb to Thumb Veneer to get_rc16m_count 0x20004705   Thumb Code    12  anon$$obj.o(Veneer$$Code)
    Long Thumb to Thumb Veneer to pll_vcocal_LUT_InitUpdate 0x20004711   Thumb Code    12  anon$$obj.o(Veneer$$Code)
    Long Thumb to Thumb Veneer to rf_calibration 0x2000471d   Thumb Code    12  anon$$obj.o(Veneer$$Code)
    Long Thumb to Thumb Veneer to uart_flow_on 0x20004729   Thumb Code    12  anon$$obj.o(Veneer$$Code)
    Long Thumb to Thumb Veneer to __aeabi_idivmod 0x20004735   Thumb Code    12  anon$$obj.o(Veneer$$Code)
    Long Thumb to Thumb Veneer to ke_state_get 0x20004741   Thumb Code    12  anon$$obj.o(Veneer$$Code)
    Long Thumb to Thumb Veneer to __ARM_common_switch8 0x2000474d   Thumb Code    12  anon$$obj.o(Veneer$$Code)
    Long Thumb to Thumb Veneer to ke_timer_clear 0x20004759   Thumb Code    12  anon$$obj.o(Veneer$$Code)
    Long Thumb to Thumb Veneer to atts_send_cmd_cmp 0x20004765   Thumb Code    12  anon$$obj.o(Veneer$$Code)
    Long Thumb to Thumb Veneer to ke_state_set 0x20004771   Thumb Code    12  anon$$obj.o(Veneer$$Code)
    Long Thumb to Thumb Veneer to atts_mtu_exc_resp 0x2000477d   Thumb Code    12  anon$$obj.o(Veneer$$Code)
    Long Thumb to Thumb Veneer to atts_find_info_resp 0x20004789   Thumb Code    12  anon$$obj.o(Veneer$$Code)
    Long Thumb to Thumb Veneer to atts_find_by_type_resp 0x20004795   Thumb Code    12  anon$$obj.o(Veneer$$Code)
    Long Thumb to Thumb Veneer to atts_read_by_type_resp 0x200047a1   Thumb Code    12  anon$$obj.o(Veneer$$Code)
    Long Thumb to Thumb Veneer to atts_read_by_grp_type_resp 0x200047ad   Thumb Code    12  anon$$obj.o(Veneer$$Code)
    Long Thumb to Thumb Veneer to atts_read_resp 0x200047b9   Thumb Code    12  anon$$obj.o(Veneer$$Code)
    Long Thumb to Thumb Veneer to atts_read_blob_resp 0x200047c5   Thumb Code    12  anon$$obj.o(Veneer$$Code)
    Long Thumb to Thumb Veneer to atts_read_mult_resp 0x200047d1   Thumb Code    12  anon$$obj.o(Veneer$$Code)
    Long Thumb to Thumb Veneer to atts_write_no_resp 0x200047dd   Thumb Code    12  anon$$obj.o(Veneer$$Code)
    Long Thumb to Thumb Veneer to atts_write_resp 0x200047e9   Thumb Code    12  anon$$obj.o(Veneer$$Code)
    Long Thumb to Thumb Veneer to atts_signed_write_resp 0x200047f5   Thumb Code    12  anon$$obj.o(Veneer$$Code)
    Long Thumb to Thumb Veneer to atts_prepare_write_resp 0x20004801   Thumb Code    12  anon$$obj.o(Veneer$$Code)
    Long Thumb to Thumb Veneer to atts_execute_write_resp 0x2000480d   Thumb Code    12  anon$$obj.o(Veneer$$Code)
    Long Thumb to Thumb Veneer to lld_con_update_ind 0x20004819   Thumb Code    12  anon$$obj.o(Veneer$$Code)
    Long Thumb to Thumb Veneer to llc_util_dicon_procedure 0x20004825   Thumb Code    12  anon$$obj.o(Veneer$$Code)
    Long Thumb to Thumb Veneer to lld_ch_map_ind 0x20004831   Thumb Code    12  anon$$obj.o(Veneer$$Code)
    Long Thumb to Thumb Veneer to __aeabi_memcpy 0x2000483d   Thumb Code    12  anon$$obj.o(Veneer$$Code)
    Long Thumb to Thumb Veneer to gapm_get_privacy_flag 0x20004849   Thumb Code    12  anon$$obj.o(Veneer$$Code)
    Long Thumb to Thumb Veneer to gapm_set_recon_addr 0x20004855   Thumb Code    12  anon$$obj.o(Veneer$$Code)
    Long Thumb to Thumb Veneer to co_list_pop_front 0x20004861   Thumb Code    12  anon$$obj.o(Veneer$$Code)
    Long Thumb to Thumb Veneer to ke_task_handler_get 0x2000486d   Thumb Code    12  anon$$obj.o(Veneer$$Code)
    Long Thumb to Thumb Veneer to ke_msg_free 0x20004879   Thumb Code    12  anon$$obj.o(Veneer$$Code)
    Long Thumb to Thumb Veneer to co_list_push_back 0x20004885   Thumb Code    12  anon$$obj.o(Veneer$$Code)
    Long Thumb to Thumb Veneer to ke_event_clear 0x20004891   Thumb Code    12  anon$$obj.o(Veneer$$Code)
    Long Thumb to Thumb Veneer to __aeabi_memclr4 0x2000489d   Thumb Code    12  anon$$obj.o(Veneer$$Code)
    Long Thumb to Thumb Veneer to ke_event_callback_set 0x200048a9   Thumb Code    12  anon$$obj.o(Veneer$$Code)
    Long Thumb to Thumb Veneer to ke_msg_alloc 0x200048b5   Thumb Code    12  anon$$obj.o(Veneer$$Code)
    Long Thumb to Thumb Veneer to gapc_get_enc_keysize 0x200048c1   Thumb Code    12  anon$$obj.o(Veneer$$Code)
    Long Thumb to Thumb Veneer to gapc_get_role 0x200048cd   Thumb Code    12  anon$$obj.o(Veneer$$Code)
    Long Thumb to Thumb Veneer to ke_msg_send 0x200048d9   Thumb Code    12  anon$$obj.o(Veneer$$Code)
    Long Thumb to Thumb Veneer to smpc_generate_rand 0x200048e5   Thumb Code    12  anon$$obj.o(Veneer$$Code)
    Long Thumb to Thumb Veneer to smpc_tkdp_send_continue 0x200048f1   Thumb Code    12  anon$$obj.o(Veneer$$Code)
    Long Thumb to Thumb Veneer to smpc_pdu_send 0x200048fd   Thumb Code    12  anon$$obj.o(Veneer$$Code)
    Long Thumb to Thumb Veneer to smpc_tkdp_rcp_start 0x20004909   Thumb Code    12  anon$$obj.o(Veneer$$Code)
    Long Thumb to Thumb Veneer to smpc_pairing_end 0x20004915   Thumb Code    12  anon$$obj.o(Veneer$$Code)
    Long Thumb to Thumb Veneer to smpc_check_max_key_size 0x20004921   Thumb Code    12  anon$$obj.o(Veneer$$Code)
    Long Thumb to Thumb Veneer to smpc_check_key_distrib 0x2000492d   Thumb Code    12  anon$$obj.o(Veneer$$Code)
    Long Thumb to Thumb Veneer to smpc_get_key_sec_prop 0x20004939   Thumb Code    12  anon$$obj.o(Veneer$$Code)
    Long Thumb to Thumb Veneer to smpc_is_sec_mode_reached 0x20004945   Thumb Code    12  anon$$obj.o(Veneer$$Code)
    Long Thumb to Thumb Veneer to llc_le_con_update_cmd_handler 0x20004951   Thumb Code    12  anon$$obj.o(Veneer$$Code)
    Long Thumb to Thumb Veneer to llcp_con_up_req_handler 0x2000495d   Thumb Code    12  anon$$obj.o(Veneer$$Code)
    Long Thumb to Thumb Veneer to lld_evt_int_extract 0x20004969   Thumb Code    12  anon$$obj.o(Veneer$$Code)
    Long Thumb to Thumb Veneer to ke_free    0x20004975   Thumb Code    12  anon$$obj.o(Veneer$$Code)
    Long Thumb to Thumb Veneer to lld_stop_ind_handler 0x20004981   Thumb Code    12  anon$$obj.o(Veneer$$Code)
    Long Thumb to Thumb Veneer to IffCalibration 0x2000498d   Thumb Code    12  anon$$obj.o(Veneer$$Code)
    Long Thumb to Thumb Veneer to DCoffsetCalibration 0x20004999   Thumb Code    12  anon$$obj.o(Veneer$$Code)
    Long Thumb to Thumb Veneer to __aeabi_ui2d 0x200049a5   Thumb Code    12  anon$$obj.o(Veneer$$Code)
    Long Thumb to Thumb Veneer to memcmp     0x200049b1   Thumb Code    12  anon$$obj.o(Veneer$$Code)
    Long Thumb to Thumb Veneer to nvds_get_func 0x200049bd   Thumb Code    12  anon$$obj.o(Veneer$$Code)
    Long Thumb to Thumb Veneer to ke_sleep_check 0x200049c9   Thumb Code    12  anon$$obj.o(Veneer$$Code)
    Long Thumb to Thumb Veneer to ke_timer_sleep_check 0x200049d5   Thumb Code    12  anon$$obj.o(Veneer$$Code)
    Long Thumb to Thumb Veneer to lld_sleep_enter 0x200049e1   Thumb Code    12  anon$$obj.o(Veneer$$Code)
    Long Thumb to Thumb Veneer to ble_regs_push 0x200049ed   Thumb Code    12  anon$$obj.o(Veneer$$Code)
    Long Thumb to Thumb Veneer to llm_get_min_rssi 0x200049f9   Thumb Code    12  anon$$obj.o(Veneer$$Code)
    Long Thumb to Thumb Veneer to ble_regs_pop 0x20004a05   Thumb Code    12  anon$$obj.o(Veneer$$Code)
    Long Thumb to Thumb Veneer to rwip_wakeup 0x20004a11   Thumb Code    12  anon$$obj.o(Veneer$$Code)
    Long Thumb to Thumb Veneer to rf_workaround_init 0x20004a1d   Thumb Code    12  anon$$obj.o(Veneer$$Code)
    Long Thumb to Thumb Veneer to rf_reinit  0x20004a29   Thumb Code    12  anon$$obj.o(Veneer$$Code)
    Long Thumb to Thumb Veneer to $Super$$BLE_CSCNT_Handler 0x20004a35   Thumb Code    12  anon$$obj.o(Veneer$$Code)
    Long Thumb to Thumb Veneer to lld_evt_rx_isr 0x20004a41   Thumb Code    12  anon$$obj.o(Veneer$$Code)
    Long Thumb to Thumb Veneer to lld_evt_end_isr 0x20004a4d   Thumb Code    12  anon$$obj.o(Veneer$$Code)
    Long Thumb to Thumb Veneer to set_rf_cal_cap 0x20004a59   Thumb Code    12  anon$$obj.o(Veneer$$Code)
    Long Thumb to Thumb Veneer to set_gauss_modgain 0x20004a65   Thumb Code    12  anon$$obj.o(Veneer$$Code)
    Long Thumb to Thumb Veneer to lld_evt_start_isr 0x20004a71   Thumb Code    12  anon$$obj.o(Veneer$$Code)
    Long Thumb to Thumb Veneer to __aeabi_memclr 0x20004a7d   Thumb Code    12  anon$$obj.o(Veneer$$Code)
    Long Thumb to Thumb Veneer to ke_task_create 0x20004a89   Thumb Code    12  anon$$obj.o(Veneer$$Code)
    Long Thumb to Thumb Veneer to attmdb_att_get_value 0x20004a95   Thumb Code    12  anon$$obj.o(Veneer$$Code)
    Long Thumb to Thumb Veneer to ke_msg_send_basic 0x20004aa1   Thumb Code    12  anon$$obj.o(Veneer$$Code)
    Long Thumb to Thumb Veneer to attmdb_att_set_value 0x20004aad   Thumb Code    12  anon$$obj.o(Veneer$$Code)
    Long Thumb to Thumb Veneer to attm_svc_create_db 0x20004ab9   Thumb Code    12  anon$$obj.o(Veneer$$Code)
    Long Thumb to Thumb Veneer to attmdb_svc_set_permission 0x20004ac5   Thumb Code    12  anon$$obj.o(Veneer$$Code)
    Long Thumb to Thumb Veneer to gapc_get_conidx 0x20004ad1   Thumb Code    12  anon$$obj.o(Veneer$$Code)
    Long Thumb to Thumb Veneer to attmdb_att_update_value 0x20004add   Thumb Code    12  anon$$obj.o(Veneer$$Code)
    Long Thumb to Thumb Veneer to atts_write_rsp_send 0x20004ae9   Thumb Code    12  anon$$obj.o(Veneer$$Code)
    Long Thumb to Thumb Veneer to gapc_get_conhdl 0x20004af5   Thumb Code    12  anon$$obj.o(Veneer$$Code)
    Long Thumb to Thumb Veneer to gapc_send_disconect_ind 0x20004b01   Thumb Code    12  anon$$obj.o(Veneer$$Code)
    Long Thumb to Thumb Veneer to nvds_get   0x20004b0d   Thumb Code    12  anon$$obj.o(Veneer$$Code)
    Long Thumb to Thumb Veneer to ke_timer_set 0x20004b19   Thumb Code    12  anon$$obj.o(Veneer$$Code)
    Long Thumb to Thumb Veneer to __aeabi_memcpy4 0x20004b25   Thumb Code    12  anon$$obj.o(Veneer$$Code)
    Long Thumb to Thumb Veneer to rand       0x20004b31   Thumb Code    12  anon$$obj.o(Veneer$$Code)
    Long Thumb to Thumb Veneer to _double_round 0x20004b3d   Thumb Code    12  anon$$obj.o(Veneer$$Code)
    Long Thumb to Thumb Veneer to __aeabi_llsr 0x20004b49   Thumb Code    12  anon$$obj.o(Veneer$$Code)
    __scatterload_copy                       0x20004b55   Thumb Code    14  handlers.o(i.__scatterload_copy)
    __scatterload_null                       0x20004b63   Thumb Code     2  handlers.o(i.__scatterload_null)
    __scatterload_zeroinit                   0x20004b65   Thumb Code    14  handlers.o(i.__scatterload_zeroinit)
    add_packets_tx                           0x20004b75   Thumb Code    16  app_stream_queue.o(i.add_packets_tx)
    set_tmr_div                              0x20004b89   Thumb Code    18  pwm.o(i.set_tmr_div)
    set_tmr_enable                           0x20004ba1   Thumb Code    18  pwm.o(i.set_tmr_enable)
    timer0_register_callback                 0x20004bb9   Thumb Code     6  pwm.o(i.timer0_register_callback)
    timer0_start                             0x20004bc5   Thumb Code    12  pwm.o(i.timer0_start)
    timer2_enable                            0x20004bd5   Thumb Code    18  pwm.o(i.timer2_enable)
    timer2_set_hw_pause                      0x20004bed   Thumb Code    18  pwm.o(i.timer2_set_hw_pause)
    timer2_set_pwm2_duty_cycle               0x20004c05   Thumb Code     6  pwm.o(i.timer2_set_pwm2_duty_cycle)
    timer2_set_pwm_frequency                 0x20004c11   Thumb Code     6  pwm.o(i.timer2_set_pwm_frequency)
    timer2_set_sw_pause                      0x20004c1d   Thumb Code    18  pwm.o(i.timer2_set_sw_pause)
    timer2_stop                              0x20004c35   Thumb Code    10  pwm.o(i.timer2_stop)
    wkupct_register_callback                 0x20004c41   Thumb Code     6  wkupct_quadec.o(i.wkupct_register_callback)
    LUT_CFG                                  0x20004c4c   Data          22  jump_table.o(.constdata)
    my_llc_state_handler                     0x20004dc4   Data         176  llc.obj(.constdata)
    my_llc_default_handler                   0x20004e74   Data           8  llc.obj(.constdata)
    TASK_DESC_LLC                            0x20004e7c   Data          16  llc.obj(.constdata)
    streamdatad_disabled                     0x20005114   Data           8  streamdatad_task.o(.constdata)
    streamdatad_idle                         0x2000511c   Data           8  streamdatad_task.o(.constdata)
    streamdatad_active                       0x20005124   Data          24  streamdatad_task.o(.constdata)
    streamdatad_state_handler                0x2000513c   Data          24  streamdatad_task.o(.constdata)
    streamdatad_default_handler              0x20005154   Data           8  streamdatad_task.o(.constdata)
    app_default_state                        0x2000516c   Data         104  app_task.o(.constdata)
    app_default_handler                      0x200051d4   Data           8  app_task.o(.constdata)
    max_pkt_conint                           0x200051dc   Data          24  app_stream_queue.o(.constdata)
    Region$$Table$$Base                      0x200051f4   Number         0  anon$$obj.o(Region$$Table)
    Region$$Table$$Limit                     0x20005224   Number         0  anon$$obj.o(Region$$Table)
    startup_sleep_delay                      0x20005224   Data           4  arch_system.o(.data)
    str_count                                0x20005228   Data           4  app_stream_queue.o(.data)
    min_val                                  0x2000522c   Data           4  app_stream_queue.o(.data)
    stream_params                            0x20005230   Data           4  app_stream_queue.o(.data)
    batt_level                               0x20008000   Data           4  arch_main.o(.bss)
    int_status                               0x20008004   Data           4  gpio_config.o(.bss)
    wakeupflag                               0x20008008   Data           4  gpio_config.o(.bss)
    intflag                                  0x2000800c   Data           4  gpio_config.o(.bss)
    k                                        0x20008010   Data           4  gpio_config.o(.bss)
    ledflag                                  0x20008014   Data           1  led.o(.bss)
    sum                                      0x2000801c   Data           4  battery_level.o(.bss)
    real_voltage                             0x20008020   Data           4  battery_level.o(.bss)
    voltage                                  0x20008024   Data          40  battery_level.o(.bss)
    GPIOHandlerFunction                      0x2000804c   Data          20  gpio.o(.bss)
    spi_driver_cs_pad                        0x20008060   Data           2  spi.o(.bss)
    TIMER0_callback                          0x20008064   Data           4  pwm.o(.bss)
    cpt_event                                0x20008068   Data           1  rwble.o(.bss)
    transmitting_data                        0x2000806c   Data           4  rwble.o(.bss)
    streamdatad_env                          0x20008070   Data         220  streamdatad.o(.bss)
    streamdatad_state                        0x2000814c   Data           1  streamdatad_task.o(.bss)
    dbg                                      0x20008150   Data           1  app_myproject_proj.o(.bss)
    p_cfm                                    0x20008154   Data           4  app_myproject_proj.o(.bss)
    bma_state                                0x20008158   Data           4  app_protrolhandle.o(.bss)
    sys_startup_flag                         0x2000815c   Data           1  arch_main.o(retention_mem_area0)
    sleep_md                                 0x2000815d   Data           1  arch_sleep.o(retention_mem_area0)
    sleep_pend                               0x2000815e   Data           1  arch_sleep.o(retention_mem_area0)
    sleep_cnt                                0x2000815f   Data           1  arch_sleep.o(retention_mem_area0)
    sleep_ext_force                          0x20008160   Data           1  arch_sleep.o(retention_mem_area0)
    cal_enable                               0x20008164   Data           1  arch_system.o(retention_mem_area0)
    lp_clk_sel                               0x20008168   Data           4  arch_system.o(retention_mem_area0)
    rcx_freq                                 0x2000816c   Data           4  arch_system.o(retention_mem_area0)
    rcx_period                               0x20008170   Data           4  arch_system.o(retention_mem_area0)
    rcx_slot_duration                        0x20008174   Data           4  arch_system.o(retention_mem_area0)
    alt_evts                                 0x20008178   Data           4  llc.obj(retention_mem_area0)
    wkupct_quad_IRQ_status                   0x2000819c   Data           1  wkupct_quadec.o(retention_mem_area0)
    WKUPCT_callback                          0x200081a0   Data           4  wkupct_quadec.o(retention_mem_area0)
    dev_bdaddr                               0x200081a4   Data           6  nvds.o(retention_mem_area0)
    rwble_last_event                         0x200081aa   Data           1  rwble.o(retention_mem_area0)
    set_boost_low_vbat1v_overhead            0x200081ab   Data           1  rwble.o(retention_mem_area0)
    fine_hit                                 0x200081ac   Data           1  rwble.o(retention_mem_area0)
    clk_freq_trim_reg_value                  0x200081ae   Data           2  rwble.o(retention_mem_area0)
    wakeup_lp_comp                           0x200081b0   Data           2  rwble.o(retention_mem_area0)
    app_env                                  0x200081b2   Data          12  app.o(retention_mem_area0)
    app_sec_env                              0x200081be   Data          36  app_sec.o(retention_mem_area0)
    app_state                                0x200081e2   Data           1  app_task.o(retention_mem_area0)
    rwip_heap_non_ret                        0x20008bf4   Data        1036  jump_table.o(heap_mem_area_not_ret)
    SystemCoreClock                          0x20009000   Data           0  rom_symdef.txt ABSOLUTE
    error                                    0x20009004   Data           0  rom_symdef.txt ABSOLUTE
    nb_buf_av                                0x20009020   Data           1  streamdatad_task.o(.bss)
    value_buf                                0x20009021   Data          20  streamdatad_task.o(.bss)
    fifo_read                                0x20009038   Data           1  app_stream_queue.o(.bss)
    fifo_write                               0x20009039   Data           1  app_stream_queue.o(.bss)
    asynch_flag                              0x2000903a   Data           1  app_stream_queue.o(.bss)
    pkt_fifo                                 0x2000903c   Data         400  app_stream_queue.o(.bss)
    global_metrics                           0x200091cc   Data          18  app_stream_queue.o(.bss)
    global_metrics_tosend                    0x200091de   Data          18  app_stream_queue.o(.bss)
    __initial_sp                             0x20009800   Data           0  boot_vectors.o(STACK)
    clk_per_reg                              0x50000004   Data           4  pwm.o(.ARM.__AT_0x50000004)
    timer0_ctrl_reg                          0x50003400   Data           4  pwm.o(.ARM.__AT_0x50003400)
    triple_pwm_ctrl_reg                      0x50003410   Data           4  pwm.o(.ARM.__AT_0x50003410)



==============================================================================

Memory Map of the image

  Image Entry point : 0x20000441

  Load Region LR_IROM1 (Base: 0x20000000, Size: 0x000000a0, Max: 0x00000160, ABSOLUTE)

    Execution Region ER_IROM1 (Base: 0x20000000, Size: 0x000000a0, Max: 0x00000160, ABSOLUTE)

    Base Addr    Size         Type   Attr      Idx    E Section Name        Object

    0x20000000   0x000000a0   Data   RO           52    RESET               boot_vectors.o



  Load Region LR_IROM2 (Base: 0x20000160, Size: 0x00000160, Max: 0x00000160, ABSOLUTE)

    Execution Region ER_IROM2 (Base: 0x20000160, Size: 0x00000160, Max: 0x00000160, ABSOLUTE)

    Base Addr    Size         Type   Attr      Idx    E Section Name        Object

    0x20000160   0x00000160   Data   RO          302    jump_table_mem_area  jump_table.o



  Load Region LR_IROM3 (Base: 0x200002c0, Size: 0x00000064, Max: 0x00000080, ABSOLUTE)

    Execution Region ER_IROM3 (Base: 0x200002c0, Size: 0x00000064, Max: 0x00000080, ABSOLUTE)

    Base Addr    Size         Type   Attr      Idx    E Section Name        Object

    0x200002c0   0x00000064   Data   RO         1078    timeout_table_area  gapm.o



  Load Region LR_IROM4 (Base: 0x20000340, Size: 0x000000a4, Max: 0x00000100, ABSOLUTE)

    Execution Region ER_IROM4 (Base: 0x20000340, Size: 0x000000a4, Max: 0x00000100, ABSOLUTE)

    Base Addr    Size         Type   Attr      Idx    E Section Name        Object

    0x20000340   0x000000a4   Data   RO         1121    nvds_data_storage_area  nvds.o



  Load Region LR_IROM5 (Base: 0x20000440, Size: 0x00004df4, Max: 0x000093c0, ABSOLUTE)

    Execution Region ER_IROM5 (Base: 0x20000440, Size: 0x00004df4, Max: 0x00007ac0, ABSOLUTE)

    Base Addr    Size         Type   Attr      Idx    E Section Name        Object

    0x20000440   0x00000000   Code   RO         1545  * .ARM.Collect$$$$00000000  mc_p.l(entry.o)
    0x20000440   0x00000004   Code   RO         1566    .ARM.Collect$$$$00000001  mc_p.l(entry2.o)
    0x20000444   0x00000004   Code   RO         1569    .ARM.Collect$$$$00000004  mc_p.l(entry5.o)
    0x20000448   0x00000000   Code   RO         1571    .ARM.Collect$$$$00000008  mc_p.l(entry7b.o)
    0x20000448   0x00000000   Code   RO         1573    .ARM.Collect$$$$0000000A  mc_p.l(entry8b.o)
    0x20000448   0x00000008   Code   RO         1574    .ARM.Collect$$$$0000000B  mc_p.l(entry9a.o)
    0x20000450   0x00000000   Code   RO         1576    .ARM.Collect$$$$0000000D  mc_p.l(entry10a.o)
    0x20000450   0x00000000   Code   RO         1578    .ARM.Collect$$$$0000000F  mc_p.l(entry11a.o)
    0x20000450   0x00000004   Code   RO         1567    .ARM.Collect$$$$00002712  mc_p.l(entry2.o)
    0x20000454   0x00000050   Code   RO            2    .text               system_armcm0.o
    0x200004a4   0x0000006c   Code   RO           53    .text               boot_vectors.o
    0x20000510   0x00000018   Code   RO           58    .text               hardfault_handler.o
    0x20000528   0x00000308   Code   RO          113    .text               arch_main.o
    0x20000830   0x00000002   Code   RO          296    .text               jump_table.o
    0x20000832   0x00000002   PAD
    0x20000834   0x00000110   Code   RO          450    .text               arch_sleep.o
    0x20000944   0x00000038   Code   RO          469    .text               nmi_handler.o
    0x2000097c   0x0000003c   Code   RO          485    .text               periph_setup.o
    0x200009b8   0x00000330   Code   RO          510    .text               arch_system.o
    0x20000ce8   0x000000e0   Code   RO          570    .text               arch_patch.o
    0x20000dc8   0x00000188   Code   RO          605    .text               gpio_config.o
    0x20000f50   0x00000118   Code   RO          680    .text               led.o
    0x20001068   0x0000006c   Code   RO          705    .text               battery_level.o
    0x200010d4   0x000000ec   Code   RO          724    .text               atts_task.obj
    0x200011c0   0x000000c4   Code   RO          728    .text               ch_map.obj
    0x20001284   0x00000180   Code   RO          730    .text               gapm_util.obj
    0x20001404   0x000000b8   Code   RO          732    .text               ke_task.obj
    0x200014bc   0x000000ec   Code   RO          734    .text               smpc.obj
    0x200015a8   0x00000214   Code   RO          736    .text               smpc_task.obj
    0x200017bc   0x000000c0   Code   RO          738    .text               llc.obj
    0x2000187c   0x00000044   Code   RO          746    .text               syscntl.o
    0x200018c0   0x000002fc   Code   RO          761    .text               rf_580.o
    0x20001bbc   0x000004f4   Code   RO          788    .text               gpio.o
    0x200020b0   0x000001e4   Code   RO          810    .text               uart2.o
    0x20002294   0x00000128   Code   RO          843    .text               adc.o
    0x200023bc   0x000001b4   Code   RO          859    .text               trng.o
    0x20002570   0x000000fc   Code   RO          872    .text               wkupct_quadec.o
    0x2000266c   0x00000148   Code   RO          897    .text               spi.o
    0x200027b4   0x000000a0   Code   RO          916    .text               pwm.o
    0x20002854   0x000003d0   Code   RO         1049    .text               bma250_driver.o
    0x20002c24   0x00000150   Code   RO         1064    .text               hal_bma250.o
    0x20002d74   0x00000084   Code   RO         1120    .text               nvds.o
    0x20002df8   0x000001b8   Code   RO         1137    .text               rwip.o
    0x20002fb0   0x000002e4   Code   RO         1167    .text               rwble.o
    0x20003294   0x00000134   Code   RO         1242    .text               streamdatad.o
    0x200033c8   0x000002dc   Code   RO         1276    .text               streamdatad_task.o
    0x200036a4   0x000000c4   Code   RO         1323    .text               prf_utils.o
    0x20003768   0x00000144   Code   RO         1352    .text               app.o
    0x200038ac   0x000002bc   Code   RO         1375    .text               app_myproject_proj.o
    0x20003b68   0x000000b0   Code   RO         1393    .text               app_sec.o
    0x20003c18   0x00000124   Code   RO         1414    .text               app_sec_task.o
    0x20003d3c   0x0000013c   Code   RO         1426    .text               app_task.o
    0x20003e78   0x00000040   Code   RO         1467    .text               app_streamdatad.o
    0x20003eb8   0x00000032   Code   RO         1479    .text               app_streamdatad_task.o
    0x20003eea   0x00000002   PAD
    0x20003eec   0x000002b8   Code   RO         1491    .text               app_stream_queue.o
    0x200041a4   0x00000104   Code   RO         1526    .text               app_protrolhandle.o
    0x200042a8   0x00000014   Code   RO         1546    .text               mc_p.l(uread4.o)
    0x200042bc   0x0000007a   Code   RO         1548    .text               mf_p.l(fmul.o)
    0x20004336   0x0000007c   Code   RO         1550    .text               mf_p.l(fdiv.o)
    0x200043b2   0x00000018   Code   RO         1552    .text               mf_p.l(fscalb.o)
    0x200043ca   0x00000002   PAD
    0x200043cc   0x000000f0   Code   RO         1554    .text               mf_p.l(ddiv.o)
    0x200044bc   0x0000000e   Code   RO         1556    .text               mf_p.l(ffltui.o)
    0x200044ca   0x00000028   Code   RO         1558    .text               mf_p.l(ffixui.o)
    0x200044f2   0x00000002   PAD
    0x200044f4   0x0000003c   Code   RO         1560    .text               mf_p.l(dfixui.o)
    0x20004530   0x00000028   Code   RO         1562    .text               mf_p.l(f2d.o)
    0x20004558   0x00000038   Code   RO         1564    .text               mf_p.l(d2f.o)
    0x20004590   0x00000082   Code   RO         1580    .text               mf_p.l(fepilogue.o)
    0x20004612   0x00000002   PAD
    0x20004614   0x00000024   Code   RO         1582    .text               mc_p.l(init.o)
    0x20004638   0x0000000c   Ven    RO         1592    Veneer$$Code        anon$$obj.o
    0x20004644   0x0000000c   Ven    RO         1593    Veneer$$Code        anon$$obj.o
    0x20004650   0x0000000c   Ven    RO         1594    Veneer$$Code        anon$$obj.o
    0x2000465c   0x0000000c   Ven    RO         1595    Veneer$$Code        anon$$obj.o
    0x20004668   0x0000000c   Ven    RO         1596    Veneer$$Code        anon$$obj.o
    0x20004674   0x0000000c   Ven    RO         1597    Veneer$$Code        anon$$obj.o
    0x20004680   0x0000000c   Ven    RO         1598    Veneer$$Code        anon$$obj.o
    0x2000468c   0x0000000c   Ven    RO         1599    Veneer$$Code        anon$$obj.o
    0x20004698   0x0000000c   Ven    RO         1600    Veneer$$Code        anon$$obj.o
    0x200046a4   0x0000000c   Ven    RO         1601    Veneer$$Code        anon$$obj.o
    0x200046b0   0x0000000c   Ven    RO         1602    Veneer$$Code        anon$$obj.o
    0x200046bc   0x0000000c   Ven    RO         1603    Veneer$$Code        anon$$obj.o
    0x200046c8   0x0000000c   Ven    RO         1604    Veneer$$Code        anon$$obj.o
    0x200046d4   0x0000000c   Ven    RO         1605    Veneer$$Code        anon$$obj.o
    0x200046e0   0x0000000c   Ven    RO         1606    Veneer$$Code        anon$$obj.o
    0x200046ec   0x0000000c   Ven    RO         1607    Veneer$$Code        anon$$obj.o
    0x200046f8   0x0000000c   Ven    RO         1608    Veneer$$Code        anon$$obj.o
    0x20004704   0x0000000c   Ven    RO         1609    Veneer$$Code        anon$$obj.o
    0x20004710   0x0000000c   Ven    RO         1610    Veneer$$Code        anon$$obj.o
    0x2000471c   0x0000000c   Ven    RO         1611    Veneer$$Code        anon$$obj.o
    0x20004728   0x0000000c   Ven    RO         1612    Veneer$$Code        anon$$obj.o
    0x20004734   0x0000000c   Ven    RO         1613    Veneer$$Code        anon$$obj.o
    0x20004740   0x0000000c   Ven    RO         1614    Veneer$$Code        anon$$obj.o
    0x2000474c   0x0000000c   Ven    RO         1615    Veneer$$Code        anon$$obj.o
    0x20004758   0x0000000c   Ven    RO         1616    Veneer$$Code        anon$$obj.o
    0x20004764   0x0000000c   Ven    RO         1617    Veneer$$Code        anon$$obj.o
    0x20004770   0x0000000c   Ven    RO         1618    Veneer$$Code        anon$$obj.o
    0x2000477c   0x0000000c   Ven    RO         1619    Veneer$$Code        anon$$obj.o
    0x20004788   0x0000000c   Ven    RO         1620    Veneer$$Code        anon$$obj.o
    0x20004794   0x0000000c   Ven    RO         1621    Veneer$$Code        anon$$obj.o
    0x200047a0   0x0000000c   Ven    RO         1622    Veneer$$Code        anon$$obj.o
    0x200047ac   0x0000000c   Ven    RO         1623    Veneer$$Code        anon$$obj.o
    0x200047b8   0x0000000c   Ven    RO         1624    Veneer$$Code        anon$$obj.o
    0x200047c4   0x0000000c   Ven    RO         1625    Veneer$$Code        anon$$obj.o
    0x200047d0   0x0000000c   Ven    RO         1626    Veneer$$Code        anon$$obj.o
    0x200047dc   0x0000000c   Ven    RO         1627    Veneer$$Code        anon$$obj.o
    0x200047e8   0x0000000c   Ven    RO         1628    Veneer$$Code        anon$$obj.o
    0x200047f4   0x0000000c   Ven    RO         1629    Veneer$$Code        anon$$obj.o
    0x20004800   0x0000000c   Ven    RO         1630    Veneer$$Code        anon$$obj.o
    0x2000480c   0x0000000c   Ven    RO         1631    Veneer$$Code        anon$$obj.o
    0x20004818   0x0000000c   Ven    RO         1632    Veneer$$Code        anon$$obj.o
    0x20004824   0x0000000c   Ven    RO         1633    Veneer$$Code        anon$$obj.o
    0x20004830   0x0000000c   Ven    RO         1634    Veneer$$Code        anon$$obj.o
    0x2000483c   0x0000000c   Ven    RO         1635    Veneer$$Code        anon$$obj.o
    0x20004848   0x0000000c   Ven    RO         1636    Veneer$$Code        anon$$obj.o
    0x20004854   0x0000000c   Ven    RO         1637    Veneer$$Code        anon$$obj.o
    0x20004860   0x0000000c   Ven    RO         1638    Veneer$$Code        anon$$obj.o
    0x2000486c   0x0000000c   Ven    RO         1639    Veneer$$Code        anon$$obj.o
    0x20004878   0x0000000c   Ven    RO         1640    Veneer$$Code        anon$$obj.o
    0x20004884   0x0000000c   Ven    RO         1641    Veneer$$Code        anon$$obj.o
    0x20004890   0x0000000c   Ven    RO         1642    Veneer$$Code        anon$$obj.o
    0x2000489c   0x0000000c   Ven    RO         1643    Veneer$$Code        anon$$obj.o
    0x200048a8   0x0000000c   Ven    RO         1644    Veneer$$Code        anon$$obj.o
    0x200048b4   0x0000000c   Ven    RO         1645    Veneer$$Code        anon$$obj.o
    0x200048c0   0x0000000c   Ven    RO         1646    Veneer$$Code        anon$$obj.o
    0x200048cc   0x0000000c   Ven    RO         1647    Veneer$$Code        anon$$obj.o
    0x200048d8   0x0000000c   Ven    RO         1648    Veneer$$Code        anon$$obj.o
    0x200048e4   0x0000000c   Ven    RO         1649    Veneer$$Code        anon$$obj.o
    0x200048f0   0x0000000c   Ven    RO         1650    Veneer$$Code        anon$$obj.o
    0x200048fc   0x0000000c   Ven    RO         1651    Veneer$$Code        anon$$obj.o
    0x20004908   0x0000000c   Ven    RO         1652    Veneer$$Code        anon$$obj.o
    0x20004914   0x0000000c   Ven    RO         1653    Veneer$$Code        anon$$obj.o
    0x20004920   0x0000000c   Ven    RO         1654    Veneer$$Code        anon$$obj.o
    0x2000492c   0x0000000c   Ven    RO         1655    Veneer$$Code        anon$$obj.o
    0x20004938   0x0000000c   Ven    RO         1656    Veneer$$Code        anon$$obj.o
    0x20004944   0x0000000c   Ven    RO         1657    Veneer$$Code        anon$$obj.o
    0x20004950   0x0000000c   Ven    RO         1658    Veneer$$Code        anon$$obj.o
    0x2000495c   0x0000000c   Ven    RO         1659    Veneer$$Code        anon$$obj.o
    0x20004968   0x0000000c   Ven    RO         1660    Veneer$$Code        anon$$obj.o
    0x20004974   0x0000000c   Ven    RO         1661    Veneer$$Code        anon$$obj.o
    0x20004980   0x0000000c   Ven    RO         1662    Veneer$$Code        anon$$obj.o
    0x2000498c   0x0000000c   Ven    RO         1663    Veneer$$Code        anon$$obj.o
    0x20004998   0x0000000c   Ven    RO         1664    Veneer$$Code        anon$$obj.o
    0x200049a4   0x0000000c   Ven    RO         1665    Veneer$$Code        anon$$obj.o
    0x200049b0   0x0000000c   Ven    RO         1666    Veneer$$Code        anon$$obj.o
    0x200049bc   0x0000000c   Ven    RO         1667    Veneer$$Code        anon$$obj.o
    0x200049c8   0x0000000c   Ven    RO         1668    Veneer$$Code        anon$$obj.o
    0x200049d4   0x0000000c   Ven    RO         1669    Veneer$$Code        anon$$obj.o
    0x200049e0   0x0000000c   Ven    RO         1670    Veneer$$Code        anon$$obj.o
    0x200049ec   0x0000000c   Ven    RO         1671    Veneer$$Code        anon$$obj.o
    0x200049f8   0x0000000c   Ven    RO         1672    Veneer$$Code        anon$$obj.o
    0x20004a04   0x0000000c   Ven    RO         1673    Veneer$$Code        anon$$obj.o
    0x20004a10   0x0000000c   Ven    RO         1674    Veneer$$Code        anon$$obj.o
    0x20004a1c   0x0000000c   Ven    RO         1675    Veneer$$Code        anon$$obj.o
    0x20004a28   0x0000000c   Ven    RO         1676    Veneer$$Code        anon$$obj.o
    0x20004a34   0x0000000c   Ven    RO         1677    Veneer$$Code        anon$$obj.o
    0x20004a40   0x0000000c   Ven    RO         1678    Veneer$$Code        anon$$obj.o
    0x20004a4c   0x0000000c   Ven    RO         1679    Veneer$$Code        anon$$obj.o
    0x20004a58   0x0000000c   Ven    RO         1680    Veneer$$Code        anon$$obj.o
    0x20004a64   0x0000000c   Ven    RO         1681    Veneer$$Code        anon$$obj.o
    0x20004a70   0x0000000c   Ven    RO         1682    Veneer$$Code        anon$$obj.o
    0x20004a7c   0x0000000c   Ven    RO         1683    Veneer$$Code        anon$$obj.o
    0x20004a88   0x0000000c   Ven    RO         1684    Veneer$$Code        anon$$obj.o
    0x20004a94   0x0000000c   Ven    RO         1685    Veneer$$Code        anon$$obj.o
    0x20004aa0   0x0000000c   Ven    RO         1686    Veneer$$Code        anon$$obj.o
    0x20004aac   0x0000000c   Ven    RO         1687    Veneer$$Code        anon$$obj.o
    0x20004ab8   0x0000000c   Ven    RO         1688    Veneer$$Code        anon$$obj.o
    0x20004ac4   0x0000000c   Ven    RO         1689    Veneer$$Code        anon$$obj.o
    0x20004ad0   0x0000000c   Ven    RO         1690    Veneer$$Code        anon$$obj.o
    0x20004adc   0x0000000c   Ven    RO         1691    Veneer$$Code        anon$$obj.o
    0x20004ae8   0x0000000c   Ven    RO         1692    Veneer$$Code        anon$$obj.o
    0x20004af4   0x0000000c   Ven    RO         1693    Veneer$$Code        anon$$obj.o
    0x20004b00   0x0000000c   Ven    RO         1694    Veneer$$Code        anon$$obj.o
    0x20004b0c   0x0000000c   Ven    RO         1695    Veneer$$Code        anon$$obj.o
    0x20004b18   0x0000000c   Ven    RO         1696    Veneer$$Code        anon$$obj.o
    0x20004b24   0x0000000c   Ven    RO         1697    Veneer$$Code        anon$$obj.o
    0x20004b30   0x0000000c   Ven    RO         1698    Veneer$$Code        anon$$obj.o
    0x20004b3c   0x0000000c   Ven    RO         1699    Veneer$$Code        anon$$obj.o
    0x20004b48   0x0000000c   Ven    RO         1700    Veneer$$Code        anon$$obj.o
    0x20004b54   0x0000000e   Code   RO         1586    i.__scatterload_copy  mc_p.l(handlers.o)
    0x20004b62   0x00000002   Code   RO         1587    i.__scatterload_null  mc_p.l(handlers.o)
    0x20004b64   0x0000000e   Code   RO         1588    i.__scatterload_zeroinit  mc_p.l(handlers.o)
    0x20004b72   0x00000002   PAD
    0x20004b74   0x00000014   Code   RO         1511    i.add_packets_tx    app_stream_queue.o
    0x20004b88   0x00000018   Code   RO          937    i.set_tmr_div       pwm.o
    0x20004ba0   0x00000018   Code   RO          931    i.set_tmr_enable    pwm.o
    0x20004bb8   0x0000000c   Code   RO          978    i.timer0_register_callback  pwm.o
    0x20004bc4   0x00000010   Code   RO          943    i.timer0_start      pwm.o
    0x20004bd4   0x00000018   Code   RO          984    i.timer2_enable     pwm.o
    0x20004bec   0x00000018   Code   RO          989    i.timer2_set_hw_pause  pwm.o
    0x20004c04   0x0000000c   Code   RO         1010    i.timer2_set_pwm2_duty_cycle  pwm.o
    0x20004c10   0x0000000c   Code   RO          999    i.timer2_set_pwm_frequency  pwm.o
    0x20004c1c   0x00000018   Code   RO          994    i.timer2_set_sw_pause  pwm.o
    0x20004c34   0x0000000a   Code   RO         1004    i.timer2_stop       pwm.o
    0x20004c3e   0x00000002   PAD
    0x20004c40   0x0000000c   Code   RO          884    i.wkupct_register_callback  wkupct_quadec.o
    0x20004c4c   0x00000016   Data   RO          297    .constdata          jump_table.o
    0x20004c62   0x00000002   PAD
    0x20004c64   0x00000020   Data   RO          571    .constdata          arch_patch.o
    0x20004c84   0x00000130   Data   RO          739    .constdata          llc.obj
    0x20004db4   0x00000010   Data   RO          740    .constdata          llc.obj
    0x20004dc4   0x000000b0   Data   RO          741    .constdata          llc.obj
    0x20004e74   0x00000008   Data   RO          742    .constdata          llc.obj
    0x20004e7c   0x00000010   Data   RO          743    .constdata          llc.obj
    0x20004e8c   0x00000002   Data   RO         1065    .constdata          hal_bma250.o
    0x20004e8e   0x00000002   PAD
    0x20004e90   0x00000010   Data   RO         1244    .constdata          streamdatad.o
    0x20004ea0   0x00000002   Data   RO         1279    .constdata          streamdatad_task.o
    0x20004ea2   0x00000005   Data   RO         1280    .constdata          streamdatad_task.o
    0x20004ea7   0x00000005   Data   RO         1281    .constdata          streamdatad_task.o
    0x20004eac   0x00000005   Data   RO         1282    .constdata          streamdatad_task.o
    0x20004eb1   0x00000005   Data   RO         1283    .constdata          streamdatad_task.o
    0x20004eb6   0x00000005   Data   RO         1284    .constdata          streamdatad_task.o
    0x20004ebb   0x00000005   Data   RO         1285    .constdata          streamdatad_task.o
    0x20004ec0   0x00000005   Data   RO         1286    .constdata          streamdatad_task.o
    0x20004ec5   0x00000005   Data   RO         1287    .constdata          streamdatad_task.o
    0x20004eca   0x00000005   Data   RO         1288    .constdata          streamdatad_task.o
    0x20004ecf   0x00000005   Data   RO         1289    .constdata          streamdatad_task.o
    0x20004ed4   0x00000005   Data   RO         1290    .constdata          streamdatad_task.o
    0x20004ed9   0x00000019   Data   RO         1291    .constdata          streamdatad_task.o
    0x20004ef2   0x00000005   Data   RO         1292    .constdata          streamdatad_task.o
    0x20004ef7   0x00000001   PAD
    0x20004ef8   0x0000021c   Data   RO         1293    .constdata          streamdatad_task.o
    0x20005114   0x00000008   Data   RO         1294    .constdata          streamdatad_task.o
    0x2000511c   0x00000008   Data   RO         1295    .constdata          streamdatad_task.o
    0x20005124   0x00000018   Data   RO         1296    .constdata          streamdatad_task.o
    0x2000513c   0x00000018   Data   RO         1297    .constdata          streamdatad_task.o
    0x20005154   0x00000008   Data   RO         1298    .constdata          streamdatad_task.o
    0x2000515c   0x00000010   Data   RO         1353    .constdata          app.o
    0x2000516c   0x00000068   Data   RO         1427    .constdata          app_task.o
    0x200051d4   0x00000008   Data   RO         1428    .constdata          app_task.o
    0x200051dc   0x00000018   Data   RO         1493    .constdata          app_stream_queue.o
    0x200051f4   0x00000030   Data   RO         1584    Region$$Table       anon$$obj.o
    0x20005224   0x00000004   Data   RW          511    .data               arch_system.o
    0x20005228   0x0000000c   Data   RW         1495    .data               app_stream_queue.o


    Execution Region RW_IRAM50 (Base: 0x20008000, Size: 0x000001e4, Max: 0x00000bf4, ABSOLUTE)

    Base Addr    Size         Type   Attr      Idx    E Section Name        Object

    0x20008000   0x00000004   Zero   RW          115    .bss                arch_main.o
    0x20008004   0x00000010   Zero   RW          606    .bss                gpio_config.o
    0x20008014   0x00000008   Zero   RW          681    .bss                led.o
    0x2000801c   0x00000030   Zero   RW          706    .bss                battery_level.o
    0x2000804c   0x00000014   Zero   RW          789    .bss                gpio.o
    0x20008060   0x00000002   Zero   RW          898    .bss                spi.o
    0x20008062   0x00000002   PAD
    0x20008064   0x00000004   Zero   RW          920    .bss                pwm.o
    0x20008068   0x00000008   Zero   RW         1168    .bss                rwble.o
    0x20008070   0x000000dc   Zero   RW         1243    .bss                streamdatad.o
    0x2000814c   0x00000001   Zero   RW         1278    .bss                streamdatad_task.o
    0x2000814d   0x00000003   PAD
    0x20008150   0x00000008   Zero   RW         1376    .bss                app_myproject_proj.o
    0x20008158   0x00000004   Zero   RW         1527    .bss                app_protrolhandle.o
    0x2000815c   0x00000001   Zero   RW          117    retention_mem_area0  arch_main.o
    0x2000815d   0x00000004   Zero   RW          451    retention_mem_area0  arch_sleep.o
    0x20008161   0x00000003   PAD
    0x20008164   0x00000014   Zero   RW          512    retention_mem_area0  arch_system.o
    0x20008178   0x00000004   Zero   RW          744    retention_mem_area0  llc.obj
    0x2000817c   0x00000001   Zero   RW          762    retention_mem_area0  rf_580.o
    0x2000817d   0x00000003   PAD
    0x20008180   0x0000001c   Zero   RW          811    retention_mem_area0  uart2.o
    0x2000819c   0x00000008   Zero   RW          873    retention_mem_area0  wkupct_quadec.o
    0x200081a4   0x00000006   Zero   RW         1122    retention_mem_area0  nvds.o
    0x200081aa   0x00000008   Zero   RW         1169    retention_mem_area0  rwble.o
    0x200081b2   0x0000000c   Zero   RW         1354    retention_mem_area0  app.o
    0x200081be   0x00000024   Zero   RW         1394    retention_mem_area0  app_sec.o
    0x200081e2   0x00000001   Zero   RW         1429    retention_mem_area0  app_task.o


    Execution Region RW_IRAM51 (Base: 0x20008bf4, Size: 0x0000040c, Max: 0x0000040c, ABSOLUTE, UNINIT)

    Base Addr    Size         Type   Attr      Idx    E Section Name        Object

    0x20008bf4   0x0000040c   Zero   RW          300    heap_mem_area_not_ret  jump_table.o


    Execution Region RW_IRAM52 (Base: 0x20009000, Size: 0x00000020, Max: 0x00000020, ABSOLUTE)

    Base Addr    Size         Type   Attr      Idx    E Section Name        Object

    0x20009000   0x00000020   Zero   RW            1    RW_IRAM52.bss       anon$$obj.o


    Execution Region RW_IRAM53 (Base: 0x20009020, Size: 0x000001d0, Max: 0x000001e0, ABSOLUTE)

    Base Addr    Size         Type   Attr      Idx    E Section Name        Object

    0x20009020   0x00000015   Zero   RW         1277    .bss                streamdatad_task.o
    0x20009035   0x00000003   PAD
    0x20009038   0x000001b8   Zero   RW         1492    .bss                app_stream_queue.o


    Execution Region RW_IRAM54 (Base: 0x20009200, Size: 0x00000600, Max: 0x00000600, ABSOLUTE, UNINIT)

    Base Addr    Size         Type   Attr      Idx    E Section Name        Object

    0x20009200   0x00000600   Zero   RW           50    STACK               boot_vectors.o



  Load Region LR_RETENTION_RAM2 (Base: 0x00080768, Size: 0x00000000, Max: 0x00002898, ABSOLUTE)

    Execution Region ZI_RET20 (Base: 0x00080768, Size: 0x00000a8c, Max: 0x000022b8, ABSOLUTE, UNINIT)

    Base Addr    Size         Type   Attr      Idx    E Section Name        Object

    0x00080768   0x0000040c   Zero   RW          298    heap_db_area        jump_table.o
    0x00080b74   0x00000154   Zero   RW          299    heap_env_area       jump_table.o
    0x00080cc8   0x0000052c   Zero   RW          301    heap_msg_area       jump_table.o


    Execution Region ZI_RET21 (Base: 0x00082a20, Size: 0x000005e0, Max: 0x000005e0, ABSOLUTE)

    Base Addr    Size         Type   Attr      Idx    E Section Name        Object

    0x00082a20   0x000005de   Zero   RW          116    BLE_exchange_memory  arch_main.o



  Load Region LR$$.ARM.__AT_0x50000004 (Base: 0x50000004, Size: 0x00000000, Max: 0x00000004, ABSOLUTE)

    Execution Region ER$$.ARM.__AT_0x50000004 (Base: 0x50000004, Size: 0x00000004, Max: 0x00000004, ABSOLUTE, UNINIT)

    Base Addr    Size         Type   Attr      Idx    E Section Name        Object

    0x50000004   0x00000004   Zero   RW          917    .ARM.__AT_0x50000004  pwm.o



  Load Region LR$$.ARM.__AT_0x50003400 (Base: 0x50003400, Size: 0x00000000, Max: 0x00000004, ABSOLUTE)

    Execution Region ER$$.ARM.__AT_0x50003400 (Base: 0x50003400, Size: 0x00000004, Max: 0x00000004, ABSOLUTE, UNINIT)

    Base Addr    Size         Type   Attr      Idx    E Section Name        Object

    0x50003400   0x00000004   Zero   RW          918    .ARM.__AT_0x50003400  pwm.o



  Load Region LR$$.ARM.__AT_0x50003410 (Base: 0x50003410, Size: 0x00000000, Max: 0x00000004, ABSOLUTE)

    Execution Region ER$$.ARM.__AT_0x50003410 (Base: 0x50003410, Size: 0x00000004, Max: 0x00000004, ABSOLUTE, UNINIT)

    Base Addr    Size         Type   Attr      Idx    E Section Name        Object

    0x50003410   0x00000004   Zero   RW          919    .ARM.__AT_0x50003410  pwm.o


==============================================================================

Image component sizes


      Code (inc. data)   RO Data    RW Data    ZI Data      Debug   Object Name

       296         18          0          0          0       2389   adc.o
       324         22         16          0         12       4264   app.o
       700         66          0          0          8       6259   app_myproject_proj.o
       260         28          0          0          4       1670   app_protrolhandle.o
       176         22          0          0         36       3235   app_sec.o
       292         28          0          0          0       2460   app_sec_task.o
       716         36         24         12        440       8131   app_stream_queue.o
        64         10          0          0          0       1422   app_streamdatad.o
        50          0          0          0          0       1874   app_streamdatad_task.o
       316          8        112          0          1       5784   app_task.o
       776         78          0          0       1507     127845   arch_main.o
       224         82         32          0          0      14885   arch_patch.o
       272         20          0          0          4       4608   arch_sleep.o
       816         66          0          4         20      83799   arch_system.o
       236         18          0          0          0         72   atts_task.obj
       108         10          0          0         48       1562   battery_level.o
       976         50          0          0          0       6803   bma250_driver.o
       108         22        160          0       1536        792   boot_vectors.o
       196         12          0          0          0        108   ch_map.obj
         0          0        100          0          0       1248   gapm.o
       384         38          0          0          0        112   gapm_util.obj
      1268         40          0          0         20      13414   gpio.o
       392         40          0          0         16      16645   gpio_config.o
       336          8          2          0          0       2730   hal_bma250.o
        24         10          0          0          0      94323   hardfault_handler.o
         2          0        374          0       3736      37559   jump_table.o
       184         18          0          0          0         96   ke_task.obj
       280         16          0          0          8       3507   led.o
       192         20        520          0          4        200   llc.obj
        56          6          0          0          0       3961   nmi_handler.o
       132         26        164          0          6       2175   nvds.o
        60          4          0          0          0       1586   periph_setup.o
       196          4          0          0          0       6455   prf_utils.o
       342         74          0          0         16      15681   pwm.o
       764        178          0          0          1      65623   rf_580.o
       740         68          0          0         16     105053   rwble.o
       440         50          0          0          0      63940   rwip.o
       236          8          0          0          0        136   smpc.obj
       532          4          0          0          0         84   smpc_task.obj
       328          8          0          0          2       4031   spi.o
       308         14         16          0        220       6518   streamdatad.o
       732         64        699          0         22       7650   streamdatad_task.o
        68          6          0          0          0       1475   syscntl.o
        80         18          0          0          0     100685   system_armcm0.o
       436         32          0          0          0       3239   trng.o
       484         20          0          0         28      25803   uart2.o
       264         28          0          0          8       9229   wkupct_quadec.o

    ----------------------------------------------------------------------
     17480       1834       2272         16       7768     871120   Object Totals
      1308        436         48          0         32          0   (incl. Generated)
         6          0          5          0         17          0   (incl. Padding)

    ----------------------------------------------------------------------

      Code (inc. data)   RO Data    RW Data    ZI Data      Debug   Library Member Name

         0          0          0          0          0          0   entry.o
         0          0          0          0          0          0   entry10a.o
         0          0          0          0          0          0   entry11a.o
         8          4          0          0          0          0   entry2.o
         4          0          0          0          0          0   entry5.o
         0          0          0          0          0          0   entry7b.o
         0          0          0          0          0          0   entry8b.o
         8          4          0          0          0          0   entry9a.o
        30          0          0          0          0          0   handlers.o
        36          8          0          0          0         68   init.o
        20          0          0          0          0         60   uread4.o
        56          0          0          0          0         68   d2f.o
       240          6          0          0          0         84   ddiv.o
        60         10          0          0          0         68   dfixui.o
        40          0          0          0          0         60   f2d.o
       124          0          0          0          0         72   fdiv.o
       130          0          0          0          0        144   fepilogue.o
        40          0          0          0          0         60   ffixui.o
        14          0          0          0          0         68   ffltui.o
       122          0          0          0          0         72   fmul.o
        24          0          0          0          0         60   fscalb.o

    ----------------------------------------------------------------------
       964         32          0          0          0        884   Library Totals
         8          0          0          0          0          0   (incl. Padding)

    ----------------------------------------------------------------------

      Code (inc. data)   RO Data    RW Data    ZI Data      Debug   Library Name

       106         16          0          0          0        128   mc_p.l
       850         16          0          0          0        756   mf_p.l

    ----------------------------------------------------------------------
       964         32          0          0          0        884   Library Totals

    ----------------------------------------------------------------------

==============================================================================


      Code (inc. data)   RO Data    RW Data    ZI Data      Debug   

     18444       1866       2272         16       7768     867492   Grand Totals
     18444       1866       2272         16       7768     867492   ELF Image Totals
     18444       1866       2272         16          0          0   ROM Totals

==============================================================================

    Total RO  Size (Code + RO Data)                20716 (  20.23kB)
    Total RW  Size (RW Data + ZI Data)              7784 (   7.60kB)
    Total ROM Size (Code + RO Data + RW Data)      20732 (  20.25kB)

==============================================================================

