<html>
<body>
<pre>
<h1>礦ision Build Log</h1>
<h2>Tool Versions:</h2>
IDE-Version: μVision V5.16a
Copyright (C) 2015 ARM Ltd and ARM Germany GmbH. All rights reserved.
License Information: x j, BMI, LIC=2TTCX-H6H31-EY6VT-RXUYM-B8KH5-G7FTD
 
Tool Versions:
Toolchain:       MDK-ARM Professional  Version: 5.16a
Toolchain Path:  D:\Keil_v5\ARM\ARMCC\Bin
C Compiler:      Armcc.exe V5.06 (build 20)
Assembler:       Armasm.exe V5.06 (build 20)
Linker/Locator:  ArmLink.exe V5.06 (build 20)
Library Manager: ArmAr.exe V5.06 (build 20)
Hex Converter:   FromElf.exe V5.06 (build 20)
CPU DLL:         SARMCM3.DLL V5.16a
Dialog DLL:      DARMCM1.DLL V1.12.0.0
Target DLL:      Segger\JL2CM3.dll V2.99.15.2
Dialog DLL:      TARMCM1.DLL V1.9.0.0
 
<h2>Project:</h2>
D:\BMI-XJ\资料\WT-智能穿戴学习开发套件\DA14580_581_SDK_3.0.8.0原版\DA14580_581_SDK_3.0.8.0\tools\secondary_bootloader\secondary_bootloader.uvproj
Project File Date:  12/08/2015

<h2>Output:</h2>
*** Using Compiler 'V5.06 (build 20)', folder: 'D:\Keil_v5\ARM\ARMCC\Bin'
Rebuild target 'secondary_bootloader'
creating preprocessor file for system_CMSDK.c...
assembling startup_CMSDK_CM0.s...
creating preprocessor file for bootloader.c...
creating preprocessor file for timer.c...
compiling system_CMSDK.c...
compiling bootloader.c...
creating preprocessor file for spi_flash.c...
compiling timer.c...
creating preprocessor file for spi.c...
creating preprocessor file for gpio.c...
compiling spi_flash.c...
compiling spi.c...
compiling gpio.c...
creating preprocessor file for uart.c...
creating preprocessor file for i2c_eeprom.c...
compiling uart.c...
creating preprocessor file for main.c...
compiling i2c_eeprom.c...
creating preprocessor file for uart_booter.c...
compiling main.c...
src\main.c(44): warning: A1581W: Added 2 bytes of padding at address 0xa
creating preprocessor file for spi_commands.c...
creating preprocessor file for crc32.c...
compiling uart_booter.c...
compiling spi_commands.c...
compiling crc32.c...
creating preprocessor file for sw_aes.c...
compiling sw_aes.c...
linking...
Program Size: Code=4296 RO-data=1868 RW-data=36 ZI-data=1016  
FromELF: creating hex file...
".\Out\secondary_bootloader.axf" - 0 Error(s), 1 Warning(s).
Build Time Elapsed:  00:00:10
</pre>
</body>
</html>
